Archive member included because of file (symbol)

c:/freescale/kds_v3/toolchain/bin/../lib/gcc/arm-none-eabi/4.8.4/armv7e-m/fpu\libgcc.a(_arm_addsubdf3.o)
                              ./Sources/acceleration_control.o (__aeabi_dsub)
c:/freescale/kds_v3/toolchain/bin/../lib/gcc/arm-none-eabi/4.8.4/armv7e-m/fpu\libgcc.a(_arm_muldivdf3.o)
                              ./Sources/dac_control.o (__aeabi_dmul)
c:/freescale/kds_v3/toolchain/bin/../lib/gcc/arm-none-eabi/4.8.4/armv7e-m/fpu\libgcc.a(_arm_cmpdf2.o)
                              ./Sources/dac_control.o (__aeabi_dcmplt)
c:/freescale/kds_v3/toolchain/bin/../lib/gcc/arm-none-eabi/4.8.4/armv7e-m/fpu\libgcc.a(_arm_fixdfsi.o)
                              ./Sources/ftm_control.o (__aeabi_d2iz)
c:/freescale/kds_v3/toolchain/bin/../lib/gcc/arm-none-eabi/4.8.4/armv7e-m/fpu\libgcc.a(_arm_truncdfsf2.o)
                              ./Sources/acceleration_control.o (__aeabi_d2f)
c:/freescale/kds_v3/toolchain/bin/../lib/gcc/arm-none-eabi/4.8.4/../../../../arm-none-eabi/lib/armv7e-m/fpu\libg_s.a(lib_a-atoi.o)
                              ./Sources/communication_controller.o (atoi)
c:/freescale/kds_v3/toolchain/bin/../lib/gcc/arm-none-eabi/4.8.4/../../../../arm-none-eabi/lib/armv7e-m/fpu\libg_s.a(lib_a-exit.o)
                              c:/freescale/kds_v3/toolchain/bin/../lib/gcc/arm-none-eabi/4.8.4/../../../../arm-none-eabi/lib/armv7e-m/fpu/crt0.o (exit)
c:/freescale/kds_v3/toolchain/bin/../lib/gcc/arm-none-eabi/4.8.4/../../../../arm-none-eabi/lib/armv7e-m/fpu\libg_s.a(lib_a-impure.o)
                              c:/freescale/kds_v3/toolchain/bin/../lib/gcc/arm-none-eabi/4.8.4/../../../../arm-none-eabi/lib/armv7e-m/fpu\libg_s.a(lib_a-exit.o) (_global_impure_ptr)
c:/freescale/kds_v3/toolchain/bin/../lib/gcc/arm-none-eabi/4.8.4/../../../../arm-none-eabi/lib/armv7e-m/fpu\libg_s.a(lib_a-init.o)
                              c:/freescale/kds_v3/toolchain/bin/../lib/gcc/arm-none-eabi/4.8.4/../../../../arm-none-eabi/lib/armv7e-m/fpu/crt0.o (__libc_init_array)
c:/freescale/kds_v3/toolchain/bin/../lib/gcc/arm-none-eabi/4.8.4/../../../../arm-none-eabi/lib/armv7e-m/fpu\libg_s.a(lib_a-memset.o)
                              c:/freescale/kds_v3/toolchain/bin/../lib/gcc/arm-none-eabi/4.8.4/../../../../arm-none-eabi/lib/armv7e-m/fpu/crt0.o (memset)
c:/freescale/kds_v3/toolchain/bin/../lib/gcc/arm-none-eabi/4.8.4/../../../../arm-none-eabi/lib/armv7e-m/fpu\libg_s.a(lib_a-snprintf.o)
                              ./Sources/communication_controller.o (snprintf)
c:/freescale/kds_v3/toolchain/bin/../lib/gcc/arm-none-eabi/4.8.4/../../../../arm-none-eabi/lib/armv7e-m/fpu\libg_s.a(lib_a-strtol.o)
                              c:/freescale/kds_v3/toolchain/bin/../lib/gcc/arm-none-eabi/4.8.4/../../../../arm-none-eabi/lib/armv7e-m/fpu\libg_s.a(lib_a-atoi.o) (_strtol_r)
c:/freescale/kds_v3/toolchain/bin/../lib/gcc/arm-none-eabi/4.8.4/../../../../arm-none-eabi/lib/armv7e-m/fpu\libg_s.a(lib_a-svfprintf.o)
                              c:/freescale/kds_v3/toolchain/bin/../lib/gcc/arm-none-eabi/4.8.4/../../../../arm-none-eabi/lib/armv7e-m/fpu\libg_s.a(lib_a-snprintf.o) (_svfprintf_r)
c:/freescale/kds_v3/toolchain/bin/../lib/gcc/arm-none-eabi/4.8.4/../../../../arm-none-eabi/lib/armv7e-m/fpu\libg_s.a(lib_a-vfprintf_i.o)
                              c:/freescale/kds_v3/toolchain/bin/../lib/gcc/arm-none-eabi/4.8.4/../../../../arm-none-eabi/lib/armv7e-m/fpu\libg_s.a(lib_a-svfprintf.o) (_printf_i)
c:/freescale/kds_v3/toolchain/bin/../lib/gcc/arm-none-eabi/4.8.4/../../../../arm-none-eabi/lib/armv7e-m/fpu\libg_s.a(lib_a-ctype_.o)
                              c:/freescale/kds_v3/toolchain/bin/../lib/gcc/arm-none-eabi/4.8.4/../../../../arm-none-eabi/lib/armv7e-m/fpu\libg_s.a(lib_a-strtol.o) (__ctype_ptr__)
c:/freescale/kds_v3/toolchain/bin/../lib/gcc/arm-none-eabi/4.8.4/../../../../arm-none-eabi/lib/armv7e-m/fpu\libg_s.a(lib_a-memchr-stub.o)
                              c:/freescale/kds_v3/toolchain/bin/../lib/gcc/arm-none-eabi/4.8.4/../../../../arm-none-eabi/lib/armv7e-m/fpu\libg_s.a(lib_a-svfprintf.o) (memchr)
c:/freescale/kds_v3/toolchain/bin/../lib/gcc/arm-none-eabi/4.8.4/../../../../arm-none-eabi/lib/armv7e-m/fpu\libg_s.a(lib_a-memcpy-stub.o)
                              c:/freescale/kds_v3/toolchain/bin/../lib/gcc/arm-none-eabi/4.8.4/../../../../arm-none-eabi/lib/armv7e-m/fpu\libg_s.a(lib_a-svfprintf.o) (memcpy)
c:/freescale/kds_v3/toolchain/bin/../lib/gcc/arm-none-eabi/4.8.4/../../../../arm-none-eabi/lib/armv7e-m/fpu\libg_s.a(lib_a-memmove.o)
                              c:/freescale/kds_v3/toolchain/bin/../lib/gcc/arm-none-eabi/4.8.4/../../../../arm-none-eabi/lib/armv7e-m/fpu\libg_s.a(lib_a-svfprintf.o) (memmove)
c:/freescale/kds_v3/toolchain/bin/../lib/gcc/arm-none-eabi/4.8.4/../../../../arm-none-eabi/lib/armv7e-m/fpu\libg_s.a(lib_a-nano-freer.o)
[...]
Memory Configuration

Name             Origin             Length             Attributes
m_interrupts     0x00000000         0x00000400         xr
m_flash_config   0x00000400         0x00000010         xr
m_text           0x00000410         0x000ffbf0         xr
m_data           0x1fff0000         0x00010000         rw
m_data_2         0x20000000         0x00030000         rw
*default*        0x00000000         0xffffffff

Linker script and memory map

LOAD c:/freescale/kds_v3/toolchain/bin/../lib/gcc/arm-none-eabi/4.8.4/armv7e-m/fpu/crti.o
LOAD c:/freescale/kds_v3/toolchain/bin/../lib/gcc/arm-none-eabi/4.8.4/armv7e-m/fpu/crtbegin.o
LOAD c:/freescale/kds_v3/toolchain/bin/../lib/gcc/arm-none-eabi/4.8.4/../../../../arm-none-eabi/lib/armv7e-m/fpu/crt0.o
LOAD ./Sources/acceleration_control.o
LOAD ./Sources/communication_controller.o
LOAD ./Sources/dac_control.o
LOAD ./Sources/ftm_control.o
LOAD ./Sources/gpio_control.o
LOAD ./Sources/main.o
LOAD ./Sources/uart_control.o
LOAD ./Project_Settings/Startup_Code/startup.o
LOAD ./Project_Settings/Startup_Code/startup_MK64F12.o
LOAD ./Project_Settings/Startup_Code/system_MK64F12.o
LOAD c:/freescale/kds_v3/toolchain/bin/../lib/gcc/arm-none-eabi/4.8.4/../../../../arm-none-eabi/lib/armv7e-m/fpu\libstdc++_s.a
LOAD c:/freescale/kds_v3/toolchain/bin/../lib/gcc/arm-none-eabi/4.8.4/../../../../arm-none-eabi/lib/armv7e-m/fpu\libm.a
START GROUP
LOAD c:/freescale/kds_v3/toolchain/bin/../lib/gcc/arm-none-eabi/4.8.4/armv7e-m/fpu\libgcc.a
LOAD c:/freescale/kds_v3/toolchain/bin/../lib/gcc/arm-none-eabi/4.8.4/../../../../arm-none-eabi/lib/armv7e-m/fpu\libg_s.a
LOAD c:/freescale/kds_v3/toolchain/bin/../lib/gcc/arm-none-eabi/4.8.4/../../../../arm-none-eabi/lib/armv7e-m/fpu\libc_s.a
END GROUP
START GROUP
LOAD c:/freescale/kds_v3/toolchain/bin/../lib/gcc/arm-none-eabi/4.8.4/armv7e-m/fpu\libgcc.a
LOAD c:/freescale/kds_v3/toolchain/bin/../lib/gcc/arm-none-eabi/4.8.4/../../../../arm-none-eabi/lib/armv7e-m/fpu\libc_s.a
LOAD c:/freescale/kds_v3/toolchain/bin/../lib/gcc/arm-none-eabi/4.8.4/../../../../arm-none-eabi/lib/armv7e-m/fpu\libnosys.a
END GROUP
START GROUP
LOAD c:/freescale/kds_v3/toolchain/bin/../lib/gcc/arm-none-eabi/4.8.4/armv7e-m/fpu\libgcc.a
LOAD c:/freescale/kds_v3/toolchain/bin/../lib/gcc/arm-none-eabi/4.8.4/../../../../arm-none-eabi/lib/armv7e-m/fpu\libc_s.a
LOAD c:/freescale/kds_v3/toolchain/bin/../lib/gcc/arm-none-eabi/4.8.4/../../../../arm-none-eabi/lib/armv7e-m/fpu\libnosys.a
END GROUP
LOAD c:/freescale/kds_v3/toolchain/bin/../lib/gcc/arm-none-eabi/4.8.4/armv7e-m/fpu/crtend.o
LOAD c:/freescale/kds_v3/toolchain/bin/../lib/gcc/arm-none-eabi/4.8.4/armv7e-m/fpu/crtn.o
                0x00001000                HEAP_SIZE = DEFINED (__heap_size__)?__heap_size__:0x1000
                0x00000400                STACK_SIZE = DEFINED (__stack_size__)?__stack_size__:0x400
                0x00000000                M_VECTOR_RAM_SIZE = DEFINED (__ram_vector_table__)?0x400:0x0

.interrupts     0x00000000      0x400
                0x00000000                __VECTOR_TABLE = .
                0x00000000                . = ALIGN (0x4)
 *(.isr_vector)
 .isr_vector    0x00000000      0x400 ./Project_Settings/Startup_Code/startup_MK64F12.o
                0x00000000                __isr_vector
                0x00000400                . = ALIGN (0x4)

.flash_config   0x00000400       0x10
                0x00000400                . = ALIGN (0x4)
 *(.FlashConfig)
 .FlashConfig   0x00000400       0x10 ./Project_Settings/Startup_Code/startup_MK64F12.o
                0x00000410                . = ALIGN (0x4)

.text           0x00000410     0x2af0
                0x00000410                . = ALIGN (0x4)
 *(.text)
 .text          0x00000410       0x54 c:/freescale/kds_v3/toolchain/bin/../lib/gcc/arm-none-eabi/4.8.4/armv7e-m/fpu/crtbegin.o
 .text          0x00000464       0x74 c:/freescale/kds_v3/toolchain/bin/../lib/gcc/arm-none-eabi/4.8.4/../../../../arm-none-eabi/lib/armv7e-m/fpu/crt0.o
                0x00000464                _start
                0x00000464                _mainCRTStartup
 .text          0x000004d8       0x14 ./Project_Settings/Startup_Code/startup_MK64F12.o
                0x000004d8                Reset_Handler
                0x000004e8                DebugMon_Handler
                0x000004e8                I2C0_IRQHandler
                0x000004e8                HardFault_Handler
                0x000004e8                SysTick_Handler
                0x000004e8                UART3_RX_TX_IRQHandler
                0x000004e8                PendSV_Handler
                0x000004e8                NMI_Handler
                0x000004e8                UART0_RX_TX_IRQHandler
                0x000004e8                I2C1_IRQHandler
                0x000004e8                DMA2_IRQHandler
                0x000004e8                ENET_Error_IRQHandler
                0x000004e8                CAN0_Tx_Warning_IRQHandler
                0x000004e8                PIT0_IRQHandler
                0x000004e8                CAN0_ORed_Message_buffer_IRQHandler
                0x000004e8                CMP2_IRQHandler
                0x000004e8                LLWU_IRQHandler
                0x000004e8                ENET_Receive_IRQHandler
                0x000004e8                ENET_1588_Timer_IRQHandler
                0x000004e8                UART2_RX_TX_IRQHandler
                0x000004e8                SWI_IRQHandler
                0x000004e8                ADC0_IRQHandler
                0x000004e8                UsageFault_Handler
                0x000004e8                I2S0_Tx_IRQHandler
                0x000004e8                CMT_IRQHandler
                0x000004e8                UART4_RX_TX_IRQHandler
                0x000004e8                SPI1_IRQHandler
                0x000004e8                DefaultISR
                0x000004e8                DMA9_IRQHandler
                0x000004e8                DMA14_IRQHandler
                0x000004e8                CMP1_IRQHandler
                0x000004e8                Reserved71_IRQHandler
                0x000004e8                PORTD_IRQHandler
                0x000004e8                PORTB_IRQHandler
                0x000004e8                UART4_ERR_IRQHandler
                0x000004e8                ADC1_IRQHandler
                0x000004e8                I2C2_IRQHandler
                0x000004e8                PIT2_IRQHandler
                0x000004e8                I2S0_Rx_IRQHandler
                0x000004e8                DMA5_IRQHandler
                0x000004e8                RTC_IRQHandler
                0x000004e8                PDB0_IRQHandler
                0x000004e8                CAN0_Rx_Warning_IRQHandler
                0x000004e8                UART5_RX_TX_IRQHandler
                0x000004e8                UART3_ERR_IRQHandler
                0x000004e8                PIT3_IRQHandler
                0x000004e8                SDHC_IRQHandler
                0x000004e8                RTC_Seconds_IRQHandler
                0x000004e8                MCG_IRQHandler
                0x000004e8                FTFE_IRQHandler
                0x000004e8                UART2_ERR_IRQHandler
                0x000004e8                DMA11_IRQHandler
                0x000004e8                UART5_ERR_IRQHandler
                0x000004e8                Read_Collision_IRQHandler
                0x000004e8                DMA7_IRQHandler
                0x000004e8                ENET_Transmit_IRQHandler
                0x000004e8                USBDCD_IRQHandler
                0x000004e8                USB0_IRQHandler
                0x000004e8                SPI2_IRQHandler
                0x000004e8                WDOG_EWM_IRQHandler
                0x000004e8                MemManage_Handler
                0x000004e8                SVC_Handler
                0x000004e8                DMA13_IRQHandler
                0x000004e8                DMA3_IRQHandler
                0x000004e8                UART0_LON_IRQHandler
                0x000004e8                RNG_IRQHandler
                0x000004e8                DMA0_IRQHandler
                0x000004e8                DMA15_IRQHandler
                0x000004e8                DAC0_IRQHandler
                0x000004e8                CAN0_Error_IRQHandler
                0x000004e8                DMA4_IRQHandler
                0x000004e8                PIT1_IRQHandler
                0x000004e8                UART0_ERR_IRQHandler
                0x000004e8                DMA_Error_IRQHandler
                0x000004e8                LVD_LVW_IRQHandler
                0x000004e8                SPI0_IRQHandler
                0x000004e8                FTM0_IRQHandler
                0x000004e8                PORTA_IRQHandler
                0x000004e8                DAC1_IRQHandler
                0x000004e8                MCM_IRQHandler
                0x000004e8                DMA12_IRQHandler
                0x000004e8                CAN0_Bus_Off_IRQHandler
                0x000004e8                FTM3_IRQHandler
                0x000004e8                PORTE_IRQHandler
                0x000004e8                LPTMR0_IRQHandler
                0x000004e8                BusFault_Handler
                0x000004e8                DMA8_IRQHandler
                0x000004e8                DMA10_IRQHandler
                0x000004e8                CAN0_Wake_Up_IRQHandler
                0x000004e8                UART1_ERR_IRQHandler
                0x000004e8                UART1_RX_TX_IRQHandler
                0x000004e8                CMP0_IRQHandler
                0x000004e8                PORTC_IRQHandler
                0x000004e8                DMA6_IRQHandler
                0x000004e8                DMA1_IRQHandler
 .text          0x000004ec      0x370 c:/freescale/kds_v3/toolchain/bin/../lib/gcc/arm-none-eabi/4.8.4/armv7e-m/fpu\libgcc.a(_arm_addsubdf3.o)
                0x000004ec                __aeabi_drsub
                0x000004f4                __aeabi_dsub
                0x000004f4                __subdf3
                0x000004f8                __aeabi_dadd
                0x000004f8                __adddf3
                0x00000770                __floatunsidf
                0x00000770                __aeabi_ui2d
                0x00000790                __floatsidf
                0x00000790                __aeabi_i2d
                0x000007b4                __aeabi_f2d
                0x000007b4                __extendsfdf2
                0x000007f0                __floatundidf
                0x000007f0                __aeabi_ul2d
                0x00000800                __floatdidf
                0x00000800                __aeabi_l2d
 .text          0x0000085c      0x424 c:/freescale/kds_v3/toolchain/bin/../lib/gcc/arm-none-eabi/4.8.4/armv7e-m/fpu\libgcc.a(_arm_muldivdf3.o)
                0x0000085c                __aeabi_dmul
                0x0000085c                __muldf3
                0x00000ab0                __divdf3
                0x00000ab0                __aeabi_ddiv
 .text          0x00000c80      0x110 c:/freescale/kds_v3/toolchain/bin/../lib/gcc/arm-none-eabi/4.8.4/armv7e-m/fpu\libgcc.a(_arm_cmpdf2.o)
                0x00000c80                __gtdf2
                0x00000c80                __gedf2
                0x00000c88                __ltdf2
                0x00000c88                __ledf2
                0x00000c90                __nedf2
                0x00000c90                __eqdf2
                0x00000c90                __cmpdf2
                0x00000d0c                __aeabi_cdrcmple
                0x00000d1c                __aeabi_cdcmpeq
                0x00000d1c                __aeabi_cdcmple
                0x00000d2c                __aeabi_dcmpeq
                0x00000d40                __aeabi_dcmplt
                0x00000d54                __aeabi_dcmple
                0x00000d68                __aeabi_dcmpge
                0x00000d7c                __aeabi_dcmpgt
 .text          0x00000d90       0x50 c:/freescale/kds_v3/toolchain/bin/../lib/gcc/arm-none-eabi/4.8.4/armv7e-m/fpu\libgcc.a(_arm_fixdfsi.o)
                0x00000d90                __aeabi_d2iz
                0x00000d90                __fixdfsi
 .text          0x00000de0       0xa0 c:/freescale/kds_v3/toolchain/bin/../lib/gcc/arm-none-eabi/4.8.4/armv7e-m/fpu\libgcc.a(_arm_truncdfsf2.o)
                0x00000de0                __truncdfsf2
                0x00000de0                __aeabi_d2f
 *(.text*)
 .text.acceleration_init
                0x00000e80      0x13c ./Sources/acceleration_control.o
                0x00000e80                acceleration_init
 *fill*         0x00000fbc        0x4 
 .text.configure_acceleration
                0x00000fc0       0x78 ./Sources/acceleration_control.o
                0x00000fc0                configure_acceleration
 .text.read_acceleration_data
                0x00001038      0x160 ./Sources/acceleration_control.o
                0x00001038                read_acceleration_data
 .text.get_acceleration_data
                0x00001198       0xdc ./Sources/acceleration_control.o
                0x00001198                get_acceleration_data
 .text.get_unity_acceleration
                0x00001274       0xa0 ./Sources/acceleration_control.o
                0x00001274                get_unity_acceleration
 .text.int_acceleration_scale
                0x00001314       0x5c ./Sources/acceleration_control.o
                0x00001314                int_acceleration_scale
 .text.float_acceleration_scale
                0x00001370       0x5c ./Sources/acceleration_control.o
                0x00001370                float_acceleration_scale
 .text.get_game_message
                0x000013cc       0x80 ./Sources/communication_controller.o
                0x000013cc                get_game_message
 .text.send_player_message
                0x0000144c       0x20 ./Sources/communication_controller.o
                0x0000144c                send_player_message
 .text.format_player_message
                0x0000146c       0x3c ./Sources/communication_controller.o
                0x0000146c                format_player_message
 .text.dac_init
                0x000014a8       0x78 ./Sources/dac_control.o
                0x000014a8                dac_init
 .text.set_DAC  0x00001520       0xcc ./Sources/dac_control.o
                0x00001520                set_DAC
 .text.NVIC_EnableIRQ
                0x000015ec       0x30 ./Sources/ftm_control.o
 .text.NVIC_DisableIRQ
                0x0000161c       0x34 ./Sources/ftm_control.o
 .text.FTM1_IRQHandler
                0x00001650       0x4c ./Sources/ftm_control.o
                0x00001650                FTM1_IRQHandler
 .text.FTM2_IRQHandler
                0x0000169c      0x130 ./Sources/ftm_control.o
                0x0000169c                FTM2_IRQHandler
 .text.FTM2_init
                0x000017cc       0xa0 ./Sources/ftm_control.o
                0x000017cc                FTM2_init
 *fill*         0x0000186c        0x4 
 .text.buzz     0x00001870      0x168 ./Sources/ftm_control.o
                0x00001870                buzz
 .text.play_buzzer
                0x000019d8       0x5c ./Sources/ftm_control.o
                0x000019d8                play_buzzer
 *fill*         0x00001a34        0x4 
 .text.reset_lost_life_count
                0x00001a38       0x78 ./Sources/ftm_control.o
                0x00001a38                reset_lost_life_count
 .text.get_lost_life_count
                0x00001ab0       0x18 ./Sources/ftm_control.o
                0x00001ab0                get_lost_life_count
 .text.gpio_init
                0x00001ac8       0x9c ./Sources/gpio_control.o
                0x00001ac8                gpio_init
 .text.read_switch
                0x00001b64       0x48 ./Sources/gpio_control.o
                0x00001b64                read_switch
 .text.set_leds
                0x00001bac       0x9c ./Sources/gpio_control.o
                0x00001bac                set_leds
 .text.set_led_on
                0x00001c48       0x48 ./Sources/gpio_control.o
                0x00001c48                set_led_on
 .text.main     0x00001c90      0x1cc ./Sources/main.o
                0x00001c90                main
 .text.check_power_switch
                0x00001e5c       0x28 ./Sources/main.o
                0x00001e5c                check_power_switch
 .text.process_game_message
                0x00001e84      0x1e4 ./Sources/main.o
                0x00001e84                process_game_message
 .text.fill_player_message
                0x00002068       0x38 ./Sources/main.o
                0x00002068                fill_player_message
 .text.get_char
                0x000020a0       0x40 ./Sources/uart_control.o
                0x000020a0                get_char
 .text.get_line
                0x000020e0       0x9c ./Sources/uart_control.o
                0x000020e0                get_line
 .text.uart_init
                0x0000217c       0x9c ./Sources/uart_control.o
                0x0000217c                uart_init
 .text.out_char
                0x00002218       0x40 ./Sources/uart_control.o
                0x00002218                out_char
 .text.put_string
                0x00002258       0x2c ./Sources/uart_control.o
                0x00002258                put_string
 .text.init_data_bss
                0x00002284       0xcc ./Project_Settings/Startup_Code/startup.o
                0x00002284                init_data_bss
 .text.SystemInit
                0x00002350       0x3c ./Project_Settings/Startup_Code/system_MK64F12.o
                0x00002350                SystemInit
 .text.atoi     0x0000238c        0x8 c:/freescale/kds_v3/toolchain/bin/../lib/gcc/arm-none-eabi/4.8.4/../../../../arm-none-eabi/lib/armv7e-m/fpu\libg_s.a(lib_a-atoi.o)
                0x0000238c                atoi
 .text.exit     0x00002394       0x28 c:/freescale/kds_v3/toolchain/bin/../lib/gcc/arm-none-eabi/4.8.4/../../../../arm-none-eabi/lib/armv7e-m/fpu\libg_s.a(lib_a-exit.o)
                0x00002394                exit
 .text.__libc_init_array
                0x000023bc       0x4c c:/freescale/kds_v3/toolchain/bin/../lib/gcc/arm-none-eabi/4.8.4/../../../../arm-none-eabi/lib/armv7e-m/fpu\libg_s.a(lib_a-init.o)
                0x000023bc                __libc_init_array
 .text.memset   0x00002408       0x10 c:/freescale/kds_v3/toolchain/bin/../lib/gcc/arm-none-eabi/4.8.4/../../../../arm-none-eabi/lib/armv7e-m/fpu\libg_s.a(lib_a-memset.o)
                0x00002408                memset
 .text.snprintf
                0x00002418       0x64 c:/freescale/kds_v3/toolchain/bin/../lib/gcc/arm-none-eabi/4.8.4/../../../../arm-none-eabi/lib/armv7e-m/fpu\libg_s.a(lib_a-snprintf.o)
                0x00002418                sniprintf
                0x00002418                snprintf
 .text._strtol_r
                0x0000247c      0x104 c:/freescale/kds_v3/toolchain/bin/../lib/gcc/arm-none-eabi/4.8.4/../../../../arm-none-eabi/lib/armv7e-m/fpu\libg_s.a(lib_a-strtol.o)
                0x0000247c                _strtol_r
 .text.strtol   0x00002580       0x1c c:/freescale/kds_v3/toolchain/bin/../lib/gcc/arm-none-eabi/4.8.4/../../../../arm-none-eabi/lib/armv7e-m/fpu\libg_s.a(lib_a-strtol.o)
                0x00002580                strtol
 .text.__ssputs_r
                0x0000259c       0xb8 c:/freescale/kds_v3/toolchain/bin/../lib/gcc/arm-none-eabi/4.8.4/../../../../arm-none-eabi/lib/armv7e-m/fpu\libg_s.a(lib_a-svfprintf.o)
                0x0000259c                __ssputs_r
 .text._svfprintf_r
                0x00002654      0x1dc c:/freescale/kds_v3/toolchain/bin/../lib/gcc/arm-none-eabi/4.8.4/../../../../arm-none-eabi/lib/armv7e-m/fpu\libg_s.a(lib_a-svfprintf.o)
                0x00002654                _svfiprintf_r
                0x00002654                _svfprintf_r
 .text._printf_common
                0x00002830       0xe4 c:/freescale/kds_v3/toolchain/bin/../lib/gcc/arm-none-eabi/4.8.4/../../../../arm-none-eabi/lib/armv7e-m/fpu\libg_s.a(lib_a-vfprintf_i.o)
                0x00002830                _printf_common
 .text._printf_i
                0x00002914      0x228 c:/freescale/kds_v3/toolchain/bin/../lib/gcc/arm-none-eabi/4.8.4/../../../../arm-none-eabi/lib/armv7e-m/fpu\libg_s.a(lib_a-vfprintf_i.o)
                0x00002914                _printf_i
 .text.memchr   0x00002b3c       0x1e c:/freescale/kds_v3/toolchain/bin/../lib/gcc/arm-none-eabi/4.8.4/../../../../arm-none-eabi/lib/armv7e-m/fpu\libg_s.a(lib_a-memchr-stub.o)
                0x00002b3c                memchr
 .text.memcpy   0x00002b5a       0x12 c:/freescale/kds_v3/toolchain/bin/../lib/gcc/arm-none-eabi/4.8.4/../../../../arm-none-eabi/lib/armv7e-m/fpu\libg_s.a(lib_a-memcpy-stub.o)
                0x00002b5a                memcpy
 .text.memmove  0x00002b6c       0x36 c:/freescale/kds_v3/toolchain/bin/../lib/gcc/arm-none-eabi/4.8.4/../../../../arm-none-eabi/lib/armv7e-m/fpu\libg_s.a(lib_a-memmove.o)
                0x00002b6c                memmove
 *fill*         0x00002ba2        0x2 
 .text._free_r  0x00002ba4       0x88 c:/freescale/kds_v3/toolchain/bin/../lib/gcc/arm-none-eabi/4.8.4/../../../../arm-none-eabi/lib/armv7e-m/fpu\libg_s.a(lib_a-nano-freer.o)
                0x00002ba4                _free_r
 .text._malloc_r
                0x00002c2c       0xa8 c:/freescale/kds_v3/toolchain/bin/../lib/gcc/arm-none-eabi/4.8.4/../../../../arm-none-eabi/lib/armv7e-m/fpu\libg_s.a(lib_a-nano-mallocr.o)
                0x00002c2c                _malloc_r
 .text._realloc_r
                0x00002cd4       0x4c c:/freescale/kds_v3/toolchain/bin/../lib/gcc/arm-none-eabi/4.8.4/../../../../arm-none-eabi/lib/armv7e-m/fpu\libg_s.a(lib_a-nano-reallocr.o)
                0x00002cd4                _realloc_r
 .text._sbrk_r  0x00002d20       0x20 c:/freescale/kds_v3/toolchain/bin/../lib/gcc/arm-none-eabi/4.8.4/../../../../arm-none-eabi/lib/armv7e-m/fpu\libg_s.a(lib_a-sbrkr.o)
                0x00002d20                _sbrk_r
 .text.strlen   0x00002d40       0x10 c:/freescale/kds_v3/toolchain/bin/../lib/gcc/arm-none-eabi/4.8.4/../../../../arm-none-eabi/lib/armv7e-m/fpu\libg_s.a(lib_a-strlen.o)
                0x00002d40                strlen
 .text._malloc_usable_size_r
                0x00002d50       0x12 c:/freescale/kds_v3/toolchain/bin/../lib/gcc/arm-none-eabi/4.8.4/../../../../arm-none-eabi/lib/armv7e-m/fpu\libg_s.a(lib_a-nano-msizer.o)
                0x00002d50                _malloc_usable_size_r
 *fill*         0x00002d62        0x2 
 .text._sbrk    0x00002d64       0x34 c:/freescale/kds_v3/toolchain/bin/../lib/gcc/arm-none-eabi/4.8.4/../../../../arm-none-eabi/lib/armv7e-m/fpu\libnosys.a(sbrk.o)
                0x00002d64                _sbrk
 .text._exit    0x00002d98        0x4 c:/freescale/kds_v3/toolchain/bin/../lib/gcc/arm-none-eabi/4.8.4/../../../../arm-none-eabi/lib/armv7e-m/fpu\libnosys.a(_exit.o)
                0x00002d98                _exit
 *(.rodata)
 .rodata        0x00002d9c       0x10 ./Sources/communication_controller.o
 *(.rodata*)
 .rodata.str1.1
                0x00002dac        0x2 c:/freescale/kds_v3/toolchain/bin/../lib/gcc/arm-none-eabi/4.8.4/../../../../arm-none-eabi/lib/armv7e-m/fpu\libg_s.a(lib_a-impure.o)
 *fill*         0x00002dae        0x2 
 .rodata._global_impure_ptr
                0x00002db0        0x4 c:/freescale/kds_v3/toolchain/bin/../lib/gcc/arm-none-eabi/4.8.4/../../../../arm-none-eabi/lib/armv7e-m/fpu\libg_s.a(lib_a-impure.o)
                0x00002db0                _global_impure_ptr
 .rodata.str1.1
                0x00002db4       0x11 c:/freescale/kds_v3/toolchain/bin/../lib/gcc/arm-none-eabi/4.8.4/../../../../arm-none-eabi/lib/armv7e-m/fpu\libg_s.a(lib_a-svfprintf.o)
 .rodata.str1.1
                0x00002dc5       0x22 c:/freescale/kds_v3/toolchain/bin/../lib/gcc/arm-none-eabi/4.8.4/../../../../arm-none-eabi/lib/armv7e-m/fpu\libg_s.a(lib_a-vfprintf_i.o)
 .rodata._ctype_
                0x00002de7      0x101 c:/freescale/kds_v3/toolchain/bin/../lib/gcc/arm-none-eabi/4.8.4/../../../../arm-none-eabi/lib/armv7e-m/fpu\libg_s.a(lib_a-ctype_.o)
                0x00002de7                _ctype_
 *(.glue_7)
 .glue_7        0x00000000        0x0 linker stubs
 *(.glue_7t)
 .glue_7t       0x00000000        0x0 linker stubs
 *(.eh_frame)
 .eh_frame      0x00002ee8        0x0 c:/freescale/kds_v3/toolchain/bin/../lib/gcc/arm-none-eabi/4.8.4/armv7e-m/fpu/crtbegin.o
 *(.init)
 .init          0x00002ee8        0x4 c:/freescale/kds_v3/toolchain/bin/../lib/gcc/arm-none-eabi/4.8.4/armv7e-m/fpu/crti.o
                0x00002ee8                _init
 .init          0x00002eec        0x8 c:/freescale/kds_v3/toolchain/bin/../lib/gcc/arm-none-eabi/4.8.4/armv7e-m/fpu/crtn.o
 *(.fini)
 .fini          0x00002ef4        0x4 c:/freescale/kds_v3/toolchain/bin/../lib/gcc/arm-none-eabi/4.8.4/armv7e-m/fpu/crti.o
                0x00002ef4                _fini
 .fini          0x00002ef8        0x8 c:/freescale/kds_v3/toolchain/bin/../lib/gcc/arm-none-eabi/4.8.4/armv7e-m/fpu/crtn.o
                0x00002f00                . = ALIGN (0x4)

.vfp11_veneer   0x00002f00        0x0
 .vfp11_veneer  0x00000000        0x0 linker stubs

.v4_bx          0x00002f00        0x0
 .v4_bx         0x00000000        0x0 linker stubs

.iplt           0x00002f00        0x0
 .iplt          0x00000000        0x0 c:/freescale/kds_v3/toolchain/bin/../lib/gcc/arm-none-eabi/4.8.4/armv7e-m/fpu/crtbegin.o

.ARM.extab
 *(.ARM.extab* .gnu.linkonce.armextab.*)

.ARM            0x00002f00        0x8
                0x00002f00                __exidx_start = .
 *(.ARM.exidx*)
 .ARM.exidx     0x00002f00        0x8 c:/freescale/kds_v3/toolchain/bin/../lib/gcc/arm-none-eabi/4.8.4/../../../../arm-none-eabi/lib/armv7e-m/fpu/crt0.o
                0x00002f08                __exidx_end = .

.rel.dyn        0x00002f08        0x0
 .rel.iplt      0x00000000        0x0 c:/freescale/kds_v3/toolchain/bin/../lib/gcc/arm-none-eabi/4.8.4/armv7e-m/fpu/crtbegin.o

.ctors          0x00002f08        0x0
                0x00002f08                __CTOR_LIST__ = .
 *crtbegin.o(.ctors)
 *crtbegin?.o(.ctors)
 *(EXCLUDE_FILE(*crtend.o *crtend?.o) .ctors)
 *(SORT(.ctors.*))
 *(.ctors)
                0x00002f08                __CTOR_END__ = .

.dtors          0x00002f08        0x0
                0x00002f08                __DTOR_LIST__ = .
 *crtbegin.o(.dtors)
 *crtbegin?.o(.dtors)
 *(EXCLUDE_FILE(*crtend.o *crtend?.o) .dtors)
 *(SORT(.dtors.*))
 *(.dtors)
                0x00002f08                __DTOR_END__ = .

.preinit_array  0x00002f08        0x0
                0x00002f08                PROVIDE (__preinit_array_start, .)
 *(.preinit_array*)
                0x00002f08                PROVIDE (__preinit_array_end, .)

.init_array     0x00002f08        0x4
                0x00002f08                PROVIDE (__init_array_start, .)
 *(SORT(.init_array.*))
 *(.init_array*)
 .init_array    0x00002f08        0x4 c:/freescale/kds_v3/toolchain/bin/../lib/gcc/arm-none-eabi/4.8.4/armv7e-m/fpu/crtbegin.o
                0x00002f0c                PROVIDE (__init_array_end, .)

.fini_array     0x00002f0c        0x4
                0x00002f0c                PROVIDE (__fini_array_start, .)
 *(SORT(.fini_array.*))
 *(.fini_array*)
 .fini_array    0x00002f0c        0x4 c:/freescale/kds_v3/toolchain/bin/../lib/gcc/arm-none-eabi/4.8.4/armv7e-m/fpu/crtbegin.o
                0x00002f10                PROVIDE (__fini_array_end, .)
                0x00002f10                __etext = .
                0x00002f10                __DATA_ROM = .

.interrupts_ram
                0x1fff0000        0x0
                0x1fff0000                . = ALIGN (0x4)
                0x1fff0000                __VECTOR_RAM__ = .
                0x1fff0000                __interrupts_ram_start__ = .
 *(.m_interrupts_ram)
                0x1fff0000                . = (. + M_VECTOR_RAM_SIZE)
                0x1fff0000                . = ALIGN (0x4)
                0x1fff0000                __interrupts_ram_end__ = .
                0x00000000                __VECTOR_RAM = DEFINED (__ram_vector_table__)?__VECTOR_RAM__:ORIGIN (m_interrupts)
                0x00000000                __RAM_VECTOR_TABLE_SIZE_BYTES = DEFINED (__ram_vector_table__)?(__interrupts_ram_end__ - __interrupts_ram_start__):0x0

.data           0x1fff0000      0x114 load address 0x00002f10
                0x1fff0000                . = ALIGN (0x4)
                0x1fff0000                __DATA_RAM = .
                0x1fff0000                __data_start__ = .
 *(.data)
 *(.data*)
 .data.leds     0x1fff0000       0x18 ./Sources/gpio_control.o
                0x1fff0000                leds
 .data.v_init   0x1fff0018       0x30 ./Sources/main.o
                0x1fff0018                v_init
 .data.f_init   0x1fff0048       0x30 ./Sources/main.o
                0x1fff0048                f_init
 .data.t_init   0x1fff0078       0x30 ./Sources/main.o
                0x1fff0078                t_init
 .data.impure_data
                0x1fff00a8       0x60 c:/freescale/kds_v3/toolchain/bin/../lib/gcc/arm-none-eabi/4.8.4/../../../../arm-none-eabi/lib/armv7e-m/fpu\libg_s.a(lib_a-impure.o)
 .data._impure_ptr
                0x1fff0108        0x4 c:/freescale/kds_v3/toolchain/bin/../lib/gcc/arm-none-eabi/4.8.4/../../../../arm-none-eabi/lib/armv7e-m/fpu\libg_s.a(lib_a-impure.o)
                0x1fff0108                _impure_ptr
 .data.__ctype_ptr__
                0x1fff010c        0x4 c:/freescale/kds_v3/toolchain/bin/../lib/gcc/arm-none-eabi/4.8.4/../../../../arm-none-eabi/lib/armv7e-m/fpu\libg_s.a(lib_a-ctype_.o)
                0x1fff010c                __ctype_ptr__
 *(.jcr*)
 .jcr           0x1fff0110        0x0 c:/freescale/kds_v3/toolchain/bin/../lib/gcc/arm-none-eabi/4.8.4/armv7e-m/fpu/crtbegin.o
 .jcr           0x1fff0110        0x4 c:/freescale/kds_v3/toolchain/bin/../lib/gcc/arm-none-eabi/4.8.4/armv7e-m/fpu/crtend.o
                0x1fff0114                . = ALIGN (0x4)
                0x1fff0114                __data_end__ = .
                0x00003024                __DATA_END = (__DATA_ROM + (__data_end__ - __data_start__))
                0x00100000                text_end = (ORIGIN (m_text) + 0xffbf0)
                0x00000001                ASSERT ((__DATA_END <= text_end), region m_text overflowed with text and data)

.igot.plt       0x1fff0114        0x0 load address 0x00003024
 .igot.plt      0x00000000        0x0 c:/freescale/kds_v3/toolchain/bin/../lib/gcc/arm-none-eabi/4.8.4/armv7e-m/fpu/crtbegin.o

.bss            0x1fff0114      0x1ac load address 0x00003024
                0x1fff0114                . = ALIGN (0x4)
                0x1fff0114                __START_BSS = .
                0x1fff0114                __bss_start__ = .
 *(.bss)
 .bss           0x1fff0114       0x1c c:/freescale/kds_v3/toolchain/bin/../lib/gcc/arm-none-eabi/4.8.4/armv7e-m/fpu/crtbegin.o
 *(.bss*)
 .bss.acceleration_readings
                0x1fff0130        0x4 ./Sources/acceleration_control.o
                0x1fff0130                acceleration_readings
 .bss.in        0x1fff0134       0x34 ./Sources/communication_controller.o
                0x1fff0134                in
 .bss.out       0x1fff0168       0x34 ./Sources/communication_controller.o
                0x1fff0168                out
 .bss.lost_life_count
                0x1fff019c        0x4 ./Sources/ftm_control.o
                0x1fff019c                lost_life_count
 .bss.delay_count
                0x1fff01a0        0x4 ./Sources/ftm_control.o
                0x1fff01a0                delay_count
 .bss.buzzer_overflows
                0x1fff01a4        0x4 ./Sources/ftm_control.o
                0x1fff01a4                buzzer_overflows
 .bss.high_voltage
                0x1fff01a8        0x4 ./Sources/ftm_control.o
                0x1fff01a8                high_voltage
 .bss.power_on  0x1fff01ac        0x1 ./Sources/main.o
                0x1fff01ac                power_on
 .bss.connected
                0x1fff01ad        0x1 ./Sources/main.o
                0x1fff01ad                connected
 .bss.configured
                0x1fff01ae        0x1 ./Sources/main.o
                0x1fff01ae                configured
 .bss.game_started
                0x1fff01af        0x1 ./Sources/main.o
                0x1fff01af                game_started
 .bss.__malloc_sbrk_start
                0x1fff01b0        0x4 c:/freescale/kds_v3/toolchain/bin/../lib/gcc/arm-none-eabi/4.8.4/../../../../arm-none-eabi/lib/armv7e-m/fpu\libg_s.a(lib_a-nano-mallocr.o)
                0x1fff01b0                __malloc_sbrk_start
 .bss.__malloc_free_list
                0x1fff01b4        0x4 c:/freescale/kds_v3/toolchain/bin/../lib/gcc/arm-none-eabi/4.8.4/../../../../arm-none-eabi/lib/armv7e-m/fpu\libg_s.a(lib_a-nano-mallocr.o)
                0x1fff01b4                __malloc_free_list
 .bss.heap_end.4246
                0x1fff01b8        0x4 c:/freescale/kds_v3/toolchain/bin/../lib/gcc/arm-none-eabi/4.8.4/../../../../arm-none-eabi/lib/armv7e-m/fpu\libnosys.a(sbrk.o)
 *(COMMON)
 COMMON         0x1fff01bc       0x54 ./Sources/acceleration_control.o
                0x1fff01bc                average_acceleration
                0x1fff01c8                zero_acceleration
                0x1fff01d4                acceleration_data
 COMMON         0x1fff0210        0xc ./Sources/ftm_control.o
                0x1fff0210                frequency
                0x1fff0214                voltage
                0x1fff0218                duration
 COMMON         0x1fff021c       0xa0 ./Sources/main.o
                0x1fff021c                t
                0x1fff024c                f
                0x1fff027c                player
                0x1fff028c                v
 COMMON         0x1fff02bc        0x4 c:/freescale/kds_v3/toolchain/bin/../lib/gcc/arm-none-eabi/4.8.4/../../../../arm-none-eabi/lib/armv7e-m/fpu\libg_s.a(lib_a-reent.o)
                0x1fff02bc                errno
                0x1fff02c0                . = ALIGN (0x4)
                0x1fff02c0                __bss_end__ = .
                0x1fff02c0                __END_BSS = .

.heap           0x20000000     0x1000
                0x20000000                . = ALIGN (0x8)
                0x20000000                __end__ = .
                0x20000000                PROVIDE (end, .)
                0x20000000                __HeapBase = .
                0x20001000                . = (. + HEAP_SIZE)
 *fill*         0x20000000     0x1000 
                0x20001000                __HeapLimit = .

.stack          0x20001000      0x400
                0x20001000                . = ALIGN (0x8)
                0x20001400                . = (. + STACK_SIZE)
 *fill*         0x20001000      0x400 
                0x20030000                __StackTop = (ORIGIN (m_data_2) + 0x30000)
                0x2002fc00                __StackLimit = (__StackTop - STACK_SIZE)
                0x20030000                PROVIDE (__stack, __StackTop)

.ARM.attributes
                0x00000000       0x30
 *(.ARM.attributes)
 .ARM.attributes
                0x00000000       0x22 c:/freescale/kds_v3/toolchain/bin/../lib/gcc/arm-none-eabi/4.8.4/armv7e-m/fpu/crti.o
 .ARM.attributes
                0x00000022       0x34 c:/freescale/kds_v3/toolchain/bin/../lib/gcc/arm-none-eabi/4.8.4/armv7e-m/fpu/crtbegin.o
 .ARM.attributes
                0x00000056       0x20 c:/freescale/kds_v3/toolchain/bin/../lib/gcc/arm-none-eabi/4.8.4/../../../../arm-none-eabi/lib/armv7e-m/fpu/crt0.o
 .ARM.attributes
                0x00000076       0x39 ./Sources/acceleration_control.o
 .ARM.attributes
                0x000000af       0x39 ./Sources/communication_controller.o
 .ARM.attributes
                0x000000e8       0x39 ./Sources/dac_control.o
 .ARM.attributes
                0x00000121       0x39 ./Sources/ftm_control.o
 .ARM.attributes
                0x0000015a       0x39 ./Sources/gpio_control.o
 .ARM.attributes
                0x00000193       0x39 ./Sources/main.o
 .ARM.attributes
                0x000001cc       0x39 ./Sources/uart_control.o
 .ARM.attributes
                0x00000205       0x39 ./Project_Settings/Startup_Code/startup.o
 .ARM.attributes
                0x0000023e       0x1f ./Project_Settings/Startup_Code/startup_MK64F12.o
 .ARM.attributes
                0x0000025d       0x39 ./Project_Settings/Startup_Code/system_MK64F12.o
 .ARM.attributes
                0x00000296       0x22 c:/freescale/kds_v3/toolchain/bin/../lib/gcc/arm-none-eabi/4.8.4/armv7e-m/fpu\libgcc.a(_arm_addsubdf3.o)
 .ARM.attributes
                0x000002b8       0x22 c:/freescale/kds_v3/toolchain/bin/../lib/gcc/arm-none-eabi/4.8.4/armv7e-m/fpu\libgcc.a(_arm_muldivdf3.o)
 .ARM.attributes
                0x000002da       0x22 c:/freescale/kds_v3/toolchain/bin/../lib/gcc/arm-none-eabi/4.8.4/armv7e-m/fpu\libgcc.a(_arm_cmpdf2.o)
 .ARM.attributes
                0x000002fc       0x22 c:/freescale/kds_v3/toolchain/bin/../lib/gcc/arm-none-eabi/4.8.4/armv7e-m/fpu\libgcc.a(_arm_fixdfsi.o)
 .ARM.attributes
                0x0000031e       0x22 c:/freescale/kds_v3/toolchain/bin/../lib/gcc/arm-none-eabi/4.8.4/armv7e-m/fpu\libgcc.a(_arm_truncdfsf2.o)
 .ARM.attributes
                0x00000340       0x34 c:/freescale/kds_v3/toolchain/bin/../lib/gcc/arm-none-eabi/4.8.4/../../../../arm-none-eabi/lib/armv7e-m/fpu\libg_s.a(lib_a-atoi.o)
 .ARM.attributes
                0x00000374       0x34 c:/freescale/kds_v3/toolchain/bin/../lib/gcc/arm-none-eabi/4.8.4/../../../../arm-none-eabi/lib/armv7e-m/fpu\libg_s.a(lib_a-exit.o)
 .ARM.attributes
                0x000003a8       0x34 c:/freescale/kds_v3/toolchain/bin/../lib/gcc/arm-none-eabi/4.8.4/../../../../arm-none-eabi/lib/armv7e-m/fpu\libg_s.a(lib_a-impure.o)
 .ARM.attributes
                0x000003dc       0x34 c:/freescale/kds_v3/toolchain/bin/../lib/gcc/arm-none-eabi/4.8.4/../../../../arm-none-eabi/lib/armv7e-m/fpu\libg_s.a(lib_a-init.o)
 .ARM.attributes
                0x00000410       0x34 c:/freescale/kds_v3/toolchain/bin/../lib/gcc/arm-none-eabi/4.8.4/../../../../arm-none-eabi/lib/armv7e-m/fpu\libg_s.a(lib_a-memset.o)
 .ARM.attributes
                0x00000444       0x34 c:/freescale/kds_v3/toolchain/bin/../lib/gcc/arm-none-eabi/4.8.4/../../../../arm-none-eabi/lib/armv7e-m/fpu\libg_s.a(lib_a-snprintf.o)
 .ARM.attributes
                0x00000478       0x34 c:/freescale/kds_v3/toolchain/bin/../lib/gcc/arm-none-eabi/4.8.4/../../../../arm-none-eabi/lib/armv7e-m/fpu\libg_s.a(lib_a-strtol.o)
 .ARM.attributes
                0x000004ac       0x34 c:/freescale/kds_v3/toolchain/bin/../lib/gcc/arm-none-eabi/4.8.4/../../../../arm-none-eabi/lib/armv7e-m/fpu\libg_s.a(lib_a-svfprintf.o)
 .ARM.attributes
                0x000004e0       0x34 c:/freescale/kds_v3/toolchain/bin/../lib/gcc/arm-none-eabi/4.8.4/../../../../arm-none-eabi/lib/armv7e-m/fpu\libg_s.a(lib_a-vfprintf_i.o)
 .ARM.attributes
                0x00000514       0x34 c:/freescale/kds_v3/toolchain/bin/../lib/gcc/arm-none-eabi/4.8.4/../../../../arm-none-eabi/lib/armv7e-m/fpu\libg_s.a(lib_a-ctype_.o)
 .ARM.attributes
                0x00000548       0x34 c:/freescale/kds_v3/toolchain/bin/../lib/gcc/arm-none-eabi/4.8.4/../../../../arm-none-eabi/lib/armv7e-m/fpu\libg_s.a(lib_a-memchr-stub.o)
 .ARM.attributes
                0x0000057c       0x34 c:/freescale/kds_v3/toolchain/bin/../lib/gcc/arm-none-eabi/4.8.4/../../../../arm-none-eabi/lib/armv7e-m/fpu\libg_s.a(lib_a-memcpy-stub.o)
 .ARM.attributes
                0x000005b0       0x34 c:/freescale/kds_v3/toolchain/bin/../lib/gcc/arm-none-eabi/4.8.4/../../../../arm-none-eabi/lib/armv7e-m/fpu\libg_s.a(lib_a-memmove.o)
 .ARM.attributes
                0x000005e4       0x34 c:/freescale/kds_v3/toolchain/bin/../lib/gcc/arm-none-eabi/4.8.4/../../../../arm-none-eabi/lib/armv7e-m/fpu\libg_s.a(lib_a-nano-freer.o)
 .ARM.attributes
                0x00000618       0x34 c:/freescale/kds_v3/toolchain/bin/../lib/gcc/arm-none-eabi/4.8.4/../../../../arm-none-eabi/lib/armv7e-m/fpu\libg_s.a(lib_a-nano-mallocr.o)
 .ARM.attributes
                0x0000064c       0x34 c:/freescale/kds_v3/toolchain/bin/../lib/gcc/arm-none-eabi/4.8.4/../../../../arm-none-eabi/lib/armv7e-m/fpu\libg_s.a(lib_a-nano-reallocr.o)
 .ARM.attributes
                0x00000680       0x34 c:/freescale/kds_v3/toolchain/bin/../lib/gcc/arm-none-eabi/4.8.4/../../../../arm-none-eabi/lib/armv7e-m/fpu\libg_s.a(lib_a-sbrkr.o)
 .ARM.attributes
                0x000006b4       0x34 c:/freescale/kds_v3/toolchain/bin/../lib/gcc/arm-none-eabi/4.8.4/../../../../arm-none-eabi/lib/armv7e-m/fpu\libg_s.a(lib_a-strlen.o)
 .ARM.attributes
                0x000006e8       0x34 c:/freescale/kds_v3/toolchain/bin/../lib/gcc/arm-none-eabi/4.8.4/../../../../arm-none-eabi/lib/armv7e-m/fpu\libg_s.a(lib_a-nano-msizer.o)
 .ARM.attributes
                0x0000071c       0x34 c:/freescale/kds_v3/toolchain/bin/../lib/gcc/arm-none-eabi/4.8.4/../../../../arm-none-eabi/lib/armv7e-m/fpu\libg_s.a(lib_a-reent.o)
 .ARM.attributes
                0x00000750       0x34 c:/freescale/kds_v3/toolchain/bin/../lib/gcc/arm-none-eabi/4.8.4/../../../../arm-none-eabi/lib/armv7e-m/fpu\libnosys.a(sbrk.o)
 .ARM.attributes
                0x00000784       0x34 c:/freescale/kds_v3/toolchain/bin/../lib/gcc/arm-none-eabi/4.8.4/../../../../arm-none-eabi/lib/armv7e-m/fpu\libnosys.a(_exit.o)
 .ARM.attributes
                0x000007b8       0x34 c:/freescale/kds_v3/toolchain/bin/../lib/gcc/arm-none-eabi/4.8.4/armv7e-m/fpu/crtend.o
 .ARM.attributes
                0x000007ec       0x22 c:/freescale/kds_v3/toolchain/bin/../lib/gcc/arm-none-eabi/4.8.4/armv7e-m/fpu/crtn.o
                0x00000001                ASSERT ((__StackLimit >= __HeapLimit), region m_data_2 overflowed with stack and heap)
OUTPUT(project.elf elf32-littlearm)

.debug_info     0x00000000     0x30cb
 .debug_info    0x00000000      0x72f ./Sources/acceleration_control.o
 .debug_info    0x0000072f      0x1e4 ./Sources/communication_controller.o
 .debug_info    0x00000913      0x381 ./Sources/dac_control.o
 .debug_info    0x00000c94      0xb59 ./Sources/ftm_control.o
 .debug_info    0x000017ed      0x4c0 ./Sources/gpio_control.o
 .debug_info    0x00001cad      0x38e ./Sources/main.o
 .debug_info    0x0000203b      0x654 ./Sources/uart_control.o
 .debug_info    0x0000268f      0x3a7 ./Project_Settings/Startup_Code/startup.o
 .debug_info    0x00002a36       0x85 ./Project_Settings/Startup_Code/startup_MK64F12.o
 .debug_info    0x00002abb      0x610 ./Project_Settings/Startup_Code/system_MK64F12.o

.debug_abbrev   0x00000000      0xca3
 .debug_abbrev  0x00000000      0x1b0 ./Sources/acceleration_control.o
 .debug_abbrev  0x000001b0       0xfb ./Sources/communication_controller.o
 .debug_abbrev  0x000002ab      0x127 ./Sources/dac_control.o
 .debug_abbrev  0x000003d2      0x1d7 ./Sources/ftm_control.o
 .debug_abbrev  0x000005a9      0x1b4 ./Sources/gpio_control.o
 .debug_abbrev  0x0000075d      0x165 ./Sources/main.o
 .debug_abbrev  0x000008c2      0x1b9 ./Sources/uart_control.o
 .debug_abbrev  0x00000a7b       0xfa ./Project_Settings/Startup_Code/startup.o
 .debug_abbrev  0x00000b75       0x14 ./Project_Settings/Startup_Code/startup_MK64F12.o
 .debug_abbrev  0x00000b89      0x11a ./Project_Settings/Startup_Code/system_MK64F12.o

.debug_aranges  0x00000000      0x238
 .debug_aranges
                0x00000000       0x50 ./Sources/acceleration_control.o
 .debug_aranges
                0x00000050       0x30 ./Sources/communication_controller.o
 .debug_aranges
                0x00000080       0x30 ./Sources/dac_control.o
 .debug_aranges
                0x000000b0       0x70 ./Sources/ftm_control.o
 .debug_aranges
                0x00000120       0x38 ./Sources/gpio_control.o
 .debug_aranges
                0x00000158       0x38 ./Sources/main.o
 .debug_aranges
                0x00000190       0x40 ./Sources/uart_control.o
 .debug_aranges
                0x000001d0       0x20 ./Project_Settings/Startup_Code/startup.o
 .debug_aranges
                0x000001f0       0x20 ./Project_Settings/Startup_Code/startup_MK64F12.o
 .debug_aranges
                0x00000210       0x28 ./Project_Settings/Startup_Code/system_MK64F12.o

.debug_ranges   0x00000000      0x188
 .debug_ranges  0x00000000       0x40 ./Sources/acceleration_control.o
 .debug_ranges  0x00000040       0x20 ./Sources/communication_controller.o
 .debug_ranges  0x00000060       0x20 ./Sources/dac_control.o
 .debug_ranges  0x00000080       0x60 ./Sources/ftm_control.o
 .debug_ranges  0x000000e0       0x28 ./Sources/gpio_control.o
 .debug_ranges  0x00000108       0x28 ./Sources/main.o
 .debug_ranges  0x00000130       0x30 ./Sources/uart_control.o
 .debug_ranges  0x00000160       0x10 ./Project_Settings/Startup_Code/startup.o
 .debug_ranges  0x00000170       0x18 ./Project_Settings/Startup_Code/system_MK64F12.o

.debug_macro    0x00000000    0x31f11
 .debug_macro   0x00000000      0x1b3 ./Sources/acceleration_control.o
 .debug_macro   0x000001b3      0x85c ./Sources/acceleration_control.o
 .debug_macro   0x00000a0f       0x11 ./Sources/acceleration_control.o
 .debug_macro   0x00000a20       0x16 ./Sources/acceleration_control.o
 .debug_macro   0x00000a36       0x16 ./Sources/acceleration_control.o
 .debug_macro   0x00000a4c       0x44 ./Sources/acceleration_control.o
 .debug_macro   0x00000a90      0x209 ./Sources/acceleration_control.o
 .debug_macro   0x00000c99       0x56 ./Sources/acceleration_control.o
 .debug_macro   0x00000cef       0x3b ./Sources/acceleration_control.o
 .debug_macro   0x00000d2a       0x34 ./Sources/acceleration_control.o
 .debug_macro   0x00000d5e       0x26 ./Sources/acceleration_control.o
 .debug_macro   0x00000d84      0xd1d ./Sources/acceleration_control.o
 .debug_macro   0x00001aa1       0x78 ./Sources/acceleration_control.o
 .debug_macro   0x00001b19    0x1773b ./Sources/acceleration_control.o
 .debug_macro   0x00019254       0x58 ./Sources/acceleration_control.o
 .debug_macro   0x000192ac       0x35 ./Sources/acceleration_control.o
 .debug_macro   0x000192e1       0xa3 ./Sources/acceleration_control.o
 .debug_macro   0x00019384       0x16 ./Sources/acceleration_control.o
 .debug_macro   0x0001939a      0x10e ./Sources/acceleration_control.o
 .debug_macro   0x000194a8       0x7f ./Sources/acceleration_control.o
 .debug_macro   0x00019527       0x52 ./Sources/acceleration_control.o
 .debug_macro   0x00019579       0x16 ./Sources/acceleration_control.o
 .debug_macro   0x0001958f       0x43 ./Sources/acceleration_control.o
 .debug_macro   0x000195d2      0x180 ./Sources/acceleration_control.o
 .debug_macro   0x00019752       0x22 ./Sources/acceleration_control.o
 .debug_macro   0x00019774       0x16 ./Sources/acceleration_control.o
 .debug_macro   0x0001978a    0x16273 ./Sources/acceleration_control.o
 .debug_macro   0x0002f9fd     0x1182 ./Sources/acceleration_control.o
 .debug_macro   0x00030b7f      0x139 ./Sources/communication_controller.o
 .debug_macro   0x00030cb8       0x10 ./Sources/communication_controller.o
 .debug_macro   0x00030cc8       0x16 ./Sources/communication_controller.o
 .debug_macro   0x00030cde       0x97 ./Sources/communication_controller.o
 .debug_macro   0x00030d75       0x10 ./Sources/communication_controller.o
 .debug_macro   0x00030d85       0xef ./Sources/communication_controller.o
 .debug_macro   0x00030e74       0x4a ./Sources/communication_controller.o
 .debug_macro   0x00030ebe       0x10 ./Sources/communication_controller.o
 .debug_macro   0x00030ece       0x22 ./Sources/communication_controller.o
 .debug_macro   0x00030ef0       0xbd ./Sources/communication_controller.o
 .debug_macro   0x00030fad       0x16 ./Sources/communication_controller.o
 .debug_macro   0x00030fc3      0x14a ./Sources/communication_controller.o
 .debug_macro   0x0003110d       0x35 ./Sources/communication_controller.o
 .debug_macro   0x00031142      0x171 ./Sources/dac_control.o
 .debug_macro   0x000312b3      0x1b1 ./Sources/ftm_control.o
 .debug_macro   0x00031464      0x180 ./Sources/gpio_control.o
 .debug_macro   0x000315e4       0x22 ./Sources/gpio_control.o
 .debug_macro   0x00031606      0x161 ./Sources/main.o
 .debug_macro   0x00031767       0x16 ./Sources/main.o
 .debug_macro   0x0003177d       0x28 ./Sources/main.o
 .debug_macro   0x000317a5      0x2a6 ./Sources/main.o
 .debug_macro   0x00031a4b       0x10 ./Sources/main.o
 .debug_macro   0x00031a5b      0x17b ./Sources/uart_control.o
 .debug_macro   0x00031bd6      0x171 ./Project_Settings/Startup_Code/startup.o
 .debug_macro   0x00031d47      0x162 ./Project_Settings/Startup_Code/system_MK64F12.o
 .debug_macro   0x00031ea9       0x68 ./Project_Settings/Startup_Code/system_MK64F12.o

.debug_line     0x00000000     0x21e7
 .debug_line    0x00000000      0x480 ./Sources/acceleration_control.o
 .debug_line    0x00000480      0x282 ./Sources/communication_controller.o
 .debug_line    0x00000702      0x371 ./Sources/dac_control.o
 .debug_line    0x00000a73      0x50c ./Sources/ftm_control.o
 .debug_line    0x00000f7f      0x3b6 ./Sources/gpio_control.o
 .debug_line    0x00001335      0x383 ./Sources/main.o
 .debug_line    0x000016b8      0x3e2 ./Sources/uart_control.o
 .debug_line    0x00001a9a      0x358 ./Project_Settings/Startup_Code/startup.o
 .debug_line    0x00001df2       0x6a ./Project_Settings/Startup_Code/startup_MK64F12.o
 .debug_line    0x00001e5c      0x38b ./Project_Settings/Startup_Code/system_MK64F12.o

.debug_str      0x00000000   0x19f227
 .debug_str     0x00000000   0x19cac2 ./Sources/acceleration_control.o
                             0x19ccd3 (size before relaxing)
 .debug_str     0x0019cac2      0xb6c ./Sources/communication_controller.o
                               0x4814 (size before relaxing)
 .debug_str     0x0019d62e       0x73 ./Sources/dac_control.o
                             0x19ca57 (size before relaxing)
 .debug_str     0x0019d6a1      0x77b ./Sources/ftm_control.o
                             0x19d221 (size before relaxing)
 .debug_str     0x0019de1c       0xd9 ./Sources/gpio_control.o
                             0x19cb0a (size before relaxing)
 .debug_str     0x0019def5      0xfe8 ./Sources/main.o
                               0x57c4 (size before relaxing)
 .debug_str     0x0019eedd      0x101 ./Sources/uart_control.o
                             0x19cb53 (size before relaxing)
 .debug_str     0x0019efde      0x154 ./Project_Settings/Startup_Code/startup.o
                             0x19ca7f (size before relaxing)
 .debug_str     0x0019f132       0xf5 ./Project_Settings/Startup_Code/system_MK64F12.o
                             0x19cb3a (size before relaxing)

.comment        0x00000000       0x70
 .comment       0x00000000       0x70 ./Sources/acceleration_control.o
                                 0x71 (size before relaxing)
 .comment       0x00000000       0x71 ./Sources/communication_controller.o
 .comment       0x00000000       0x71 ./Sources/dac_control.o
 .comment       0x00000000       0x71 ./Sources/ftm_control.o
 .comment       0x00000000       0x71 ./Sources/gpio_control.o
 .comment       0x00000000       0x71 ./Sources/main.o
 .comment       0x00000000       0x71 ./Sources/uart_control.o
 .comment       0x00000000       0x71 ./Project_Settings/Startup_Code/startup.o
 .comment       0x00000000       0x71 ./Project_Settings/Startup_Code/system_MK64F12.o

.debug_frame    0x00000000      0x964
 .debug_frame   0x00000000       0xdc ./Sources/acceleration_control.o
 .debug_frame   0x000000dc       0x74 ./Sources/communication_controller.o
 .debug_frame   0x00000150       0x64 ./Sources/dac_control.o
 .debug_frame   0x000001b4      0x158 ./Sources/ftm_control.o
 .debug_frame   0x0000030c       0x84 ./Sources/gpio_control.o
 .debug_frame   0x00000390       0x94 ./Sources/main.o
 .debug_frame   0x00000424       0xa0 ./Sources/uart_control.o
 .debug_frame   0x000004c4       0x2c ./Project_Settings/Startup_Code/startup.o
 .debug_frame   0x000004f0       0x44 ./Project_Settings/Startup_Code/system_MK64F12.o
 .debug_frame   0x00000534       0x30 c:/freescale/kds_v3/toolchain/bin/../lib/gcc/arm-none-eabi/4.8.4/../../../../arm-none-eabi/lib/armv7e-m/fpu\libg_s.a(lib_a-atoi.o)
 .debug_frame   0x00000564       0x28 c:/freescale/kds_v3/toolchain/bin/../lib/gcc/arm-none-eabi/4.8.4/../../../../arm-none-eabi/lib/armv7e-m/fpu\libg_s.a(lib_a-exit.o)
 .debug_frame   0x0000058c       0x2c c:/freescale/kds_v3/toolchain/bin/../lib/gcc/arm-none-eabi/4.8.4/../../../../arm-none-eabi/lib/armv7e-m/fpu\libg_s.a(lib_a-init.o)
 .debug_frame   0x000005b8       0x20 c:/freescale/kds_v3/toolchain/bin/../lib/gcc/arm-none-eabi/4.8.4/../../../../arm-none-eabi/lib/armv7e-m/fpu\libg_s.a(lib_a-memset.o)
 .debug_frame   0x000005d8       0x58 c:/freescale/kds_v3/toolchain/bin/../lib/gcc/arm-none-eabi/4.8.4/../../../../arm-none-eabi/lib/armv7e-m/fpu\libg_s.a(lib_a-snprintf.o)
 .debug_frame   0x00000630       0x54 c:/freescale/kds_v3/toolchain/bin/../lib/gcc/arm-none-eabi/4.8.4/../../../../arm-none-eabi/lib/armv7e-m/fpu\libg_s.a(lib_a-strtol.o)
 .debug_frame   0x00000684       0x88 c:/freescale/kds_v3/toolchain/bin/../lib/gcc/arm-none-eabi/4.8.4/../../../../arm-none-eabi/lib/armv7e-m/fpu\libg_s.a(lib_a-svfprintf.o)
 .debug_frame   0x0000070c       0x60 c:/freescale/kds_v3/toolchain/bin/../lib/gcc/arm-none-eabi/4.8.4/../../../../arm-none-eabi/lib/armv7e-m/fpu\libg_s.a(lib_a-vfprintf_i.o)
 .debug_frame   0x0000076c       0x28 c:/freescale/kds_v3/toolchain/bin/../lib/gcc/arm-none-eabi/4.8.4/../../../../arm-none-eabi/lib/armv7e-m/fpu\libg_s.a(lib_a-memchr-stub.o)
 .debug_frame   0x00000794       0x28 c:/freescale/kds_v3/toolchain/bin/../lib/gcc/arm-none-eabi/4.8.4/../../../../arm-none-eabi/lib/armv7e-m/fpu\libg_s.a(lib_a-memcpy-stub.o)
 .debug_frame   0x000007bc       0x2c c:/freescale/kds_v3/toolchain/bin/../lib/gcc/arm-none-eabi/4.8.4/../../../../arm-none-eabi/lib/armv7e-m/fpu\libg_s.a(lib_a-memmove.o)
 .debug_frame   0x000007e8       0x2c c:/freescale/kds_v3/toolchain/bin/../lib/gcc/arm-none-eabi/4.8.4/../../../../arm-none-eabi/lib/armv7e-m/fpu\libg_s.a(lib_a-nano-freer.o)
 .debug_frame   0x00000814       0x2c c:/freescale/kds_v3/toolchain/bin/../lib/gcc/arm-none-eabi/4.8.4/../../../../arm-none-eabi/lib/armv7e-m/fpu\libg_s.a(lib_a-nano-mallocr.o)
 .debug_frame   0x00000840       0x30 c:/freescale/kds_v3/toolchain/bin/../lib/gcc/arm-none-eabi/4.8.4/../../../../arm-none-eabi/lib/armv7e-m/fpu\libg_s.a(lib_a-nano-reallocr.o)
 .debug_frame   0x00000870       0x2c c:/freescale/kds_v3/toolchain/bin/../lib/gcc/arm-none-eabi/4.8.4/../../../../arm-none-eabi/lib/armv7e-m/fpu\libg_s.a(lib_a-sbrkr.o)
 .debug_frame   0x0000089c       0x20 c:/freescale/kds_v3/toolchain/bin/../lib/gcc/arm-none-eabi/4.8.4/../../../../arm-none-eabi/lib/armv7e-m/fpu\libg_s.a(lib_a-strlen.o)
 .debug_frame   0x000008bc       0x20 c:/freescale/kds_v3/toolchain/bin/../lib/gcc/arm-none-eabi/4.8.4/../../../../arm-none-eabi/lib/armv7e-m/fpu\libg_s.a(lib_a-nano-msizer.o)
 .debug_frame   0x000008dc       0x48 c:/freescale/kds_v3/toolchain/bin/../lib/gcc/arm-none-eabi/4.8.4/../../../../arm-none-eabi/lib/armv7e-m/fpu\libg_s.a(lib_a-reent.o)
 .debug_frame   0x00000924       0x20 c:/freescale/kds_v3/toolchain/bin/../lib/gcc/arm-none-eabi/4.8.4/../../../../arm-none-eabi/lib/armv7e-m/fpu\libnosys.a(sbrk.o)
 .debug_frame   0x00000944       0x20 c:/freescale/kds_v3/toolchain/bin/../lib/gcc/arm-none-eabi/4.8.4/../../../../arm-none-eabi/lib/armv7e-m/fpu\libnosys.a(_exit.o)
