Archive member included because of file (symbol)

c:/freescale/kds_v3/toolchain/bin/../lib/gcc/arm-none-eabi/4.8.4/../../../../arm-none-eabi/lib/armv7e-m/fpu\libg_s.a(lib_a-exit.o)
                              c:/freescale/kds_v3/toolchain/bin/../lib/gcc/arm-none-eabi/4.8.4/../../../../arm-none-eabi/lib/armv7e-m/fpu/crt0.o (exit)
c:/freescale/kds_v3/toolchain/bin/../lib/gcc/arm-none-eabi/4.8.4/../../../../arm-none-eabi/lib/armv7e-m/fpu\libg_s.a(lib_a-impure.o)
                              c:/freescale/kds_v3/toolchain/bin/../lib/gcc/arm-none-eabi/4.8.4/../../../../arm-none-eabi/lib/armv7e-m/fpu\libg_s.a(lib_a-exit.o) (_global_impure_ptr)
c:/freescale/kds_v3/toolchain/bin/../lib/gcc/arm-none-eabi/4.8.4/../../../../arm-none-eabi/lib/armv7e-m/fpu\libg_s.a(lib_a-init.o)
                              c:/freescale/kds_v3/toolchain/bin/../lib/gcc/arm-none-eabi/4.8.4/../../../../arm-none-eabi/lib/armv7e-m/fpu/crt0.o (__libc_init_array)
c:/freescale/kds_v3/toolchain/bin/../lib/gcc/arm-none-eabi/4.8.4/../../../../arm-none-eabi/lib/armv7e-m/fpu\libg_s.a(lib_a-memset.o)
                              c:/freescale/kds_v3/toolchain/bin/../lib/gcc/arm-none-eabi/4.8.4/../../../../arm-none-eabi/lib/armv7e-m/fpu/crt0.o (memset)
c:/freescale/kds_v3/toolchain/bin/../lib/gcc/arm-none-eabi/4.8.4/../../../../arm-none-eabi/lib/armv7e-m/fpu\libnosys.a(_exit.o)
                              c:/freescale/kds_v3/toolchain/bin/../lib/gcc/arm-none-eabi/4.8.4/../../../../arm-none-eabi/lib/armv7e-m/fpu\libg_s.a(lib_a-exit.o) (_exit)

Allocating common symbols
Common symbol       size              file

player              0x10              ./Sources/main.o

Discarded input sections

 .text          0x00000000        0x0 c:/freescale/kds_v3/toolchain/bin/../lib/gcc/arm-none-eabi/4.8.4/armv7e-m/fpu/crti.o
 .data          0x00000000        0x0 c:/freescale/kds_v3/toolchain/bin/../lib/gcc/arm-none-eabi/4.8.4/armv7e-m/fpu/crti.o
 .bss           0x00000000        0x0 c:/freescale/kds_v3/toolchain/bin/../lib/gcc/arm-none-eabi/4.8.4/armv7e-m/fpu/crti.o
 .data          0x00000000        0x4 c:/freescale/kds_v3/toolchain/bin/../lib/gcc/arm-none-eabi/4.8.4/armv7e-m/fpu/crtbegin.o
 .data          0x00000000        0x0 c:/freescale/kds_v3/toolchain/bin/../lib/gcc/arm-none-eabi/4.8.4/../../../../arm-none-eabi/lib/armv7e-m/fpu/crt0.o
 .bss           0x00000000        0x0 c:/freescale/kds_v3/toolchain/bin/../lib/gcc/arm-none-eabi/4.8.4/../../../../arm-none-eabi/lib/armv7e-m/fpu/crt0.o
 .ARM.extab     0x00000000        0x0 c:/freescale/kds_v3/toolchain/bin/../lib/gcc/arm-none-eabi/4.8.4/../../../../arm-none-eabi/lib/armv7e-m/fpu/crt0.o
 .group         0x00000000        0x8 ./Sources/adc_control.o
 .group         0x00000000        0x8 ./Sources/adc_control.o
 .group         0x00000000        0x8 ./Sources/adc_control.o
 .group         0x00000000        0x8 ./Sources/adc_control.o
 .group         0x00000000        0x8 ./Sources/adc_control.o
 .group         0x00000000        0x8 ./Sources/adc_control.o
 .group         0x00000000        0x8 ./Sources/adc_control.o
 .group         0x00000000        0x8 ./Sources/adc_control.o
 .group         0x00000000        0x8 ./Sources/adc_control.o
 .group         0x00000000        0x8 ./Sources/adc_control.o
 .group         0x00000000        0x8 ./Sources/adc_control.o
 .group         0x00000000        0x8 ./Sources/adc_control.o
 .group         0x00000000        0x8 ./Sources/adc_control.o
 .group         0x00000000        0x8 ./Sources/adc_control.o
 .group         0x00000000        0x8 ./Sources/adc_control.o
 .group         0x00000000        0x8 ./Sources/adc_control.o
 .group         0x00000000        0x8 ./Sources/adc_control.o
 .group         0x00000000        0x8 ./Sources/adc_control.o
 .group         0x00000000        0x8 ./Sources/adc_control.o
 .group         0x00000000        0x8 ./Sources/adc_control.o
 .group         0x00000000        0x8 ./Sources/adc_control.o
 .group         0x00000000        0x8 ./Sources/adc_control.o
 .group         0x00000000        0x8 ./Sources/adc_control.o
 .group         0x00000000        0x8 ./Sources/adc_control.o
 .group         0x00000000        0x8 ./Sources/adc_control.o
 .group         0x00000000        0x8 ./Sources/adc_control.o
 .group         0x00000000        0x8 ./Sources/adc_control.o
 .text          0x00000000        0x0 ./Sources/adc_control.o
 .data          0x00000000        0x0 ./Sources/adc_control.o
 .bss           0x00000000        0x0 ./Sources/adc_control.o
 .text.adc_read
                0x00000000       0x3c ./Sources/adc_control.o
 .group         0x00000000        0x8 ./Sources/communication_controller.o
 .group         0x00000000        0x8 ./Sources/communication_controller.o
 .group         0x00000000        0x8 ./Sources/communication_controller.o
 .group         0x00000000        0x8 ./Sources/communication_controller.o
 .text          0x00000000        0x0 ./Sources/communication_controller.o
 .data          0x00000000        0x0 ./Sources/communication_controller.o
 .bss           0x00000000        0x0 ./Sources/communication_controller.o
 .text.send_player_message
                0x00000000       0x14 ./Sources/communication_controller.o
 .debug_info    0x00000000       0xa8 ./Sources/communication_controller.o
 .debug_abbrev  0x00000000       0x5f ./Sources/communication_controller.o
 .debug_aranges
                0x00000000       0x20 ./Sources/communication_controller.o
 .debug_ranges  0x00000000       0x10 ./Sources/communication_controller.o
 .debug_macro   0x00000000       0x66 ./Sources/communication_controller.o
 .debug_macro   0x00000000      0x856 ./Sources/communication_controller.o
 .debug_macro   0x00000000       0x16 ./Sources/communication_controller.o
 .debug_macro   0x00000000       0x44 ./Sources/communication_controller.o
 .debug_macro   0x00000000      0x209 ./Sources/communication_controller.o
 .debug_line    0x00000000      0x1b5 ./Sources/communication_controller.o
 .debug_str     0x00000000     0x2fb2 ./Sources/communication_controller.o
 .comment       0x00000000       0x71 ./Sources/communication_controller.o
 .ARM.attributes
                0x00000000       0x39 ./Sources/communication_controller.o
 .debug_frame   0x00000000       0x30 ./Sources/communication_controller.o
 .group         0x00000000        0x8 ./Sources/gpio_control.o
 .group         0x00000000        0x8 ./Sources/gpio_control.o
 .group         0x00000000        0x8 ./Sources/gpio_control.o
 .group         0x00000000        0x8 ./Sources/gpio_control.o
 .group         0x00000000        0x8 ./Sources/gpio_control.o
 .group         0x00000000        0x8 ./Sources/gpio_control.o
 .group         0x00000000        0x8 ./Sources/gpio_control.o
 .group         0x00000000        0x8 ./Sources/gpio_control.o
 .group         0x00000000        0x8 ./Sources/gpio_control.o
 .group         0x00000000        0x8 ./Sources/gpio_control.o
 .group         0x00000000        0x8 ./Sources/gpio_control.o
 .group         0x00000000        0x8 ./Sources/gpio_control.o
 .group         0x00000000        0x8 ./Sources/gpio_control.o
 .group         0x00000000        0x8 ./Sources/gpio_control.o
 .group         0x00000000        0x8 ./Sources/gpio_control.o
 .group         0x00000000        0x8 ./Sources/gpio_control.o
 .group         0x00000000        0x8 ./Sources/gpio_control.o
 .group         0x00000000        0x8 ./Sources/gpio_control.o
 .group         0x00000000        0x8 ./Sources/gpio_control.o
 .group         0x00000000        0x8 ./Sources/gpio_control.o
 .group         0x00000000        0x8 ./Sources/gpio_control.o
 .group         0x00000000        0x8 ./Sources/gpio_control.o
 .group         0x00000000        0x8 ./Sources/gpio_control.o
 .group         0x00000000        0x8 ./Sources/gpio_control.o
 .group         0x00000000        0x8 ./Sources/gpio_control.o
 .group         0x00000000        0x8 ./Sources/gpio_control.o
 .group         0x00000000        0x8 ./Sources/gpio_control.o
 .group         0x00000000        0x8 ./Sources/gpio_control.o
 .text          0x00000000        0x0 ./Sources/gpio_control.o
 .data          0x00000000        0x0 ./Sources/gpio_control.o
 .bss           0x00000000        0x0 ./Sources/gpio_control.o
 .debug_macro   0x00000000      0x856 ./Sources/gpio_control.o
 .debug_macro   0x00000000       0x11 ./Sources/gpio_control.o
 .debug_macro   0x00000000       0x16 ./Sources/gpio_control.o
 .debug_macro   0x00000000       0x16 ./Sources/gpio_control.o
 .debug_macro   0x00000000       0x44 ./Sources/gpio_control.o
 .debug_macro   0x00000000      0x209 ./Sources/gpio_control.o
 .debug_macro   0x00000000       0x56 ./Sources/gpio_control.o
 .debug_macro   0x00000000       0x3b ./Sources/gpio_control.o
 .debug_macro   0x00000000       0x34 ./Sources/gpio_control.o
 .debug_macro   0x00000000       0x26 ./Sources/gpio_control.o
 .debug_macro   0x00000000      0xd1d ./Sources/gpio_control.o
 .debug_macro   0x00000000       0x78 ./Sources/gpio_control.o
 .debug_macro   0x00000000    0x1773b ./Sources/gpio_control.o
 .debug_macro   0x00000000       0x58 ./Sources/gpio_control.o
 .debug_macro   0x00000000       0x35 ./Sources/gpio_control.o
 .debug_macro   0x00000000       0xa3 ./Sources/gpio_control.o
 .debug_macro   0x00000000       0x16 ./Sources/gpio_control.o
 .debug_macro   0x00000000      0x10e ./Sources/gpio_control.o
 .debug_macro   0x00000000       0x7f ./Sources/gpio_control.o
 .debug_macro   0x00000000       0x52 ./Sources/gpio_control.o
 .debug_macro   0x00000000       0x16 ./Sources/gpio_control.o
 .debug_macro   0x00000000       0x43 ./Sources/gpio_control.o
 .debug_macro   0x00000000      0x180 ./Sources/gpio_control.o
 .debug_macro   0x00000000       0x22 ./Sources/gpio_control.o
 .debug_macro   0x00000000       0x16 ./Sources/gpio_control.o
 .debug_macro   0x00000000    0x16273 ./Sources/gpio_control.o
 .debug_macro   0x00000000     0x1182 ./Sources/gpio_control.o
 .group         0x00000000        0x8 ./Sources/main.o
 .group         0x00000000        0x8 ./Sources/main.o
 .group         0x00000000        0x8 ./Sources/main.o
 .group         0x00000000        0x8 ./Sources/main.o
 .group         0x00000000        0x8 ./Sources/main.o
 .group         0x00000000        0x8 ./Sources/main.o
 .group         0x00000000        0x8 ./Sources/main.o
 .group         0x00000000        0x8 ./Sources/main.o
 .group         0x00000000        0x8 ./Sources/main.o
 .group         0x00000000        0x8 ./Sources/main.o
 .group         0x00000000        0x8 ./Sources/main.o
 .group         0x00000000        0x8 ./Sources/main.o
 .group         0x00000000        0x8 ./Sources/main.o
 .group         0x00000000        0x8 ./Sources/main.o
 .group         0x00000000        0x8 ./Sources/main.o
 .text          0x00000000        0x0 ./Sources/main.o
 .data          0x00000000        0x0 ./Sources/main.o
 .bss           0x00000000        0x0 ./Sources/main.o
 .data.leds     0x00000000       0x18 ./Sources/main.o
 .text.process_game_message
                0x00000000       0x28 ./Sources/main.o
 .debug_macro   0x00000000      0x856 ./Sources/main.o
 .debug_macro   0x00000000       0x58 ./Sources/main.o
 .debug_macro   0x00000000       0x16 ./Sources/main.o
 .debug_macro   0x00000000       0x35 ./Sources/main.o
 .debug_macro   0x00000000       0xa3 ./Sources/main.o
 .debug_macro   0x00000000       0x16 ./Sources/main.o
 .debug_macro   0x00000000      0x10e ./Sources/main.o
 .debug_macro   0x00000000       0x7f ./Sources/main.o
 .debug_macro   0x00000000       0x52 ./Sources/main.o
 .debug_macro   0x00000000       0x16 ./Sources/main.o
 .debug_macro   0x00000000       0x43 ./Sources/main.o
 .debug_macro   0x00000000      0x180 ./Sources/main.o
 .debug_macro   0x00000000       0x22 ./Sources/main.o
 COMMON         0x00000000       0x10 ./Sources/main.o
 .group         0x00000000        0x8 ./Sources/uart_control.o
 .group         0x00000000        0x8 ./Sources/uart_control.o
 .group         0x00000000        0x8 ./Sources/uart_control.o
 .group         0x00000000        0x8 ./Sources/uart_control.o
 .group         0x00000000        0x8 ./Sources/uart_control.o
 .group         0x00000000        0x8 ./Sources/uart_control.o
 .group         0x00000000        0x8 ./Sources/uart_control.o
 .group         0x00000000        0x8 ./Sources/uart_control.o
 .group         0x00000000        0x8 ./Sources/uart_control.o
 .group         0x00000000        0x8 ./Sources/uart_control.o
 .group         0x00000000        0x8 ./Sources/uart_control.o
 .group         0x00000000        0x8 ./Sources/uart_control.o
 .group         0x00000000        0x8 ./Sources/uart_control.o
 .group         0x00000000        0x8 ./Sources/uart_control.o
 .group         0x00000000        0x8 ./Sources/uart_control.o
 .group         0x00000000        0x8 ./Sources/uart_control.o
 .group         0x00000000        0x8 ./Sources/uart_control.o
 .group         0x00000000        0x8 ./Sources/uart_control.o
 .group         0x00000000        0x8 ./Sources/uart_control.o
 .group         0x00000000        0x8 ./Sources/uart_control.o
 .group         0x00000000        0x8 ./Sources/uart_control.o
 .group         0x00000000        0x8 ./Sources/uart_control.o
 .group         0x00000000        0x8 ./Sources/uart_control.o
 .group         0x00000000        0x8 ./Sources/uart_control.o
 .group         0x00000000        0x8 ./Sources/uart_control.o
 .group         0x00000000        0x8 ./Sources/uart_control.o
 .group         0x00000000        0x8 ./Sources/uart_control.o
 .text          0x00000000        0x0 ./Sources/uart_control.o
 .data          0x00000000        0x0 ./Sources/uart_control.o
 .bss           0x00000000        0x0 ./Sources/uart_control.o
 .debug_macro   0x00000000      0x856 ./Sources/uart_control.o
 .debug_macro   0x00000000       0x11 ./Sources/uart_control.o
 .debug_macro   0x00000000       0x16 ./Sources/uart_control.o
 .debug_macro   0x00000000       0x16 ./Sources/uart_control.o
 .debug_macro   0x00000000       0x44 ./Sources/uart_control.o
 .debug_macro   0x00000000      0x209 ./Sources/uart_control.o
 .debug_macro   0x00000000       0x56 ./Sources/uart_control.o
 .debug_macro   0x00000000       0x3b ./Sources/uart_control.o
 .debug_macro   0x00000000       0x34 ./Sources/uart_control.o
 .debug_macro   0x00000000       0x26 ./Sources/uart_control.o
 .debug_macro   0x00000000      0xd1d ./Sources/uart_control.o
 .debug_macro   0x00000000       0x78 ./Sources/uart_control.o
 .debug_macro   0x00000000    0x1773b ./Sources/uart_control.o
 .debug_macro   0x00000000       0x58 ./Sources/uart_control.o
 .debug_macro   0x00000000       0x35 ./Sources/uart_control.o
 .debug_macro   0x00000000       0xa3 ./Sources/uart_control.o
 .debug_macro   0x00000000       0x16 ./Sources/uart_control.o
 .debug_macro   0x00000000      0x10e ./Sources/uart_control.o
 .debug_macro   0x00000000       0x7f ./Sources/uart_control.o
 .debug_macro   0x00000000       0x52 ./Sources/uart_control.o
 .debug_macro   0x00000000       0x16 ./Sources/uart_control.o
 .debug_macro   0x00000000       0x43 ./Sources/uart_control.o
 .debug_macro   0x00000000      0x180 ./Sources/uart_control.o
 .debug_macro   0x00000000       0x22 ./Sources/uart_control.o
 .debug_macro   0x00000000       0x16 ./Sources/uart_control.o
 .debug_macro   0x00000000    0x16273 ./Sources/uart_control.o
 .debug_macro   0x00000000     0x1182 ./Sources/uart_control.o
 .group         0x00000000        0x8 ./Project_Settings/Startup_Code/startup.o
 .group         0x00000000        0x8 ./Project_Settings/Startup_Code/startup.o
 .group         0x00000000        0x8 ./Project_Settings/Startup_Code/startup.o
 .group         0x00000000        0x8 ./Project_Settings/Startup_Code/startup.o
 .group         0x00000000        0x8 ./Project_Settings/Startup_Code/startup.o
 .group         0x00000000        0x8 ./Project_Settings/Startup_Code/startup.o
 .group         0x00000000        0x8 ./Project_Settings/Startup_Code/startup.o
 .group         0x00000000        0x8 ./Project_Settings/Startup_Code/startup.o
 .group         0x00000000        0x8 ./Project_Settings/Startup_Code/startup.o
 .group         0x00000000        0x8 ./Project_Settings/Startup_Code/startup.o
 .group         0x00000000        0x8 ./Project_Settings/Startup_Code/startup.o
 .group         0x00000000        0x8 ./Project_Settings/Startup_Code/startup.o
 .group         0x00000000        0x8 ./Project_Settings/Startup_Code/startup.o
 .group         0x00000000        0x8 ./Project_Settings/Startup_Code/startup.o
 .group         0x00000000        0x8 ./Project_Settings/Startup_Code/startup.o
 .group         0x00000000        0x8 ./Project_Settings/Startup_Code/startup.o
 .group         0x00000000        0x8 ./Project_Settings/Startup_Code/startup.o
 .group         0x00000000        0x8 ./Project_Settings/Startup_Code/startup.o
 .group         0x00000000        0x8 ./Project_Settings/Startup_Code/startup.o
 .group         0x00000000        0x8 ./Project_Settings/Startup_Code/startup.o
 .group         0x00000000        0x8 ./Project_Settings/Startup_Code/startup.o
 .group         0x00000000        0x8 ./Project_Settings/Startup_Code/startup.o
 .group         0x00000000        0x8 ./Project_Settings/Startup_Code/startup.o
 .group         0x00000000        0x8 ./Project_Settings/Startup_Code/startup.o
 .group         0x00000000        0x8 ./Project_Settings/Startup_Code/startup.o
 .group         0x00000000        0x8 ./Project_Settings/Startup_Code/startup.o
 .group         0x00000000        0x8 ./Project_Settings/Startup_Code/startup.o
 .text          0x00000000        0x0 ./Project_Settings/Startup_Code/startup.o
 .data          0x00000000        0x0 ./Project_Settings/Startup_Code/startup.o
 .bss           0x00000000        0x0 ./Project_Settings/Startup_Code/startup.o
 .debug_macro   0x00000000      0x856 ./Project_Settings/Startup_Code/startup.o
 .debug_macro   0x00000000       0x11 ./Project_Settings/Startup_Code/startup.o
 .debug_macro   0x00000000       0x16 ./Project_Settings/Startup_Code/startup.o
 .debug_macro   0x00000000       0x16 ./Project_Settings/Startup_Code/startup.o
 .debug_macro   0x00000000       0x44 ./Project_Settings/Startup_Code/startup.o
 .debug_macro   0x00000000      0x209 ./Project_Settings/Startup_Code/startup.o
 .debug_macro   0x00000000       0x56 ./Project_Settings/Startup_Code/startup.o
 .debug_macro   0x00000000       0x3b ./Project_Settings/Startup_Code/startup.o
 .debug_macro   0x00000000       0x34 ./Project_Settings/Startup_Code/startup.o
 .debug_macro   0x00000000       0x26 ./Project_Settings/Startup_Code/startup.o
 .debug_macro   0x00000000      0xd1d ./Project_Settings/Startup_Code/startup.o
 .debug_macro   0x00000000       0x78 ./Project_Settings/Startup_Code/startup.o
 .debug_macro   0x00000000    0x1773b ./Project_Settings/Startup_Code/startup.o
 .debug_macro   0x00000000       0x58 ./Project_Settings/Startup_Code/startup.o
 .debug_macro   0x00000000       0x35 ./Project_Settings/Startup_Code/startup.o
 .debug_macro   0x00000000       0xa3 ./Project_Settings/Startup_Code/startup.o
 .debug_macro   0x00000000       0x16 ./Project_Settings/Startup_Code/startup.o
 .debug_macro   0x00000000      0x10e ./Project_Settings/Startup_Code/startup.o
 .debug_macro   0x00000000       0x7f ./Project_Settings/Startup_Code/startup.o
 .debug_macro   0x00000000       0x52 ./Project_Settings/Startup_Code/startup.o
 .debug_macro   0x00000000       0x16 ./Project_Settings/Startup_Code/startup.o
 .debug_macro   0x00000000       0x43 ./Project_Settings/Startup_Code/startup.o
 .debug_macro   0x00000000      0x180 ./Project_Settings/Startup_Code/startup.o
 .debug_macro   0x00000000       0x22 ./Project_Settings/Startup_Code/startup.o
 .debug_macro   0x00000000       0x16 ./Project_Settings/Startup_Code/startup.o
 .debug_macro   0x00000000    0x16273 ./Project_Settings/Startup_Code/startup.o
 .debug_macro   0x00000000     0x1182 ./Project_Settings/Startup_Code/startup.o
 .data          0x00000000        0x0 ./Project_Settings/Startup_Code/startup_MK64F12.o
 .bss           0x00000000        0x0 ./Project_Settings/Startup_Code/startup_MK64F12.o
 .group         0x00000000        0x8 ./Project_Settings/Startup_Code/system_MK64F12.o
 .group         0x00000000        0x8 ./Project_Settings/Startup_Code/system_MK64F12.o
 .group         0x00000000        0x8 ./Project_Settings/Startup_Code/system_MK64F12.o
 .group         0x00000000        0x8 ./Project_Settings/Startup_Code/system_MK64F12.o
 .group         0x00000000        0x8 ./Project_Settings/Startup_Code/system_MK64F12.o
 .group         0x00000000        0x8 ./Project_Settings/Startup_Code/system_MK64F12.o
 .group         0x00000000        0x8 ./Project_Settings/Startup_Code/system_MK64F12.o
 .group         0x00000000        0x8 ./Project_Settings/Startup_Code/system_MK64F12.o
 .group         0x00000000        0x8 ./Project_Settings/Startup_Code/system_MK64F12.o
 .group         0x00000000        0x8 ./Project_Settings/Startup_Code/system_MK64F12.o
 .group         0x00000000        0x8 ./Project_Settings/Startup_Code/system_MK64F12.o
 .group         0x00000000        0x8 ./Project_Settings/Startup_Code/system_MK64F12.o
 .group         0x00000000        0x8 ./Project_Settings/Startup_Code/system_MK64F12.o
 .group         0x00000000        0x8 ./Project_Settings/Startup_Code/system_MK64F12.o
 .group         0x00000000        0x8 ./Project_Settings/Startup_Code/system_MK64F12.o
 .group         0x00000000        0x8 ./Project_Settings/Startup_Code/system_MK64F12.o
 .group         0x00000000        0x8 ./Project_Settings/Startup_Code/system_MK64F12.o
 .group         0x00000000        0x8 ./Project_Settings/Startup_Code/system_MK64F12.o
 .group         0x00000000        0x8 ./Project_Settings/Startup_Code/system_MK64F12.o
 .group         0x00000000        0x8 ./Project_Settings/Startup_Code/system_MK64F12.o
 .group         0x00000000        0x8 ./Project_Settings/Startup_Code/system_MK64F12.o
 .group         0x00000000        0x8 ./Project_Settings/Startup_Code/system_MK64F12.o
 .group         0x00000000        0x8 ./Project_Settings/Startup_Code/system_MK64F12.o
 .group         0x00000000        0x8 ./Project_Settings/Startup_Code/system_MK64F12.o
 .group         0x00000000        0x8 ./Project_Settings/Startup_Code/system_MK64F12.o
 .group         0x00000000        0x8 ./Project_Settings/Startup_Code/system_MK64F12.o
 .text          0x00000000        0x0 ./Project_Settings/Startup_Code/system_MK64F12.o
 .data          0x00000000        0x0 ./Project_Settings/Startup_Code/system_MK64F12.o
 .bss           0x00000000        0x0 ./Project_Settings/Startup_Code/system_MK64F12.o
 .data.SystemCoreClock
                0x00000000        0x4 ./Project_Settings/Startup_Code/system_MK64F12.o
 .text.SystemCoreClockUpdate
                0x00000000      0x270 ./Project_Settings/Startup_Code/system_MK64F12.o
 .debug_macro   0x00000000      0x856 ./Project_Settings/Startup_Code/system_MK64F12.o
 .debug_macro   0x00000000       0x16 ./Project_Settings/Startup_Code/system_MK64F12.o
 .debug_macro   0x00000000       0x44 ./Project_Settings/Startup_Code/system_MK64F12.o
 .debug_macro   0x00000000      0x209 ./Project_Settings/Startup_Code/system_MK64F12.o
 .debug_macro   0x00000000       0x11 ./Project_Settings/Startup_Code/system_MK64F12.o
 .debug_macro   0x00000000       0x3b ./Project_Settings/Startup_Code/system_MK64F12.o
 .debug_macro   0x00000000       0x34 ./Project_Settings/Startup_Code/system_MK64F12.o
 .debug_macro   0x00000000       0x26 ./Project_Settings/Startup_Code/system_MK64F12.o
 .debug_macro   0x00000000      0xd1d ./Project_Settings/Startup_Code/system_MK64F12.o
 .debug_macro   0x00000000       0x78 ./Project_Settings/Startup_Code/system_MK64F12.o
 .debug_macro   0x00000000    0x1773b ./Project_Settings/Startup_Code/system_MK64F12.o
 .debug_macro   0x00000000       0x58 ./Project_Settings/Startup_Code/system_MK64F12.o
 .debug_macro   0x00000000       0x35 ./Project_Settings/Startup_Code/system_MK64F12.o
 .debug_macro   0x00000000       0xa3 ./Project_Settings/Startup_Code/system_MK64F12.o
 .debug_macro   0x00000000       0x16 ./Project_Settings/Startup_Code/system_MK64F12.o
 .debug_macro   0x00000000      0x10e ./Project_Settings/Startup_Code/system_MK64F12.o
 .debug_macro   0x00000000       0x7f ./Project_Settings/Startup_Code/system_MK64F12.o
 .debug_macro   0x00000000       0x52 ./Project_Settings/Startup_Code/system_MK64F12.o
 .debug_macro   0x00000000       0x16 ./Project_Settings/Startup_Code/system_MK64F12.o
 .debug_macro   0x00000000       0x43 ./Project_Settings/Startup_Code/system_MK64F12.o
 .debug_macro   0x00000000      0x180 ./Project_Settings/Startup_Code/system_MK64F12.o
 .debug_macro   0x00000000       0x22 ./Project_Settings/Startup_Code/system_MK64F12.o
 .debug_macro   0x00000000       0x16 ./Project_Settings/Startup_Code/system_MK64F12.o
 .debug_macro   0x00000000    0x16273 ./Project_Settings/Startup_Code/system_MK64F12.o
 .debug_macro   0x00000000     0x1182 ./Project_Settings/Startup_Code/system_MK64F12.o
 .text          0x00000000        0x0 c:/freescale/kds_v3/toolchain/bin/../lib/gcc/arm-none-eabi/4.8.4/../../../../arm-none-eabi/lib/armv7e-m/fpu\libg_s.a(lib_a-exit.o)
 .data          0x00000000        0x0 c:/freescale/kds_v3/toolchain/bin/../lib/gcc/arm-none-eabi/4.8.4/../../../../arm-none-eabi/lib/armv7e-m/fpu\libg_s.a(lib_a-exit.o)
 .bss           0x00000000        0x0 c:/freescale/kds_v3/toolchain/bin/../lib/gcc/arm-none-eabi/4.8.4/../../../../arm-none-eabi/lib/armv7e-m/fpu\libg_s.a(lib_a-exit.o)
 .text          0x00000000        0x0 c:/freescale/kds_v3/toolchain/bin/../lib/gcc/arm-none-eabi/4.8.4/../../../../arm-none-eabi/lib/armv7e-m/fpu\libg_s.a(lib_a-impure.o)
 .data          0x00000000        0x0 c:/freescale/kds_v3/toolchain/bin/../lib/gcc/arm-none-eabi/4.8.4/../../../../arm-none-eabi/lib/armv7e-m/fpu\libg_s.a(lib_a-impure.o)
 .bss           0x00000000        0x0 c:/freescale/kds_v3/toolchain/bin/../lib/gcc/arm-none-eabi/4.8.4/../../../../arm-none-eabi/lib/armv7e-m/fpu\libg_s.a(lib_a-impure.o)
 .data._impure_ptr
                0x00000000        0x4 c:/freescale/kds_v3/toolchain/bin/../lib/gcc/arm-none-eabi/4.8.4/../../../../arm-none-eabi/lib/armv7e-m/fpu\libg_s.a(lib_a-impure.o)
 .text          0x00000000        0x0 c:/freescale/kds_v3/toolchain/bin/../lib/gcc/arm-none-eabi/4.8.4/../../../../arm-none-eabi/lib/armv7e-m/fpu\libg_s.a(lib_a-init.o)
 .data          0x00000000        0x0 c:/freescale/kds_v3/toolchain/bin/../lib/gcc/arm-none-eabi/4.8.4/../../../../arm-none-eabi/lib/armv7e-m/fpu\libg_s.a(lib_a-init.o)
 .bss           0x00000000        0x0 c:/freescale/kds_v3/toolchain/bin/../lib/gcc/arm-none-eabi/4.8.4/../../../../arm-none-eabi/lib/armv7e-m/fpu\libg_s.a(lib_a-init.o)
 .text          0x00000000        0x0 c:/freescale/kds_v3/toolchain/bin/../lib/gcc/arm-none-eabi/4.8.4/../../../../arm-none-eabi/lib/armv7e-m/fpu\libg_s.a(lib_a-memset.o)
 .data          0x00000000        0x0 c:/freescale/kds_v3/toolchain/bin/../lib/gcc/arm-none-eabi/4.8.4/../../../../arm-none-eabi/lib/armv7e-m/fpu\libg_s.a(lib_a-memset.o)
 .bss           0x00000000        0x0 c:/freescale/kds_v3/toolchain/bin/../lib/gcc/arm-none-eabi/4.8.4/../../../../arm-none-eabi/lib/armv7e-m/fpu\libg_s.a(lib_a-memset.o)
 .text          0x00000000        0x0 c:/freescale/kds_v3/toolchain/bin/../lib/gcc/arm-none-eabi/4.8.4/../../../../arm-none-eabi/lib/armv7e-m/fpu\libnosys.a(_exit.o)
 .data          0x00000000        0x0 c:/freescale/kds_v3/toolchain/bin/../lib/gcc/arm-none-eabi/4.8.4/../../../../arm-none-eabi/lib/armv7e-m/fpu\libnosys.a(_exit.o)
 .bss           0x00000000        0x0 c:/freescale/kds_v3/toolchain/bin/../lib/gcc/arm-none-eabi/4.8.4/../../../../arm-none-eabi/lib/armv7e-m/fpu\libnosys.a(_exit.o)
 .text          0x00000000        0x0 c:/freescale/kds_v3/toolchain/bin/../lib/gcc/arm-none-eabi/4.8.4/armv7e-m/fpu/crtend.o
 .data          0x00000000        0x0 c:/freescale/kds_v3/toolchain/bin/../lib/gcc/arm-none-eabi/4.8.4/armv7e-m/fpu/crtend.o
 .bss           0x00000000        0x0 c:/freescale/kds_v3/toolchain/bin/../lib/gcc/arm-none-eabi/4.8.4/armv7e-m/fpu/crtend.o
 .eh_frame      0x00000000        0x4 c:/freescale/kds_v3/toolchain/bin/../lib/gcc/arm-none-eabi/4.8.4/armv7e-m/fpu/crtend.o
 .text          0x00000000        0x0 c:/freescale/kds_v3/toolchain/bin/../lib/gcc/arm-none-eabi/4.8.4/armv7e-m/fpu/crtn.o
 .data          0x00000000        0x0 c:/freescale/kds_v3/toolchain/bin/../lib/gcc/arm-none-eabi/4.8.4/armv7e-m/fpu/crtn.o
 .bss           0x00000000        0x0 c:/freescale/kds_v3/toolchain/bin/../lib/gcc/arm-none-eabi/4.8.4/armv7e-m/fpu/crtn.o

Memory Configuration

Name             Origin             Length             Attributes
m_interrupts     0x00000000         0x00000400         xr
m_flash_config   0x00000400         0x00000010         xr
m_text           0x00000410         0x000ffbf0         xr
m_data           0x1fff0000         0x00010000         rw
m_data_2         0x20000000         0x00030000         rw
*default*        0x00000000         0xffffffff

Linker script and memory map

LOAD c:/freescale/kds_v3/toolchain/bin/../lib/gcc/arm-none-eabi/4.8.4/armv7e-m/fpu/crti.o
LOAD c:/freescale/kds_v3/toolchain/bin/../lib/gcc/arm-none-eabi/4.8.4/armv7e-m/fpu/crtbegin.o
LOAD c:/freescale/kds_v3/toolchain/bin/../lib/gcc/arm-none-eabi/4.8.4/../../../../arm-none-eabi/lib/armv7e-m/fpu/crt0.o
LOAD ./Sources/adc_control.o
LOAD ./Sources/communication_controller.o
LOAD ./Sources/gpio_control.o
LOAD ./Sources/main.o
LOAD ./Sources/uart_control.o
LOAD ./Project_Settings/Startup_Code/startup.o
LOAD ./Project_Settings/Startup_Code/startup_MK64F12.o
LOAD ./Project_Settings/Startup_Code/system_MK64F12.o
LOAD c:/freescale/kds_v3/toolchain/bin/../lib/gcc/arm-none-eabi/4.8.4/../../../../arm-none-eabi/lib/armv7e-m/fpu\libstdc++_s.a
LOAD c:/freescale/kds_v3/toolchain/bin/../lib/gcc/arm-none-eabi/4.8.4/../../../../arm-none-eabi/lib/armv7e-m/fpu\libm.a
START GROUP
LOAD c:/freescale/kds_v3/toolchain/bin/../lib/gcc/arm-none-eabi/4.8.4/armv7e-m/fpu\libgcc.a
LOAD c:/freescale/kds_v3/toolchain/bin/../lib/gcc/arm-none-eabi/4.8.4/../../../../arm-none-eabi/lib/armv7e-m/fpu\libg_s.a
LOAD c:/freescale/kds_v3/toolchain/bin/../lib/gcc/arm-none-eabi/4.8.4/../../../../arm-none-eabi/lib/armv7e-m/fpu\libc_s.a
END GROUP
START GROUP
LOAD c:/freescale/kds_v3/toolchain/bin/../lib/gcc/arm-none-eabi/4.8.4/armv7e-m/fpu\libgcc.a
LOAD c:/freescale/kds_v3/toolchain/bin/../lib/gcc/arm-none-eabi/4.8.4/../../../../arm-none-eabi/lib/armv7e-m/fpu\libc_s.a
LOAD c:/freescale/kds_v3/toolchain/bin/../lib/gcc/arm-none-eabi/4.8.4/../../../../arm-none-eabi/lib/armv7e-m/fpu\libnosys.a
END GROUP
START GROUP
LOAD c:/freescale/kds_v3/toolchain/bin/../lib/gcc/arm-none-eabi/4.8.4/armv7e-m/fpu\libgcc.a
LOAD c:/freescale/kds_v3/toolchain/bin/../lib/gcc/arm-none-eabi/4.8.4/../../../../arm-none-eabi/lib/armv7e-m/fpu\libc_s.a
LOAD c:/freescale/kds_v3/toolchain/bin/../lib/gcc/arm-none-eabi/4.8.4/../../../../arm-none-eabi/lib/armv7e-m/fpu\libnosys.a
END GROUP
LOAD c:/freescale/kds_v3/toolchain/bin/../lib/gcc/arm-none-eabi/4.8.4/armv7e-m/fpu/crtend.o
LOAD c:/freescale/kds_v3/toolchain/bin/../lib/gcc/arm-none-eabi/4.8.4/armv7e-m/fpu/crtn.o
                0x00001000                HEAP_SIZE = DEFINED (__heap_size__)?__heap_size__:0x1000
                0x00000400                STACK_SIZE = DEFINED (__stack_size__)?__stack_size__:0x400
                0x00000000                M_VECTOR_RAM_SIZE = DEFINED (__ram_vector_table__)?0x400:0x0

.interrupts     0x00000000      0x400
                0x00000000                __VECTOR_TABLE = .
                0x00000000                . = ALIGN (0x4)
 *(.isr_vector)
 .isr_vector    0x00000000      0x400 ./Project_Settings/Startup_Code/startup_MK64F12.o
                0x00000000                __isr_vector
                0x00000400                . = ALIGN (0x4)

.flash_config   0x00000400       0x10
                0x00000400                . = ALIGN (0x4)
 *(.FlashConfig)
 .FlashConfig   0x00000400       0x10 ./Project_Settings/Startup_Code/startup_MK64F12.o
                0x00000410                . = ALIGN (0x4)

.text           0x00000410      0x6ec
                0x00000410                . = ALIGN (0x4)
 *(.text)
 .text          0x00000410       0x54 c:/freescale/kds_v3/toolchain/bin/../lib/gcc/arm-none-eabi/4.8.4/armv7e-m/fpu/crtbegin.o
 .text          0x00000464       0x74 c:/freescale/kds_v3/toolchain/bin/../lib/gcc/arm-none-eabi/4.8.4/../../../../arm-none-eabi/lib/armv7e-m/fpu/crt0.o
                0x00000464                _start
                0x00000464                _mainCRTStartup
 .text          0x000004d8       0x14 ./Project_Settings/Startup_Code/startup_MK64F12.o
                0x000004d8                Reset_Handler
                0x000004e8                DebugMon_Handler
                0x000004e8                I2C0_IRQHandler
                0x000004e8                HardFault_Handler
                0x000004e8                SysTick_Handler
                0x000004e8                UART3_RX_TX_IRQHandler
                0x000004e8                PendSV_Handler
                0x000004e8                NMI_Handler
                0x000004e8                UART0_RX_TX_IRQHandler
                0x000004e8                I2C1_IRQHandler
                0x000004e8                DMA2_IRQHandler
                0x000004e8                ENET_Error_IRQHandler
                0x000004e8                CAN0_Tx_Warning_IRQHandler
                0x000004e8                PIT0_IRQHandler
                0x000004e8                CAN0_ORed_Message_buffer_IRQHandler
                0x000004e8                CMP2_IRQHandler
                0x000004e8                LLWU_IRQHandler
                0x000004e8                ENET_Receive_IRQHandler
                0x000004e8                ENET_1588_Timer_IRQHandler
                0x000004e8                UART2_RX_TX_IRQHandler
                0x000004e8                SWI_IRQHandler
                0x000004e8                ADC0_IRQHandler
                0x000004e8                UsageFault_Handler
                0x000004e8                I2S0_Tx_IRQHandler
                0x000004e8                CMT_IRQHandler
                0x000004e8                UART4_RX_TX_IRQHandler
                0x000004e8                SPI1_IRQHandler
                0x000004e8                DefaultISR
                0x000004e8                DMA9_IRQHandler
                0x000004e8                DMA14_IRQHandler
                0x000004e8                CMP1_IRQHandler
                0x000004e8                Reserved71_IRQHandler
                0x000004e8                PORTD_IRQHandler
                0x000004e8                PORTB_IRQHandler
                0x000004e8                UART4_ERR_IRQHandler
                0x000004e8                ADC1_IRQHandler
                0x000004e8                I2C2_IRQHandler
                0x000004e8                PIT2_IRQHandler
                0x000004e8                I2S0_Rx_IRQHandler
                0x000004e8                DMA5_IRQHandler
                0x000004e8                RTC_IRQHandler
                0x000004e8                PDB0_IRQHandler
                0x000004e8                CAN0_Rx_Warning_IRQHandler
                0x000004e8                FTM1_IRQHandler
                0x000004e8                UART5_RX_TX_IRQHandler
                0x000004e8                UART3_ERR_IRQHandler
                0x000004e8                PIT3_IRQHandler
                0x000004e8                SDHC_IRQHandler
                0x000004e8                RTC_Seconds_IRQHandler
                0x000004e8                MCG_IRQHandler
                0x000004e8                FTFE_IRQHandler
                0x000004e8                UART2_ERR_IRQHandler
                0x000004e8                DMA11_IRQHandler
                0x000004e8                UART5_ERR_IRQHandler
                0x000004e8                Read_Collision_IRQHandler
                0x000004e8                DMA7_IRQHandler
                0x000004e8                ENET_Transmit_IRQHandler
                0x000004e8                USBDCD_IRQHandler
                0x000004e8                USB0_IRQHandler
                0x000004e8                SPI2_IRQHandler
                0x000004e8                WDOG_EWM_IRQHandler
                0x000004e8                MemManage_Handler
                0x000004e8                SVC_Handler
                0x000004e8                DMA13_IRQHandler
                0x000004e8                DMA3_IRQHandler
                0x000004e8                UART0_LON_IRQHandler
                0x000004e8                RNG_IRQHandler
                0x000004e8                DMA0_IRQHandler
                0x000004e8                DMA15_IRQHandler
                0x000004e8                DAC0_IRQHandler
                0x000004e8                CAN0_Error_IRQHandler
                0x000004e8                DMA4_IRQHandler
                0x000004e8                PIT1_IRQHandler
                0x000004e8                UART0_ERR_IRQHandler
                0x000004e8                DMA_Error_IRQHandler
                0x000004e8                LVD_LVW_IRQHandler
                0x000004e8                SPI0_IRQHandler
                0x000004e8                FTM0_IRQHandler
                0x000004e8                PORTA_IRQHandler
                0x000004e8                DAC1_IRQHandler
                0x000004e8                MCM_IRQHandler
                0x000004e8                DMA12_IRQHandler
                0x000004e8                CAN0_Bus_Off_IRQHandler
                0x000004e8                FTM3_IRQHandler
                0x000004e8                PORTE_IRQHandler
                0x000004e8                FTM2_IRQHandler
                0x000004e8                LPTMR0_IRQHandler
                0x000004e8                BusFault_Handler
                0x000004e8                DMA8_IRQHandler
                0x000004e8                DMA10_IRQHandler
                0x000004e8                CAN0_Wake_Up_IRQHandler
                0x000004e8                UART1_ERR_IRQHandler
                0x000004e8                UART1_RX_TX_IRQHandler
                0x000004e8                CMP0_IRQHandler
                0x000004e8                PORTC_IRQHandler
                0x000004e8                DMA6_IRQHandler
                0x000004e8                DMA1_IRQHandler
 *(.text*)
 .text.adc_init
                0x000004ec       0x38 ./Sources/adc_control.o
                0x000004ec                adc_init
 .text.gpio_init
                0x00000524       0x9c ./Sources/gpio_control.o
                0x00000524                gpio_init
 .text.read_switch
                0x000005c0       0x48 ./Sources/gpio_control.o
                0x000005c0                read_switch
 .text.set_leds
                0x00000608       0x9c ./Sources/gpio_control.o
                0x00000608                set_leds
 .text.set_led_on
                0x000006a4       0x48 ./Sources/gpio_control.o
                0x000006a4                set_led_on
 .text.main     0x000006ec       0xc0 ./Sources/main.o
                0x000006ec                main
 .text.check_power_switch
                0x000007ac       0x28 ./Sources/main.o
                0x000007ac                check_power_switch
 .text.get_char
                0x000007d4       0x38 ./Sources/uart_control.o
                0x000007d4                get_char
 .text.get_line
                0x0000080c       0x58 ./Sources/uart_control.o
                0x0000080c                get_line
 .text.uart_init
                0x00000864       0x7c ./Sources/uart_control.o
                0x00000864                uart_init
 .text.out_char
                0x000008e0       0x40 ./Sources/uart_control.o
                0x000008e0                out_char
 .text.put_string
                0x00000920       0x24 ./Sources/uart_control.o
                0x00000920                put_string
 .text.init_data_bss
                0x00000944       0xcc ./Project_Settings/Startup_Code/startup.o
                0x00000944                init_data_bss
 .text.SystemInit
                0x00000a10       0x3c ./Project_Settings/Startup_Code/system_MK64F12.o
                0x00000a10                SystemInit
 .text.exit     0x00000a4c       0x28 c:/freescale/kds_v3/toolchain/bin/../lib/gcc/arm-none-eabi/4.8.4/../../../../arm-none-eabi/lib/armv7e-m/fpu\libg_s.a(lib_a-exit.o)
                0x00000a4c                exit
 .text.__libc_init_array
                0x00000a74       0x4c c:/freescale/kds_v3/toolchain/bin/../lib/gcc/arm-none-eabi/4.8.4/../../../../arm-none-eabi/lib/armv7e-m/fpu\libg_s.a(lib_a-init.o)
                0x00000a74                __libc_init_array
 .text.memset   0x00000ac0       0x10 c:/freescale/kds_v3/toolchain/bin/../lib/gcc/arm-none-eabi/4.8.4/../../../../arm-none-eabi/lib/armv7e-m/fpu\libg_s.a(lib_a-memset.o)
                0x00000ac0                memset
 .text._exit    0x00000ad0        0x4 c:/freescale/kds_v3/toolchain/bin/../lib/gcc/arm-none-eabi/4.8.4/../../../../arm-none-eabi/lib/armv7e-m/fpu\libnosys.a(_exit.o)
                0x00000ad0                _exit
 *(.rodata)
 .rodata        0x00000ad4        0x8 ./Sources/main.o
 *(.rodata*)
 .rodata.str1.1
                0x00000adc        0x2 c:/freescale/kds_v3/toolchain/bin/../lib/gcc/arm-none-eabi/4.8.4/../../../../arm-none-eabi/lib/armv7e-m/fpu\libg_s.a(lib_a-impure.o)
 *fill*         0x00000ade        0x2 
 .rodata._global_impure_ptr
                0x00000ae0        0x4 c:/freescale/kds_v3/toolchain/bin/../lib/gcc/arm-none-eabi/4.8.4/../../../../arm-none-eabi/lib/armv7e-m/fpu\libg_s.a(lib_a-impure.o)
                0x00000ae0                _global_impure_ptr
 *(.glue_7)
 .glue_7        0x00000000        0x0 linker stubs
 *(.glue_7t)
 .glue_7t       0x00000000        0x0 linker stubs
 *(.eh_frame)
 .eh_frame      0x00000ae4        0x0 c:/freescale/kds_v3/toolchain/bin/../lib/gcc/arm-none-eabi/4.8.4/armv7e-m/fpu/crtbegin.o
 *(.init)
 .init          0x00000ae4        0x4 c:/freescale/kds_v3/toolchain/bin/../lib/gcc/arm-none-eabi/4.8.4/armv7e-m/fpu/crti.o
                0x00000ae4                _init
 .init          0x00000ae8        0x8 c:/freescale/kds_v3/toolchain/bin/../lib/gcc/arm-none-eabi/4.8.4/armv7e-m/fpu/crtn.o
 *(.fini)
 .fini          0x00000af0        0x4 c:/freescale/kds_v3/toolchain/bin/../lib/gcc/arm-none-eabi/4.8.4/armv7e-m/fpu/crti.o
                0x00000af0                _fini
 .fini          0x00000af4        0x8 c:/freescale/kds_v3/toolchain/bin/../lib/gcc/arm-none-eabi/4.8.4/armv7e-m/fpu/crtn.o
                0x00000afc                . = ALIGN (0x4)

.vfp11_veneer   0x00000afc        0x0
 .vfp11_veneer  0x00000000        0x0 linker stubs

.v4_bx          0x00000afc        0x0
 .v4_bx         0x00000000        0x0 linker stubs

.iplt           0x00000afc        0x0
 .iplt          0x00000000        0x0 c:/freescale/kds_v3/toolchain/bin/../lib/gcc/arm-none-eabi/4.8.4/armv7e-m/fpu/crtbegin.o

.ARM.extab
 *(.ARM.extab* .gnu.linkonce.armextab.*)

.ARM            0x00000afc        0x8
                0x00000afc                __exidx_start = .
 *(.ARM.exidx*)
 .ARM.exidx     0x00000afc        0x8 c:/freescale/kds_v3/toolchain/bin/../lib/gcc/arm-none-eabi/4.8.4/../../../../arm-none-eabi/lib/armv7e-m/fpu/crt0.o
                0x00000b04                __exidx_end = .

.rel.dyn        0x00000b04        0x0
 .rel.iplt      0x00000000        0x0 c:/freescale/kds_v3/toolchain/bin/../lib/gcc/arm-none-eabi/4.8.4/armv7e-m/fpu/crtbegin.o

.ctors          0x00000b04        0x0
                0x00000b04                __CTOR_LIST__ = .
 *crtbegin.o(.ctors)
 *crtbegin?.o(.ctors)
 *(EXCLUDE_FILE(*crtend.o *crtend?.o) .ctors)
 *(SORT(.ctors.*))
 *(.ctors)
                0x00000b04                __CTOR_END__ = .

.dtors          0x00000b04        0x0
                0x00000b04                __DTOR_LIST__ = .
 *crtbegin.o(.dtors)
 *crtbegin?.o(.dtors)
 *(EXCLUDE_FILE(*crtend.o *crtend?.o) .dtors)
 *(SORT(.dtors.*))
 *(.dtors)
                0x00000b04                __DTOR_END__ = .

.preinit_array  0x00000b04        0x0
                0x00000b04                PROVIDE (__preinit_array_start, .)
 *(.preinit_array*)
                0x00000b04                PROVIDE (__preinit_array_end, .)

.init_array     0x00000b04        0x4
                0x00000b04                PROVIDE (__init_array_start, .)
 *(SORT(.init_array.*))
 *(.init_array*)
 .init_array    0x00000b04        0x4 c:/freescale/kds_v3/toolchain/bin/../lib/gcc/arm-none-eabi/4.8.4/armv7e-m/fpu/crtbegin.o
                0x00000b08                PROVIDE (__init_array_end, .)

.fini_array     0x00000b08        0x4
                0x00000b08                PROVIDE (__fini_array_start, .)
 *(SORT(.fini_array.*))
 *(.fini_array*)
 .fini_array    0x00000b08        0x4 c:/freescale/kds_v3/toolchain/bin/../lib/gcc/arm-none-eabi/4.8.4/armv7e-m/fpu/crtbegin.o
                0x00000b0c                PROVIDE (__fini_array_end, .)
                0x00000b0c                __etext = .
                0x00000b0c                __DATA_ROM = .

.interrupts_ram
                0x1fff0000        0x0
                0x1fff0000                . = ALIGN (0x4)
                0x1fff0000                __VECTOR_RAM__ = .
                0x1fff0000                __interrupts_ram_start__ = .
 *(.m_interrupts_ram)
                0x1fff0000                . = (. + M_VECTOR_RAM_SIZE)
                0x1fff0000                . = ALIGN (0x4)
                0x1fff0000                __interrupts_ram_end__ = .
                0x00000000                __VECTOR_RAM = DEFINED (__ram_vector_table__)?__VECTOR_RAM__:ORIGIN (m_interrupts)
                0x00000000                __RAM_VECTOR_TABLE_SIZE_BYTES = DEFINED (__ram_vector_table__)?(__interrupts_ram_end__ - __interrupts_ram_start__):0x0

.data           0x1fff0000       0x7c load address 0x00000b0c
                0x1fff0000                . = ALIGN (0x4)
                0x1fff0000                __DATA_RAM = .
                0x1fff0000                __data_start__ = .
 *(.data)
 *(.data*)
 .data.leds     0x1fff0000       0x18 ./Sources/gpio_control.o
                0x1fff0000                leds
 .data.impure_data
                0x1fff0018       0x60 c:/freescale/kds_v3/toolchain/bin/../lib/gcc/arm-none-eabi/4.8.4/../../../../arm-none-eabi/lib/armv7e-m/fpu\libg_s.a(lib_a-impure.o)
 *(.jcr*)
 .jcr           0x1fff0078        0x0 c:/freescale/kds_v3/toolchain/bin/../lib/gcc/arm-none-eabi/4.8.4/armv7e-m/fpu/crtbegin.o
 .jcr           0x1fff0078        0x4 c:/freescale/kds_v3/toolchain/bin/../lib/gcc/arm-none-eabi/4.8.4/armv7e-m/fpu/crtend.o
                0x1fff007c                . = ALIGN (0x4)
                0x1fff007c                __data_end__ = .
                0x00000b88                __DATA_END = (__DATA_ROM + (__data_end__ - __data_start__))
                0x00100000                text_end = (ORIGIN (m_text) + 0xffbf0)
                0x00000001                ASSERT ((__DATA_END <= text_end), region m_text overflowed with text and data)

.igot.plt       0x1fff007c        0x0 load address 0x00000b88
 .igot.plt      0x00000000        0x0 c:/freescale/kds_v3/toolchain/bin/../lib/gcc/arm-none-eabi/4.8.4/armv7e-m/fpu/crtbegin.o

.bss            0x1fff007c       0x20 load address 0x00000b88
                0x1fff007c                . = ALIGN (0x4)
                0x1fff007c                __START_BSS = .
                0x1fff007c                __bss_start__ = .
 *(.bss)
 .bss           0x1fff007c       0x1c c:/freescale/kds_v3/toolchain/bin/../lib/gcc/arm-none-eabi/4.8.4/armv7e-m/fpu/crtbegin.o
 *(.bss*)
 .bss.power_on  0x1fff0098        0x1 ./Sources/main.o
                0x1fff0098                power_on
 .bss.connected
                0x1fff0099        0x1 ./Sources/main.o
                0x1fff0099                connected
 *(COMMON)
                0x1fff009c                . = ALIGN (0x4)
 *fill*         0x1fff009a        0x2 
                0x1fff009c                __bss_end__ = .
                0x1fff009c                __END_BSS = .

.heap           0x20000000     0x1000
                0x20000000                . = ALIGN (0x8)
                0x20000000                __end__ = .
                0x20000000                PROVIDE (end, .)
                0x20000000                __HeapBase = .
                0x20001000                . = (. + HEAP_SIZE)
 *fill*         0x20000000     0x1000 
                0x20001000                __HeapLimit = .

.stack          0x20001000      0x400
                0x20001000                . = ALIGN (0x8)
                0x20001400                . = (. + STACK_SIZE)
 *fill*         0x20001000      0x400 
                0x20030000                __StackTop = (ORIGIN (m_data_2) + 0x30000)
                0x2002fc00                __StackLimit = (__StackTop - STACK_SIZE)
                0x20030000                PROVIDE (__stack, __StackTop)

.ARM.attributes
                0x00000000       0x30
 *(.ARM.attributes)
 .ARM.attributes
                0x00000000       0x22 c:/freescale/kds_v3/toolchain/bin/../lib/gcc/arm-none-eabi/4.8.4/armv7e-m/fpu/crti.o
 .ARM.attributes
                0x00000022       0x34 c:/freescale/kds_v3/toolchain/bin/../lib/gcc/arm-none-eabi/4.8.4/armv7e-m/fpu/crtbegin.o
 .ARM.attributes
                0x00000056       0x20 c:/freescale/kds_v3/toolchain/bin/../lib/gcc/arm-none-eabi/4.8.4/../../../../arm-none-eabi/lib/armv7e-m/fpu/crt0.o
 .ARM.attributes
                0x00000076       0x39 ./Sources/adc_control.o
 .ARM.attributes
                0x000000af       0x39 ./Sources/gpio_control.o
 .ARM.attributes
                0x000000e8       0x39 ./Sources/main.o
 .ARM.attributes
                0x00000121       0x39 ./Sources/uart_control.o
 .ARM.attributes
                0x0000015a       0x39 ./Project_Settings/Startup_Code/startup.o
 .ARM.attributes
                0x00000193       0x1f ./Project_Settings/Startup_Code/startup_MK64F12.o
 .ARM.attributes
                0x000001b2       0x39 ./Project_Settings/Startup_Code/system_MK64F12.o
 .ARM.attributes
                0x000001eb       0x34 c:/freescale/kds_v3/toolchain/bin/../lib/gcc/arm-none-eabi/4.8.4/../../../../arm-none-eabi/lib/armv7e-m/fpu\libg_s.a(lib_a-exit.o)
 .ARM.attributes
                0x0000021f       0x34 c:/freescale/kds_v3/toolchain/bin/../lib/gcc/arm-none-eabi/4.8.4/../../../../arm-none-eabi/lib/armv7e-m/fpu\libg_s.a(lib_a-impure.o)
 .ARM.attributes
                0x00000253       0x34 c:/freescale/kds_v3/toolchain/bin/../lib/gcc/arm-none-eabi/4.8.4/../../../../arm-none-eabi/lib/armv7e-m/fpu\libg_s.a(lib_a-init.o)
 .ARM.attributes
                0x00000287       0x34 c:/freescale/kds_v3/toolchain/bin/../lib/gcc/arm-none-eabi/4.8.4/../../../../arm-none-eabi/lib/armv7e-m/fpu\libg_s.a(lib_a-memset.o)
 .ARM.attributes
                0x000002bb       0x34 c:/freescale/kds_v3/toolchain/bin/../lib/gcc/arm-none-eabi/4.8.4/../../../../arm-none-eabi/lib/armv7e-m/fpu\libnosys.a(_exit.o)
 .ARM.attributes
                0x000002ef       0x34 c:/freescale/kds_v3/toolchain/bin/../lib/gcc/arm-none-eabi/4.8.4/armv7e-m/fpu/crtend.o
 .ARM.attributes
                0x00000323       0x22 c:/freescale/kds_v3/toolchain/bin/../lib/gcc/arm-none-eabi/4.8.4/armv7e-m/fpu/crtn.o
                0x00000001                ASSERT ((__StackLimit >= __HeapLimit), region m_data_2 overflowed with stack and heap)
OUTPUT(project.elf elf32-littlearm)

.debug_info     0x00000000     0x1b51
 .debug_info    0x00000000      0x435 ./Sources/adc_control.o
 .debug_info    0x00000435      0x4c0 ./Sources/gpio_control.o
 .debug_info    0x000008f5      0x1ed ./Sources/main.o
 .debug_info    0x00000ae2      0x633 ./Sources/uart_control.o
 .debug_info    0x00001115      0x3a7 ./Project_Settings/Startup_Code/startup.o
 .debug_info    0x000014bc       0x85 ./Project_Settings/Startup_Code/startup_MK64F12.o
 .debug_info    0x00001541      0x610 ./Project_Settings/Startup_Code/system_MK64F12.o

.debug_abbrev   0x00000000      0x7bc
 .debug_abbrev  0x00000000       0xf6 ./Sources/adc_control.o
 .debug_abbrev  0x000000f6      0x1b4 ./Sources/gpio_control.o
 .debug_abbrev  0x000002aa      0x131 ./Sources/main.o
 .debug_abbrev  0x000003db      0x1b9 ./Sources/uart_control.o
 .debug_abbrev  0x00000594       0xfa ./Project_Settings/Startup_Code/startup.o
 .debug_abbrev  0x0000068e       0x14 ./Project_Settings/Startup_Code/startup_MK64F12.o
 .debug_abbrev  0x000006a2      0x11a ./Project_Settings/Startup_Code/system_MK64F12.o

.debug_aranges  0x00000000      0x138
 .debug_aranges
                0x00000000       0x28 ./Sources/adc_control.o
 .debug_aranges
                0x00000028       0x38 ./Sources/gpio_control.o
 .debug_aranges
                0x00000060       0x30 ./Sources/main.o
 .debug_aranges
                0x00000090       0x40 ./Sources/uart_control.o
 .debug_aranges
                0x000000d0       0x20 ./Project_Settings/Startup_Code/startup.o
 .debug_aranges
                0x000000f0       0x20 ./Project_Settings/Startup_Code/startup_MK64F12.o
 .debug_aranges
                0x00000110       0x28 ./Project_Settings/Startup_Code/system_MK64F12.o

.debug_ranges   0x00000000       0xb8
 .debug_ranges  0x00000000       0x18 ./Sources/adc_control.o
 .debug_ranges  0x00000018       0x28 ./Sources/gpio_control.o
 .debug_ranges  0x00000040       0x20 ./Sources/main.o
 .debug_ranges  0x00000060       0x30 ./Sources/uart_control.o
 .debug_ranges  0x00000090       0x10 ./Project_Settings/Startup_Code/startup.o
 .debug_ranges  0x000000a0       0x18 ./Project_Settings/Startup_Code/system_MK64F12.o

.debug_macro    0x00000000    0x312f4
 .debug_macro   0x00000000      0x171 ./Sources/adc_control.o
 .debug_macro   0x00000171      0x856 ./Sources/adc_control.o
 .debug_macro   0x000009c7       0x11 ./Sources/adc_control.o
 .debug_macro   0x000009d8       0x16 ./Sources/adc_control.o
 .debug_macro   0x000009ee       0x16 ./Sources/adc_control.o
 .debug_macro   0x00000a04       0x44 ./Sources/adc_control.o
 .debug_macro   0x00000a48      0x209 ./Sources/adc_control.o
 .debug_macro   0x00000c51       0x56 ./Sources/adc_control.o
 .debug_macro   0x00000ca7       0x3b ./Sources/adc_control.o
 .debug_macro   0x00000ce2       0x34 ./Sources/adc_control.o
 .debug_macro   0x00000d16       0x26 ./Sources/adc_control.o
 .debug_macro   0x00000d3c      0xd1d ./Sources/adc_control.o
 .debug_macro   0x00001a59       0x78 ./Sources/adc_control.o
 .debug_macro   0x00001ad1    0x1773b ./Sources/adc_control.o
 .debug_macro   0x0001920c       0x58 ./Sources/adc_control.o
 .debug_macro   0x00019264       0x35 ./Sources/adc_control.o
 .debug_macro   0x00019299       0xa3 ./Sources/adc_control.o
 .debug_macro   0x0001933c       0x16 ./Sources/adc_control.o
 .debug_macro   0x00019352      0x10e ./Sources/adc_control.o
 .debug_macro   0x00019460       0x7f ./Sources/adc_control.o
 .debug_macro   0x000194df       0x52 ./Sources/adc_control.o
 .debug_macro   0x00019531       0x16 ./Sources/adc_control.o
 .debug_macro   0x00019547       0x43 ./Sources/adc_control.o
 .debug_macro   0x0001958a      0x180 ./Sources/adc_control.o
 .debug_macro   0x0001970a       0x22 ./Sources/adc_control.o
 .debug_macro   0x0001972c       0x16 ./Sources/adc_control.o
 .debug_macro   0x00019742    0x16273 ./Sources/adc_control.o
 .debug_macro   0x0002f9b5     0x1182 ./Sources/adc_control.o
 .debug_macro   0x00030b37      0x180 ./Sources/gpio_control.o
 .debug_macro   0x00030cb7       0x22 ./Sources/gpio_control.o
 .debug_macro   0x00030cd9       0xf3 ./Sources/main.o
 .debug_macro   0x00030dcc       0x28 ./Sources/main.o
 .debug_macro   0x00030df4       0x4a ./Sources/main.o
 .debug_macro   0x00030e3e      0x17b ./Sources/uart_control.o
 .debug_macro   0x00030fb9      0x171 ./Project_Settings/Startup_Code/startup.o
 .debug_macro   0x0003112a      0x162 ./Project_Settings/Startup_Code/system_MK64F12.o
 .debug_macro   0x0003128c       0x68 ./Project_Settings/Startup_Code/system_MK64F12.o

.debug_line     0x00000000     0x147f
 .debug_line    0x00000000      0x35e ./Sources/adc_control.o
 .debug_line    0x0000035e      0x3b6 ./Sources/gpio_control.o
 .debug_line    0x00000714      0x260 ./Sources/main.o
 .debug_line    0x00000974      0x3be ./Sources/uart_control.o
 .debug_line    0x00000d32      0x358 ./Project_Settings/Startup_Code/startup.o
 .debug_line    0x0000108a       0x6a ./Project_Settings/Startup_Code/startup_MK64F12.o
 .debug_line    0x000010f4      0x38b ./Project_Settings/Startup_Code/system_MK64F12.o

.debug_str      0x00000000   0x19cd92
 .debug_str     0x00000000   0x19c87b ./Sources/adc_control.o
                             0x19ca6e (size before relaxing)
 .debug_str     0x0019c87b      0x127 ./Sources/gpio_control.o
                             0x19cafe (size before relaxing)
 .debug_str     0x0019c9a2       0xb0 ./Sources/main.o
                               0x3de1 (size before relaxing)
 .debug_str     0x0019ca52       0xed ./Sources/uart_control.o
                             0x19cb33 (size before relaxing)
 .debug_str     0x0019cb3f      0x15e ./Project_Settings/Startup_Code/startup.o
                             0x19ca73 (size before relaxing)
 .debug_str     0x0019cc9d       0xf5 ./Project_Settings/Startup_Code/system_MK64F12.o
                             0x19cb2e (size before relaxing)

.comment        0x00000000       0x70
 .comment       0x00000000       0x70 ./Sources/adc_control.o
                                 0x71 (size before relaxing)
 .comment       0x00000000       0x71 ./Sources/gpio_control.o
 .comment       0x00000000       0x71 ./Sources/main.o
 .comment       0x00000000       0x71 ./Sources/uart_control.o
 .comment       0x00000000       0x71 ./Project_Settings/Startup_Code/startup.o
 .comment       0x00000000       0x71 ./Project_Settings/Startup_Code/system_MK64F12.o

.debug_frame    0x00000000      0x2d0
 .debug_frame   0x00000000       0x40 ./Sources/adc_control.o
 .debug_frame   0x00000040       0x84 ./Sources/gpio_control.o
 .debug_frame   0x000000c4       0x68 ./Sources/main.o
 .debug_frame   0x0000012c       0xa0 ./Sources/uart_control.o
 .debug_frame   0x000001cc       0x2c ./Project_Settings/Startup_Code/startup.o
 .debug_frame   0x000001f8       0x44 ./Project_Settings/Startup_Code/system_MK64F12.o
 .debug_frame   0x0000023c       0x28 c:/freescale/kds_v3/toolchain/bin/../lib/gcc/arm-none-eabi/4.8.4/../../../../arm-none-eabi/lib/armv7e-m/fpu\libg_s.a(lib_a-exit.o)
 .debug_frame   0x00000264       0x2c c:/freescale/kds_v3/toolchain/bin/../lib/gcc/arm-none-eabi/4.8.4/../../../../arm-none-eabi/lib/armv7e-m/fpu\libg_s.a(lib_a-init.o)
 .debug_frame   0x00000290       0x20 c:/freescale/kds_v3/toolchain/bin/../lib/gcc/arm-none-eabi/4.8.4/../../../../arm-none-eabi/lib/armv7e-m/fpu\libg_s.a(lib_a-memset.o)
 .debug_frame   0x000002b0       0x20 c:/freescale/kds_v3/toolchain/bin/../lib/gcc/arm-none-eabi/4.8.4/../../../../arm-none-eabi/lib/armv7e-m/fpu\libnosys.a(_exit.o)
