Archive member included because of file (symbol)

c:/freescale/kds_v3/toolchain/bin/../lib/gcc/arm-none-eabi/4.8.4/../../../../arm-none-eabi/lib/armv7e-m/fpu\libg_s.a(lib_a-exit.o)
                              c:/freescale/kds_v3/toolchain/bin/../lib/gcc/arm-none-eabi/4.8.4/../../../../arm-none-eabi/lib/armv7e-m/fpu/crt0.o (exit)
c:/freescale/kds_v3/toolchain/bin/../lib/gcc/arm-none-eabi/4.8.4/../../../../arm-none-eabi/lib/armv7e-m/fpu\libg_s.a(lib_a-impure.o)
                              c:/freescale/kds_v3/toolchain/bin/../lib/gcc/arm-none-eabi/4.8.4/../../../../arm-none-eabi/lib/armv7e-m/fpu\libg_s.a(lib_a-exit.o) (_global_impure_ptr)
c:/freescale/kds_v3/toolchain/bin/../lib/gcc/arm-none-eabi/4.8.4/../../../../arm-none-eabi/lib/armv7e-m/fpu\libg_s.a(lib_a-init.o)
                              c:/freescale/kds_v3/toolchain/bin/../lib/gcc/arm-none-eabi/4.8.4/../../../../arm-none-eabi/lib/armv7e-m/fpu/crt0.o (__libc_init_array)
c:/freescale/kds_v3/toolchain/bin/../lib/gcc/arm-none-eabi/4.8.4/../../../../arm-none-eabi/lib/armv7e-m/fpu\libg_s.a(lib_a-memset.o)
                              c:/freescale/kds_v3/toolchain/bin/../lib/gcc/arm-none-eabi/4.8.4/../../../../arm-none-eabi/lib/armv7e-m/fpu/crt0.o (memset)
c:/freescale/kds_v3/toolchain/bin/../lib/gcc/arm-none-eabi/4.8.4/../../../../arm-none-eabi/lib/armv7e-m/fpu\libnosys.a(_exit.o)
                              c:/freescale/kds_v3/toolchain/bin/../lib/gcc/arm-none-eabi/4.8.4/../../../../arm-none-eabi/lib/armv7e-m/fpu\libg_s.a(lib_a-exit.o) (_exit)

Allocating common symbols
Common symbol       size              file

player              0x10              ./Sources/main.o

Discarded input sections

 .text          0x00000000        0x0 c:/freescale/kds_v3/toolchain/bin/../lib/gcc/arm-none-eabi/4.8.4/armv7e-m/fpu/crti.o
 .data          0x00000000        0x0 c:/freescale/kds_v3/toolchain/bin/../lib/gcc/arm-none-eabi/4.8.4/armv7e-m/fpu/crti.o
 .bss           0x00000000        0x0 c:/freescale/kds_v3/toolchain/bin/../lib/gcc/arm-none-eabi/4.8.4/armv7e-m/fpu/crti.o
 .data          0x00000000        0x4 c:/freescale/kds_v3/toolchain/bin/../lib/gcc/arm-none-eabi/4.8.4/armv7e-m/fpu/crtbegin.o
 .data          0x00000000        0x0 c:/freescale/kds_v3/toolchain/bin/../lib/gcc/arm-none-eabi/4.8.4/../../../../arm-none-eabi/lib/armv7e-m/fpu/crt0.o
 .bss           0x00000000        0x0 c:/freescale/kds_v3/toolchain/bin/../lib/gcc/arm-none-eabi/4.8.4/../../../../arm-none-eabi/lib/armv7e-m/fpu/crt0.o
 .ARM.extab     0x00000000        0x0 c:/freescale/kds_v3/toolchain/bin/../lib/gcc/arm-none-eabi/4.8.4/../../../../arm-none-eabi/lib/armv7e-m/fpu/crt0.o
 .group         0x00000000        0x8 ./Sources/adc_control.o
 .group         0x00000000        0x8 ./Sources/adc_control.o
 .group         0x00000000        0x8 ./Sources/adc_control.o
 .group         0x00000000        0x8 ./Sources/adc_control.o
 .group         0x00000000        0x8 ./Sources/adc_control.o
 .group         0x00000000        0x8 ./Sources/adc_control.o
 .group         0x00000000        0x8 ./Sources/adc_control.o
 .group         0x00000000        0x8 ./Sources/adc_control.o
 .group         0x00000000        0x8 ./Sources/adc_control.o
 .group         0x00000000        0x8 ./Sources/adc_control.o
 .group         0x00000000        0x8 ./Sources/adc_control.o
 .group         0x00000000        0x8 ./Sources/adc_control.o
 .group         0x00000000        0x8 ./Sources/adc_control.o
 .group         0x00000000        0x8 ./Sources/adc_control.o
 .group         0x00000000        0x8 ./Sources/adc_control.o
 .group         0x00000000        0x8 ./Sources/adc_control.o
 .group         0x00000000        0x8 ./Sources/adc_control.o
 .group         0x00000000        0x8 ./Sources/adc_control.o
 .group         0x00000000        0x8 ./Sources/adc_control.o
 .group         0x00000000        0x8 ./Sources/adc_control.o
 .group         0x00000000        0x8 ./Sources/adc_control.o
 .group         0x00000000        0x8 ./Sources/adc_control.o
 .group         0x00000000        0x8 ./Sources/adc_control.o
 .group         0x00000000        0x8 ./Sources/adc_control.o
 .group         0x00000000        0x8 ./Sources/adc_control.o
 .group         0x00000000        0x8 ./Sources/adc_control.o
 .group         0x00000000        0x8 ./Sources/adc_control.o
 .text          0x00000000        0x0 ./Sources/adc_control.o
 .data          0x00000000        0x0 ./Sources/adc_control.o
 .bss           0x00000000        0x0 ./Sources/adc_control.o
 .text.adc_read
                0x00000000       0x3c ./Sources/adc_control.o
 .group         0x00000000        0x8 ./Sources/gpio_control.o
 .group         0x00000000        0x8 ./Sources/gpio_control.o
 .group         0x00000000        0x8 ./Sources/gpio_control.o
 .group         0x00000000        0x8 ./Sources/gpio_control.o
 .group         0x00000000        0x8 ./Sources/gpio_control.o
 .group         0x00000000        0x8 ./Sources/gpio_control.o
 .group         0x00000000        0x8 ./Sources/gpio_control.o
 .group         0x00000000        0x8 ./Sources/gpio_control.o
 .group         0x00000000        0x8 ./Sources/gpio_control.o
 .group         0x00000000        0x8 ./Sources/gpio_control.o
 .group         0x00000000        0x8 ./Sources/gpio_control.o
 .group         0x00000000        0x8 ./Sources/gpio_control.o
 .group         0x00000000        0x8 ./Sources/gpio_control.o
 .group         0x00000000        0x8 ./Sources/gpio_control.o
 .group         0x00000000        0x8 ./Sources/gpio_control.o
 .group         0x00000000        0x8 ./Sources/gpio_control.o
 .group         0x00000000        0x8 ./Sources/gpio_control.o
 .group         0x00000000        0x8 ./Sources/gpio_control.o
 .group         0x00000000        0x8 ./Sources/gpio_control.o
 .group         0x00000000        0x8 ./Sources/gpio_control.o
 .group         0x00000000        0x8 ./Sources/gpio_control.o
 .group         0x00000000        0x8 ./Sources/gpio_control.o
 .group         0x00000000        0x8 ./Sources/gpio_control.o
 .group         0x00000000        0x8 ./Sources/gpio_control.o
 .group         0x00000000        0x8 ./Sources/gpio_control.o
 .group         0x00000000        0x8 ./Sources/gpio_control.o
 .group         0x00000000        0x8 ./Sources/gpio_control.o
 .group         0x00000000        0x8 ./Sources/gpio_control.o
 .text          0x00000000        0x0 ./Sources/gpio_control.o
 .data          0x00000000        0x0 ./Sources/gpio_control.o
 .bss           0x00000000        0x0 ./Sources/gpio_control.o
 .debug_macro   0x00000000      0x856 ./Sources/gpio_control.o
 .debug_macro   0x00000000       0x11 ./Sources/gpio_control.o
 .debug_macro   0x00000000       0x16 ./Sources/gpio_control.o
 .debug_macro   0x00000000       0x16 ./Sources/gpio_control.o
 .debug_macro   0x00000000       0x44 ./Sources/gpio_control.o
 .debug_macro   0x00000000      0x209 ./Sources/gpio_control.o
 .debug_macro   0x00000000       0x56 ./Sources/gpio_control.o
 .debug_macro   0x00000000       0x3b ./Sources/gpio_control.o
 .debug_macro   0x00000000       0x34 ./Sources/gpio_control.o
 .debug_macro   0x00000000       0x26 ./Sources/gpio_control.o
 .debug_macro   0x00000000      0xd1d ./Sources/gpio_control.o
 .debug_macro   0x00000000       0x78 ./Sources/gpio_control.o
 .debug_macro   0x00000000    0x1773b ./Sources/gpio_control.o
 .debug_macro   0x00000000       0x58 ./Sources/gpio_control.o
 .debug_macro   0x00000000       0x35 ./Sources/gpio_control.o
 .debug_macro   0x00000000       0xa3 ./Sources/gpio_control.o
 .debug_macro   0x00000000       0x16 ./Sources/gpio_control.o
 .debug_macro   0x00000000      0x10e ./Sources/gpio_control.o
 .debug_macro   0x00000000       0x7f ./Sources/gpio_control.o
 .debug_macro   0x00000000       0x52 ./Sources/gpio_control.o
 .debug_macro   0x00000000       0x16 ./Sources/gpio_control.o
 .debug_macro   0x00000000       0x43 ./Sources/gpio_control.o
 .debug_macro   0x00000000      0x180 ./Sources/gpio_control.o
 .debug_macro   0x00000000       0x22 ./Sources/gpio_control.o
 .debug_macro   0x00000000       0x16 ./Sources/gpio_control.o
 .debug_macro   0x00000000    0x16273 ./Sources/gpio_control.o
 .debug_macro   0x00000000     0x1182 ./Sources/gpio_control.o
 .group         0x00000000        0x8 ./Sources/main.o
 .group         0x00000000        0x8 ./Sources/main.o
 .text          0x00000000        0x0 ./Sources/main.o
 .data          0x00000000        0x0 ./Sources/main.o
 .bss           0x00000000        0x0 ./Sources/main.o
 .data.leds     0x00000000       0x18 ./Sources/main.o
 .debug_macro   0x00000000      0x856 ./Sources/main.o
 .group         0x00000000        0x8 ./Sources/uart_control.o
 .group         0x00000000        0x8 ./Sources/uart_control.o
 .group         0x00000000        0x8 ./Sources/uart_control.o
 .group         0x00000000        0x8 ./Sources/uart_control.o
 .group         0x00000000        0x8 ./Sources/uart_control.o
 .group         0x00000000        0x8 ./Sources/uart_control.o
 .group         0x00000000        0x8 ./Sources/uart_control.o
 .group         0x00000000        0x8 ./Sources/uart_control.o
 .group         0x00000000        0x8 ./Sources/uart_control.o
 .group         0x00000000        0x8 ./Sources/uart_control.o
 .group         0x00000000        0x8 ./Sources/uart_control.o
 .group         0x00000000        0x8 ./Sources/uart_control.o
 .group         0x00000000        0x8 ./Sources/uart_control.o
 .group         0x00000000        0x8 ./Sources/uart_control.o
 .group         0x00000000        0x8 ./Sources/uart_control.o
 .group         0x00000000        0x8 ./Sources/uart_control.o
 .group         0x00000000        0x8 ./Sources/uart_control.o
 .group         0x00000000        0x8 ./Sources/uart_control.o
 .group         0x00000000        0x8 ./Sources/uart_control.o
 .group         0x00000000        0x8 ./Sources/uart_control.o
 .group         0x00000000        0x8 ./Sources/uart_control.o
 .group         0x00000000        0x8 ./Sources/uart_control.o
 .group         0x00000000        0x8 ./Sources/uart_control.o
 .group         0x00000000        0x8 ./Sources/uart_control.o
 .group         0x00000000        0x8 ./Sources/uart_control.o
 .group         0x00000000        0x8 ./Sources/uart_control.o
 .group         0x00000000        0x8 ./Sources/uart_control.o
 .text          0x00000000        0x0 ./Sources/uart_control.o
 .data          0x00000000        0x0 ./Sources/uart_control.o
 .bss           0x00000000        0x0 ./Sources/uart_control.o
 .text.get_char
                0x00000000       0x2c ./Sources/uart_control.o
 .text.get_line
                0x00000000       0x14 ./Sources/uart_control.o
 .text.out_char
                0x00000000       0x40 ./Sources/uart_control.o
 .text.put_string
                0x00000000       0x24 ./Sources/uart_control.o
 .debug_macro   0x00000000      0x856 ./Sources/uart_control.o
 .debug_macro   0x00000000       0x11 ./Sources/uart_control.o
 .debug_macro   0x00000000       0x16 ./Sources/uart_control.o
 .debug_macro   0x00000000       0x16 ./Sources/uart_control.o
 .debug_macro   0x00000000       0x44 ./Sources/uart_control.o
 .debug_macro   0x00000000      0x209 ./Sources/uart_control.o
 .debug_macro   0x00000000       0x56 ./Sources/uart_control.o
 .debug_macro   0x00000000       0x3b ./Sources/uart_control.o
 .debug_macro   0x00000000       0x34 ./Sources/uart_control.o
 .debug_macro   0x00000000       0x26 ./Sources/uart_control.o
 .debug_macro   0x00000000      0xd1d ./Sources/uart_control.o
 .debug_macro   0x00000000       0x78 ./Sources/uart_control.o
 .debug_macro   0x00000000    0x1773b ./Sources/uart_control.o
 .debug_macro   0x00000000       0x58 ./Sources/uart_control.o
 .debug_macro   0x00000000       0x35 ./Sources/uart_control.o
 .debug_macro   0x00000000       0xa3 ./Sources/uart_control.o
 .debug_macro   0x00000000       0x16 ./Sources/uart_control.o
 .debug_macro   0x00000000      0x10e ./Sources/uart_control.o
 .debug_macro   0x00000000       0x7f ./Sources/uart_control.o
 .debug_macro   0x00000000       0x52 ./Sources/uart_control.o
 .debug_macro   0x00000000       0x16 ./Sources/uart_control.o
 .debug_macro   0x00000000       0x43 ./Sources/uart_control.o
 .debug_macro   0x00000000      0x180 ./Sources/uart_control.o
 .debug_macro   0x00000000       0x22 ./Sources/uart_control.o
 .debug_macro   0x00000000       0x16 ./Sources/uart_control.o
 .debug_macro   0x00000000    0x16273 ./Sources/uart_control.o
 .debug_macro   0x00000000     0x1182 ./Sources/uart_control.o
 .group         0x00000000        0x8 ./Project_Settings/Startup_Code/startup.o
 .group         0x00000000        0x8 ./Project_Settings/Startup_Code/startup.o
 .group         0x00000000        0x8 ./Project_Settings/Startup_Code/startup.o
 .group         0x00000000        0x8 ./Project_Settings/Startup_Code/startup.o
 .group         0x00000000        0x8 ./Project_Settings/Startup_Code/startup.o
 .group         0x00000000        0x8 ./Project_Settings/Startup_Code/startup.o
 .group         0x00000000        0x8 ./Project_Settings/Startup_Code/startup.o
 .group         0x00000000        0x8 ./Project_Settings/Startup_Code/startup.o
 .group         0x00000000        0x8 ./Project_Settings/Startup_Code/startup.o
 .group         0x00000000        0x8 ./Project_Settings/Startup_Code/startup.o
 .group         0x00000000        0x8 ./Project_Settings/Startup_Code/startup.o
 .group         0x00000000        0x8 ./Project_Settings/Startup_Code/startup.o
 .group         0x00000000        0x8 ./Project_Settings/Startup_Code/startup.o
 .group         0x00000000        0x8 ./Project_Settings/Startup_Code/startup.o
 .group         0x00000000        0x8 ./Project_Settings/Startup_Code/startup.o
 .group         0x00000000        0x8 ./Project_Settings/Startup_Code/startup.o
 .group         0x00000000        0x8 ./Project_Settings/Startup_Code/startup.o
 .group         0x00000000        0x8 ./Project_Settings/Startup_Code/startup.o
 .group         0x00000000        0x8 ./Project_Settings/Startup_Code/startup.o
 .group         0x00000000        0x8 ./Project_Settings/Startup_Code/startup.o
 .group         0x00000000        0x8 ./Project_Settings/Startup_Code/startup.o
 .group         0x00000000        0x8 ./Project_Settings/Startup_Code/startup.o
 .group         0x00000000        0x8 ./Project_Settings/Startup_Code/startup.o
 .group         0x00000000        0x8 ./Project_Settings/Startup_Code/startup.o
 .group         0x00000000        0x8 ./Project_Settings/Startup_Code/startup.o
 .group         0x00000000        0x8 ./Project_Settings/Startup_Code/startup.o
 .group         0x00000000        0x8 ./Project_Settings/Startup_Code/startup.o
 .text          0x00000000        0x0 ./Project_Settings/Startup_Code/startup.o
 .data          0x00000000        0x0 ./Project_Settings/Startup_Code/startup.o
 .bss           0x00000000        0x0 ./Project_Settings/Startup_Code/startup.o
 .debug_macro   0x00000000      0x856 ./Project_Settings/Startup_Code/startup.o
 .debug_macro   0x00000000       0x11 ./Project_Settings/Startup_Code/startup.o
 .debug_macro   0x00000000       0x16 ./Project_Settings/Startup_Code/startup.o
 .debug_macro   0x00000000       0x16 ./Project_Settings/Startup_Code/startup.o
 .debug_macro   0x00000000       0x44 ./Project_Settings/Startup_Code/startup.o
 .debug_macro   0x00000000      0x209 ./Project_Settings/Startup_Code/startup.o
 .debug_macro   0x00000000       0x56 ./Project_Settings/Startup_Code/startup.o
 .debug_macro   0x00000000       0x3b ./Project_Settings/Startup_Code/startup.o
 .debug_macro   0x00000000       0x34 ./Project_Settings/Startup_Code/startup.o
 .debug_macro   0x00000000       0x26 ./Project_Settings/Startup_Code/startup.o
 .debug_macro   0x00000000      0xd1d ./Project_Settings/Startup_Code/startup.o
 .debug_macro   0x00000000       0x78 ./Project_Settings/Startup_Code/startup.o
 .debug_macro   0x00000000    0x1773b ./Project_Settings/Startup_Code/startup.o
 .debug_macro   0x00000000       0x58 ./Project_Settings/Startup_Code/startup.o
 .debug_macro   0x00000000       0x35 ./Project_Settings/Startup_Code/startup.o
 .debug_macro   0x00000000       0xa3 ./Project_Settings/Startup_Code/startup.o
 .debug_macro   0x00000000       0x16 ./Project_Settings/Startup_Code/startup.o
 .debug_macro   0x00000000      0x10e ./Project_Settings/Startup_Code/startup.o
 .debug_macro   0x00000000       0x7f ./Project_Settings/Startup_Code/startup.o
 .debug_macro   0x00000000       0x52 ./Project_Settings/Startup_Code/startup.o
 .debug_macro   0x00000000       0x16 ./Project_Settings/Startup_Code/startup.o
 .debug_macro   0x00000000       0x43 ./Project_Settings/Startup_Code/startup.o
 .debug_macro   0x00000000      0x180 ./Project_Settings/Startup_Code/startup.o
 .debug_macro   0x00000000       0x22 ./Project_Settings/Startup_Code/startup.o
 .debug_macro   0x00000000       0x16 ./Project_Settings/Startup_Code/startup.o
 .debug_macro   0x00000000    0x16273 ./Project_Settings/Startup_Code/startup.o
 .debug_macro   0x00000000     0x1182 ./Project_Settings/Startup_Code/startup.o
 .data          0x00000000        0x0 ./Project_Settings/Startup_Code/startup_MK64F12.o
 .bss           0x00000000        0x0 ./Project_Settings/Startup_Code/startup_MK64F12.o
 .group         0x00000000        0x8 ./Project_Settings/Startup_Code/system_MK64F12.o
 .group         0x00000000        0x8 ./Project_Settings/Startup_Code/system_MK64F12.o
 .group         0x00000000        0x8 ./Project_Settings/Startup_Code/system_MK64F12.o
 .group         0x00000000        0x8 ./Project_Settings/Startup_Code/system_MK64F12.o
 .group         0x00000000        0x8 ./Project_Settings/Startup_Code/system_MK64F12.o
 .group         0x00000000        0x8 ./Project_Settings/Startup_Code/system_MK64F12.o
 .group         0x00000000        0x8 ./Project_Settings/Startup_Code/system_MK64F12.o
 .group         0x00000000        0x8 ./Project_Settings/Startup_Code/system_MK64F12.o
 .group         0x00000000        0x8 ./Project_Settings/Startup_Code/system_MK64F12.o
 .group         0x00000000        0x8 ./Project_Settings/Startup_Code/system_MK64F12.o
 .group         0x00000000        0x8 ./Project_Settings/Startup_Code/system_MK64F12.o
 .group         0x00000000        0x8 ./Project_Settings/Startup_Code/system_MK64F12.o
 .group         0x00000000        0x8 ./Project_Settings/Startup_Code/system_MK64F12.o
 .group         0x00000000        0x8 ./Project_Settings/Startup_Code/system_MK64F12.o
 .group         0x00000000        0x8 ./Project_Settings/Startup_Code/system_MK64F12.o
 .group         0x00000000        0x8 ./Project_Settings/Startup_Code/system_MK64F12.o
 .group         0x00000000        0x8 ./Project_Settings/Startup_Code/system_MK64F12.o
 .group         0x00000000        0x8 ./Project_Settings/Startup_Code/system_MK64F12.o
 .group         0x00000000        0x8 ./Project_Settings/Startup_Code/system_MK64F12.o
 .group         0x00000000        0x8 ./Project_Settings/Startup_Code/system_MK64F12.o
 .group         0x00000000        0x8 ./Project_Settings/Startup_Code/system_MK64F12.o
 .group         0x00000000        0x8 ./Project_Settings/Startup_Code/system_MK64F12.o
 .group         0x00000000        0x8 ./Project_Settings/Startup_Code/system_MK64F12.o
 .group         0x00000000        0x8 ./Project_Settings/Startup_Code/system_MK64F12.o
 .group         0x00000000        0x8 ./Project_Settings/Startup_Code/system_MK64F12.o
 .group         0x00000000        0x8 ./Project_Settings/Startup_Code/system_MK64F12.o
 .text          0x00000000        0x0 ./Project_Settings/Startup_Code/system_MK64F12.o
 .data          0x00000000        0x0 ./Project_Settings/Startup_Code/system_MK64F12.o
 .bss           0x00000000        0x0 ./Project_Settings/Startup_Code/system_MK64F12.o
 .data.SystemCoreClock
                0x00000000        0x4 ./Project_Settings/Startup_Code/system_MK64F12.o
 .text.SystemCoreClockUpdate
                0x00000000      0x270 ./Project_Settings/Startup_Code/system_MK64F12.o
 .debug_macro   0x00000000      0x856 ./Project_Settings/Startup_Code/system_MK64F12.o
 .debug_macro   0x00000000       0x16 ./Project_Settings/Startup_Code/system_MK64F12.o
 .debug_macro   0x00000000       0x44 ./Project_Settings/Startup_Code/system_MK64F12.o
 .debug_macro   0x00000000      0x209 ./Project_Settings/Startup_Code/system_MK64F12.o
 .debug_macro   0x00000000       0x11 ./Project_Settings/Startup_Code/system_MK64F12.o
 .debug_macro   0x00000000       0x3b ./Project_Settings/Startup_Code/system_MK64F12.o
 .debug_macro   0x00000000       0x34 ./Project_Settings/Startup_Code/system_MK64F12.o
 .debug_macro   0x00000000       0x26 ./Project_Settings/Startup_Code/system_MK64F12.o
 .debug_macro   0x00000000      0xd1d ./Project_Settings/Startup_Code/system_MK64F12.o
 .debug_macro   0x00000000       0x78 ./Project_Settings/Startup_Code/system_MK64F12.o
 .debug_macro   0x00000000    0x1773b ./Project_Settings/Startup_Code/system_MK64F12.o
 .debug_macro   0x00000000       0x58 ./Project_Settings/Startup_Code/system_MK64F12.o
 .debug_macro   0x00000000       0x35 ./Project_Settings/Startup_Code/system_MK64F12.o
 .debug_macro   0x00000000       0xa3 ./Project_Settings/Startup_Code/system_MK64F12.o
 .debug_macro   0x00000000       0x16 ./Project_Settings/Startup_Code/system_MK64F12.o
 .debug_macro   0x00000000      0x10e ./Project_Settings/Startup_Code/system_MK64F12.o
 .debug_macro   0x00000000       0x7f ./Project_Settings/Startup_Code/system_MK64F12.o
 .debug_macro   0x00000000       0x52 ./Project_Settings/Startup_Code/system_MK64F12.o
 .debug_macro   0x00000000       0x16 ./Project_Settings/Startup_Code/system_MK64F12.o
 .debug_macro   0x00000000       0x43 ./Project_Settings/Startup_Code/system_MK64F12.o
 .debug_macro   0x00000000      0x180 ./Project_Settings/Startup_Code/system_MK64F12.o
 .debug_macro   0x00000000       0x22 ./Project_Settings/Startup_Code/system_MK64F12.o
 .debug_macro   0x00000000       0x16 ./Project_Settings/Startup_Code/system_MK64F12.o
 .debug_macro   0x00000000    0x16273 ./Project_Settings/Startup_Code/system_MK64F12.o
 .debug_macro   0x00000000     0x1182 ./Project_Settings/Startup_Code/system_MK64F12.o
 .text          0x00000000        0x0 c:/freescale/kds_v3/toolchain/bin/../lib/gcc/arm-none-eabi/4.8.4/../../../../arm-none-eabi/lib/armv7e-m/fpu\libg_s.a(lib_a-exit.o)
 .data          0x00000000        0x0 c:/freescale/kds_v3/toolchain/bin/../lib/gcc/arm-none-eabi/4.8.4/../../../../arm-none-eabi/lib/armv7e-m/fpu\libg_s.a(lib_a-exit.o)
 .bss           0x00000000        0x0 c:/freescale/kds_v3/toolchain/bin/../lib/gcc/arm-none-eabi/4.8.4/../../../../arm-none-eabi/lib/armv7e-m/fpu\libg_s.a(lib_a-exit.o)
 .text          0x00000000        0x0 c:/freescale/kds_v3/toolchain/bin/../lib/gcc/arm-none-eabi/4.8.4/../../../../arm-none-eabi/lib/armv7e-m/fpu\libg_s.a(lib_a-impure.o)
 .data          0x00000000        0x0 c:/freescale/kds_v3/toolchain/bin/../lib/gcc/arm-none-eabi/4.8.4/../../../../arm-none-eabi/lib/armv7e-m/fpu\libg_s.a(lib_a-impure.o)
 .bss           0x00000000        0x0 c:/freescale/kds_v3/toolchain/bin/../lib/gcc/arm-none-eabi/4.8.4/../../../../arm-none-eabi/lib/armv7e-m/fpu\libg_s.a(lib_a-impure.o)
 .data._impure_ptr
                0x00000000        0x4 c:/freescale/kds_v3/toolchain/bin/../lib/gcc/arm-none-eabi/4.8.4/../../../../arm-none-eabi/lib/armv7e-m/fpu\libg_s.a(lib_a-impure.o)
 .text          0x00000000        0x0 c:/freescale/kds_v3/toolchain/bin/../lib/gcc/arm-none-eabi/4.8.4/../../../../arm-none-eabi/lib/armv7e-m/fpu\libg_s.a(lib_a-init.o)
 .data          0x00000000        0x0 c:/freescale/kds_v3/toolchain/bin/../lib/gcc/arm-none-eabi/4.8.4/../../../../arm-none-eabi/lib/armv7e-m/fpu\libg_s.a(lib_a-init.o)
 .bss           0x00000000        0x0 c:/freescale/kds_v3/toolchain/bin/../lib/gcc/arm-none-eabi/4.8.4/../../../../arm-none-eabi/lib/armv7e-m/fpu\libg_s.a(lib_a-init.o)
 .text          0x00000000        0x0 c:/freescale/kds_v3/toolchain/bin/../lib/gcc/arm-none-eabi/4.8.4/../../../../arm-none-eabi/lib/armv7e-m/fpu\libg_s.a(lib_a-memset.o)
 .data          0x00000000        0x0 c:/freescale/kds_v3/toolchain/bin/../lib/gcc/arm-none-eabi/4.8.4/../../../../arm-none-eabi/lib/armv7e-m/fpu\libg_s.a(lib_a-memset.o)
 .bss           0x00000000        0x0 c:/freescale/kds_v3/toolchain/bin/../lib/gcc/arm-none-eabi/4.8.4/../../../../arm-none-eabi/lib/armv7e-m/fpu\libg_s.a(lib_a-memset.o)
 .text          0x00000000        0x0 c:/freescale/kds_v3/toolchain/bin/../lib/gcc/arm-none-eabi/4.8.4/../../../../arm-none-eabi/lib/armv7e-m/fpu\libnosys.a(_exit.o)
 .data          0x00000000        0x0 c:/freescale/kds_v3/toolchain/bin/../lib/gcc/arm-none-eabi/4.8.4/../../../../arm-none-eabi/lib/armv7e-m/fpu\libnosys.a(_exit.o)
 .bss           0x00000000        0x0 c:/freescale/kds_v3/toolchain/bin/../lib/gcc/arm-none-eabi/4.8.4/../../../../arm-none-eabi/lib/armv7e-m/fpu\libnosys.a(_exit.o)
 .text          0x00000000        0x0 c:/freescale/kds_v3/toolchain/bin/../lib/gcc/arm-none-eabi/4.8.4/armv7e-m/fpu/crtend.o
 .data          0x00000000        0x0 c:/freescale/kds_v3/toolchain/bin/../lib/gcc/arm-none-eabi/4.8.4/armv7e-m/fpu/crtend.o
 .bss           0x00000000        0x0 c:/freescale/kds_v3/toolchain/bin/../lib/gcc/arm-none-eabi/4.8.4/armv7e-m/fpu/crtend.o
 .eh_frame      0x00000000        0x4 c:/freescale/kds_v3/toolchain/bin/../lib/gcc/arm-none-eabi/4.8.4/armv7e-m/fpu/crtend.o
 .text          0x00000000        0x0 c:/freescale/kds_v3/toolchain/bin/../lib/gcc/arm-none-eabi/4.8.4/armv7e-m/fpu/crtn.o
 .data          0x00000000        0x0 c:/freescale/kds_v3/toolchain/bin/../lib/gcc/arm-none-eabi/4.8.4/armv7e-m/fpu/crtn.o
 .bss           0x00000000        0x0 c:/freescale/kds_v3/toolchain/bin/../lib/gcc/arm-none-eabi/4.8.4/armv7e-m/fpu/crtn.o

Memory Configuration

Name             Origin             Length             Attributes
m_interrupts     0x00000000         0x00000400         xr
m_flash_config   0x00000400         0x00000010         xr
m_text           0x00000410         0x000ffbf0         xr
m_data           0x1fff0000         0x00010000         rw
m_data_2         0x20000000         0x00030000         rw
*default*        0x00000000         0xffffffff

Linker script and memory map

LOAD c:/freescale/kds_v3/toolchain/bin/../lib/gcc/arm-none-eabi/4.8.4/armv7e-m/fpu/crti.o
LOAD c:/freescale/kds_v3/toolchain/bin/../lib/gcc/arm-none-eabi/4.8.4/armv7e-m/fpu/crtbegin.o
LOAD c:/freescale/kds_v3/toolchain/bin/../lib/gcc/arm-none-eabi/4.8.4/../../../../arm-none-eabi/lib/armv7e-m/fpu/crt0.o
LOAD ./Sources/adc_control.o
LOAD ./Sources/gpio_control.o
LOAD ./Sources/main.o
LOAD ./Sources/uart_control.o
LOAD ./Project_Settings/Startup_Code/startup.o
LOAD ./Project_Settings/Startup_Code/startup_MK64F12.o
LOAD ./Project_Settings/Startup_Code/system_MK64F12.o
LOAD c:/freescale/kds_v3/toolchain/bin/../lib/gcc/arm-none-eabi/4.8.4/../../../../arm-none-eabi/lib/armv7e-m/fpu\libstdc++_s.a
LOAD c:/freescale/kds_v3/toolchain/bin/../lib/gcc/arm-none-eabi/4.8.4/../../../../arm-none-eabi/lib/armv7e-m/fpu\libm.a
START GROUP
LOAD c:/freescale/kds_v3/toolchain/bin/../lib/gcc/arm-none-eabi/4.8.4/armv7e-m/fpu\libgcc.a
LOAD c:/freescale/kds_v3/toolchain/bin/../lib/gcc/arm-none-eabi/4.8.4/../../../../arm-none-eabi/lib/armv7e-m/fpu\libg_s.a
LOAD c:/freescale/kds_v3/toolchain/bin/../lib/gcc/arm-none-eabi/4.8.4/../../../../arm-none-eabi/lib/armv7e-m/fpu\libc_s.a
END GROUP
START GROUP
LOAD c:/freescale/kds_v3/toolchain/bin/../lib/gcc/arm-none-eabi/4.8.4/armv7e-m/fpu\libgcc.a
LOAD c:/freescale/kds_v3/toolchain/bin/../lib/gcc/arm-none-eabi/4.8.4/../../../../arm-none-eabi/lib/armv7e-m/fpu\libc_s.a
LOAD c:/freescale/kds_v3/toolchain/bin/../lib/gcc/arm-none-eabi/4.8.4/../../../../arm-none-eabi/lib/armv7e-m/fpu\libnosys.a
END GROUP
START GROUP
LOAD c:/freescale/kds_v3/toolchain/bin/../lib/gcc/arm-none-eabi/4.8.4/armv7e-m/fpu\libgcc.a
LOAD c:/freescale/kds_v3/toolchain/bin/../lib/gcc/arm-none-eabi/4.8.4/../../../../arm-none-eabi/lib/armv7e-m/fpu\libc_s.a
LOAD c:/freescale/kds_v3/toolchain/bin/../lib/gcc/arm-none-eabi/4.8.4/../../../../arm-none-eabi/lib/armv7e-m/fpu\libnosys.a
END GROUP
LOAD c:/freescale/kds_v3/toolchain/bin/../lib/gcc/arm-none-eabi/4.8.4/armv7e-m/fpu/crtend.o
LOAD c:/freescale/kds_v3/toolchain/bin/../lib/gcc/arm-none-eabi/4.8.4/armv7e-m/fpu/crtn.o
                0x00000400                HEAP_SIZE = DEFINED (__heap_size__)?__heap_size__:0x400
                0x00000400                STACK_SIZE = DEFINED (__stack_size__)?__stack_size__:0x400
                0x00000000                M_VECTOR_RAM_SIZE = DEFINED (__ram_vector_table__)?0x400:0x0

.interrupts     0x00000000      0x400
                0x00000000                __VECTOR_TABLE = .
                0x00000000                . = ALIGN (0x4)
 *(.isr_vector)
 .isr_vector    0x00000000      0x400 ./Project_Settings/Startup_Code/startup_MK64F12.o
                0x00000000                __isr_vector
                0x00000400                . = ALIGN (0x4)

.flash_config   0x00000400       0x10
                0x00000400                . = ALIGN (0x4)
 *(.FlashConfig)
 .FlashConfig   0x00000400       0x10 ./Project_Settings/Startup_Code/startup_MK64F12.o
                0x00000410                . = ALIGN (0x4)

.text           0x00000410      0x54c
                0x00000410                . = ALIGN (0x4)
 *(.text)
 .text          0x00000410       0x54 c:/freescale/kds_v3/toolchain/bin/../lib/gcc/arm-none-eabi/4.8.4/armv7e-m/fpu/crtbegin.o
 .text          0x00000464       0x74 c:/freescale/kds_v3/toolchain/bin/../lib/gcc/arm-none-eabi/4.8.4/../../../../arm-none-eabi/lib/armv7e-m/fpu/crt0.o
                0x00000464                _start
                0x00000464                _mainCRTStartup
 .text          0x000004d8       0x14 ./Project_Settings/Startup_Code/startup_MK64F12.o
                0x000004d8                Reset_Handler
                0x000004e8                DebugMon_Handler
                0x000004e8                I2C0_IRQHandler
                0x000004e8                HardFault_Handler
                0x000004e8                SysTick_Handler
                0x000004e8                UART3_RX_TX_IRQHandler
                0x000004e8                PendSV_Handler
                0x000004e8                NMI_Handler
                0x000004e8                UART0_RX_TX_IRQHandler
                0x000004e8                I2C1_IRQHandler
                0x000004e8                DMA2_IRQHandler
                0x000004e8                ENET_Error_IRQHandler
                0x000004e8                CAN0_Tx_Warning_IRQHandler
                0x000004e8                PIT0_IRQHandler
                0x000004e8                CAN0_ORed_Message_buffer_IRQHandler
                0x000004e8                CMP2_IRQHandler
                0x000004e8                LLWU_IRQHandler
                0x000004e8                ENET_Receive_IRQHandler
                0x000004e8                ENET_1588_Timer_IRQHandler
                0x000004e8                UART2_RX_TX_IRQHandler
                0x000004e8                SWI_IRQHandler
                0x000004e8                ADC0_IRQHandler
                0x000004e8                UsageFault_Handler
                0x000004e8                I2S0_Tx_IRQHandler
                0x000004e8                CMT_IRQHandler
                0x000004e8                UART4_RX_TX_IRQHandler
                0x000004e8                SPI1_IRQHandler
                0x000004e8                DefaultISR
                0x000004e8                DMA9_IRQHandler
                0x000004e8                DMA14_IRQHandler
                0x000004e8                CMP1_IRQHandler
                0x000004e8                Reserved71_IRQHandler
                0x000004e8                PORTD_IRQHandler
                0x000004e8                PORTB_IRQHandler
                0x000004e8                UART4_ERR_IRQHandler
                0x000004e8                ADC1_IRQHandler
                0x000004e8                I2C2_IRQHandler
                0x000004e8                PIT2_IRQHandler
                0x000004e8                I2S0_Rx_IRQHandler
                0x000004e8                DMA5_IRQHandler
                0x000004e8                RTC_IRQHandler
                0x000004e8                PDB0_IRQHandler
                0x000004e8                CAN0_Rx_Warning_IRQHandler
                0x000004e8                FTM1_IRQHandler
                0x000004e8                UART5_RX_TX_IRQHandler
                0x000004e8                UART3_ERR_IRQHandler
                0x000004e8                PIT3_IRQHandler
                0x000004e8                SDHC_IRQHandler
                0x000004e8                RTC_Seconds_IRQHandler
                0x000004e8                MCG_IRQHandler
                0x000004e8                FTFE_IRQHandler
                0x000004e8                UART2_ERR_IRQHandler
                0x000004e8                DMA11_IRQHandler
                0x000004e8                UART5_ERR_IRQHandler
                0x000004e8                Read_Collision_IRQHandler
                0x000004e8                DMA7_IRQHandler
                0x000004e8                ENET_Transmit_IRQHandler
                0x000004e8                USBDCD_IRQHandler
                0x000004e8                USB0_IRQHandler
                0x000004e8                SPI2_IRQHandler
                0x000004e8                WDOG_EWM_IRQHandler
                0x000004e8                MemManage_Handler
                0x000004e8                SVC_Handler
                0x000004e8                DMA13_IRQHandler
                0x000004e8                DMA3_IRQHandler
                0x000004e8                UART0_LON_IRQHandler
                0x000004e8                RNG_IRQHandler
                0x000004e8                DMA0_IRQHandler
                0x000004e8                DMA15_IRQHandler
                0x000004e8                DAC0_IRQHandler
                0x000004e8                CAN0_Error_IRQHandler
                0x000004e8                DMA4_IRQHandler
                0x000004e8                PIT1_IRQHandler
                0x000004e8                UART0_ERR_IRQHandler
                0x000004e8                DMA_Error_IRQHandler
                0x000004e8                LVD_LVW_IRQHandler
                0x000004e8                SPI0_IRQHandler
                0x000004e8                FTM0_IRQHandler
                0x000004e8                PORTA_IRQHandler
                0x000004e8                DAC1_IRQHandler
                0x000004e8                MCM_IRQHandler
                0x000004e8                DMA12_IRQHandler
                0x000004e8                CAN0_Bus_Off_IRQHandler
                0x000004e8                FTM3_IRQHandler
                0x000004e8                PORTE_IRQHandler
                0x000004e8                FTM2_IRQHandler
                0x000004e8                LPTMR0_IRQHandler
                0x000004e8                BusFault_Handler
                0x000004e8                DMA8_IRQHandler
                0x000004e8                DMA10_IRQHandler
                0x000004e8                CAN0_Wake_Up_IRQHandler
                0x000004e8                UART1_ERR_IRQHandler
                0x000004e8                UART1_RX_TX_IRQHandler
                0x000004e8                CMP0_IRQHandler
                0x000004e8                PORTC_IRQHandler
                0x000004e8                DMA6_IRQHandler
                0x000004e8                DMA1_IRQHandler
 *(.text*)
 .text.adc_init
                0x000004ec       0x38 ./Sources/adc_control.o
                0x000004ec                adc_init
 .text.gpio_init
                0x00000524       0x80 ./Sources/gpio_control.o
                0x00000524                gpio_init
 .text.read_switch
                0x000005a4       0x48 ./Sources/gpio_control.o
                0x000005a4                read_switch
 .text.set_leds
                0x000005ec       0x60 ./Sources/gpio_control.o
                0x000005ec                set_leds
 .text.set_led_on
                0x0000064c       0x48 ./Sources/gpio_control.o
                0x0000064c                set_led_on
 .text.main     0x00000694       0x4c ./Sources/main.o
                0x00000694                main
 .text.check_power_switch
                0x000006e0       0x20 ./Sources/main.o
                0x000006e0                check_power_switch
 .text.process_game_message
                0x00000700       0x24 ./Sources/main.o
                0x00000700                process_game_message
 .text.send_player_message
                0x00000724        0xc ./Sources/main.o
                0x00000724                send_player_message
 .text.uart_init
                0x00000730       0x7c ./Sources/uart_control.o
                0x00000730                uart_init
 .text.init_data_bss
                0x000007ac       0xcc ./Project_Settings/Startup_Code/startup.o
                0x000007ac                init_data_bss
 .text.SystemInit
                0x00000878       0x3c ./Project_Settings/Startup_Code/system_MK64F12.o
                0x00000878                SystemInit
 .text.exit     0x000008b4       0x28 c:/freescale/kds_v3/toolchain/bin/../lib/gcc/arm-none-eabi/4.8.4/../../../../arm-none-eabi/lib/armv7e-m/fpu\libg_s.a(lib_a-exit.o)
                0x000008b4                exit
 .text.__libc_init_array
                0x000008dc       0x4c c:/freescale/kds_v3/toolchain/bin/../lib/gcc/arm-none-eabi/4.8.4/../../../../arm-none-eabi/lib/armv7e-m/fpu\libg_s.a(lib_a-init.o)
                0x000008dc                __libc_init_array
 .text.memset   0x00000928       0x10 c:/freescale/kds_v3/toolchain/bin/../lib/gcc/arm-none-eabi/4.8.4/../../../../arm-none-eabi/lib/armv7e-m/fpu\libg_s.a(lib_a-memset.o)
                0x00000928                memset
 .text._exit    0x00000938        0x4 c:/freescale/kds_v3/toolchain/bin/../lib/gcc/arm-none-eabi/4.8.4/../../../../arm-none-eabi/lib/armv7e-m/fpu\libnosys.a(_exit.o)
                0x00000938                _exit
 *(.rodata)
 *(.rodata*)
 .rodata.str1.1
                0x0000093c        0x2 c:/freescale/kds_v3/toolchain/bin/../lib/gcc/arm-none-eabi/4.8.4/../../../../arm-none-eabi/lib/armv7e-m/fpu\libg_s.a(lib_a-impure.o)
 *fill*         0x0000093e        0x2 
 .rodata._global_impure_ptr
                0x00000940        0x4 c:/freescale/kds_v3/toolchain/bin/../lib/gcc/arm-none-eabi/4.8.4/../../../../arm-none-eabi/lib/armv7e-m/fpu\libg_s.a(lib_a-impure.o)
                0x00000940                _global_impure_ptr
 *(.glue_7)
 .glue_7        0x00000000        0x0 linker stubs
 *(.glue_7t)
 .glue_7t       0x00000000        0x0 linker stubs
 *(.eh_frame)
 .eh_frame      0x00000944        0x0 c:/freescale/kds_v3/toolchain/bin/../lib/gcc/arm-none-eabi/4.8.4/armv7e-m/fpu/crtbegin.o
 *(.init)
 .init          0x00000944        0x4 c:/freescale/kds_v3/toolchain/bin/../lib/gcc/arm-none-eabi/4.8.4/armv7e-m/fpu/crti.o
                0x00000944                _init
 .init          0x00000948        0x8 c:/freescale/kds_v3/toolchain/bin/../lib/gcc/arm-none-eabi/4.8.4/armv7e-m/fpu/crtn.o
 *(.fini)
 .fini          0x00000950        0x4 c:/freescale/kds_v3/toolchain/bin/../lib/gcc/arm-none-eabi/4.8.4/armv7e-m/fpu/crti.o
                0x00000950                _fini
 .fini          0x00000954        0x8 c:/freescale/kds_v3/toolchain/bin/../lib/gcc/arm-none-eabi/4.8.4/armv7e-m/fpu/crtn.o
                0x0000095c                . = ALIGN (0x4)

.vfp11_veneer   0x0000095c        0x0
 .vfp11_veneer  0x00000000        0x0 linker stubs

.v4_bx          0x0000095c        0x0
 .v4_bx         0x00000000        0x0 linker stubs

.iplt           0x0000095c        0x0
 .iplt          0x00000000        0x0 c:/freescale/kds_v3/toolchain/bin/../lib/gcc/arm-none-eabi/4.8.4/armv7e-m/fpu/crtbegin.o

.ARM.extab
 *(.ARM.extab* .gnu.linkonce.armextab.*)

.ARM            0x0000095c        0x8
                0x0000095c                __exidx_start = .
 *(.ARM.exidx*)
 .ARM.exidx     0x0000095c        0x8 c:/freescale/kds_v3/toolchain/bin/../lib/gcc/arm-none-eabi/4.8.4/../../../../arm-none-eabi/lib/armv7e-m/fpu/crt0.o
                0x00000964                __exidx_end = .

.rel.dyn        0x00000964        0x0
 .rel.iplt      0x00000000        0x0 c:/freescale/kds_v3/toolchain/bin/../lib/gcc/arm-none-eabi/4.8.4/armv7e-m/fpu/crtbegin.o

.ctors          0x00000964        0x0
                0x00000964                __CTOR_LIST__ = .
 *crtbegin.o(.ctors)
 *crtbegin?.o(.ctors)
 *(EXCLUDE_FILE(*crtend.o *crtend?.o) .ctors)
 *(SORT(.ctors.*))
 *(.ctors)
                0x00000964                __CTOR_END__ = .

.dtors          0x00000964        0x0
                0x00000964                __DTOR_LIST__ = .
 *crtbegin.o(.dtors)
 *crtbegin?.o(.dtors)
 *(EXCLUDE_FILE(*crtend.o *crtend?.o) .dtors)
 *(SORT(.dtors.*))
 *(.dtors)
                0x00000964                __DTOR_END__ = .

.preinit_array  0x00000964        0x0
                0x00000964                PROVIDE (__preinit_array_start, .)
 *(.preinit_array*)
                0x00000964                PROVIDE (__preinit_array_end, .)

.init_array     0x00000964        0x4
                0x00000964                PROVIDE (__init_array_start, .)
 *(SORT(.init_array.*))
 *(.init_array*)
 .init_array    0x00000964        0x4 c:/freescale/kds_v3/toolchain/bin/../lib/gcc/arm-none-eabi/4.8.4/armv7e-m/fpu/crtbegin.o
                0x00000968                PROVIDE (__init_array_end, .)

.fini_array     0x00000968        0x4
                0x00000968                PROVIDE (__fini_array_start, .)
 *(SORT(.fini_array.*))
 *(.fini_array*)
 .fini_array    0x00000968        0x4 c:/freescale/kds_v3/toolchain/bin/../lib/gcc/arm-none-eabi/4.8.4/armv7e-m/fpu/crtbegin.o
                0x0000096c                PROVIDE (__fini_array_end, .)
                0x0000096c                __etext = .
                0x0000096c                __DATA_ROM = .

.interrupts_ram
                0x1fff0000        0x0
                0x1fff0000                . = ALIGN (0x4)
                0x1fff0000                __VECTOR_RAM__ = .
                0x1fff0000                __interrupts_ram_start__ = .
 *(.m_interrupts_ram)
                0x1fff0000                . = (. + M_VECTOR_RAM_SIZE)
                0x1fff0000                . = ALIGN (0x4)
                0x1fff0000                __interrupts_ram_end__ = .
                0x00000000                __VECTOR_RAM = DEFINED (__ram_vector_table__)?__VECTOR_RAM__:ORIGIN (m_interrupts)
                0x00000000                __RAM_VECTOR_TABLE_SIZE_BYTES = DEFINED (__ram_vector_table__)?(__interrupts_ram_end__ - __interrupts_ram_start__):0x0

.data           0x1fff0000       0x7c load address 0x0000096c
                0x1fff0000                . = ALIGN (0x4)
                0x1fff0000                __DATA_RAM = .
                0x1fff0000                __data_start__ = .
 *(.data)
 *(.data*)
 .data.leds     0x1fff0000       0x18 ./Sources/gpio_control.o
                0x1fff0000                leds
 .data.impure_data
                0x1fff0018       0x60 c:/freescale/kds_v3/toolchain/bin/../lib/gcc/arm-none-eabi/4.8.4/../../../../arm-none-eabi/lib/armv7e-m/fpu\libg_s.a(lib_a-impure.o)
 *(.jcr*)
 .jcr           0x1fff0078        0x0 c:/freescale/kds_v3/toolchain/bin/../lib/gcc/arm-none-eabi/4.8.4/armv7e-m/fpu/crtbegin.o
 .jcr           0x1fff0078        0x4 c:/freescale/kds_v3/toolchain/bin/../lib/gcc/arm-none-eabi/4.8.4/armv7e-m/fpu/crtend.o
                0x1fff007c                . = ALIGN (0x4)
                0x1fff007c                __data_end__ = .
                0x000009e8                __DATA_END = (__DATA_ROM + (__data_end__ - __data_start__))
                0x00100000                text_end = (ORIGIN (m_text) + 0xffbf0)
                0x00000001                ASSERT ((__DATA_END <= text_end), region m_text overflowed with text and data)

.igot.plt       0x1fff007c        0x0 load address 0x000009e8
 .igot.plt      0x00000000        0x0 c:/freescale/kds_v3/toolchain/bin/../lib/gcc/arm-none-eabi/4.8.4/armv7e-m/fpu/crtbegin.o

.bss            0x1fff007c       0x30 load address 0x000009e8
                0x1fff007c                . = ALIGN (0x4)
                0x1fff007c                __START_BSS = .
                0x1fff007c                __bss_start__ = .
 *(.bss)
 .bss           0x1fff007c       0x1c c:/freescale/kds_v3/toolchain/bin/../lib/gcc/arm-none-eabi/4.8.4/armv7e-m/fpu/crtbegin.o
 *(.bss*)
 .bss.power_on  0x1fff0098        0x1 ./Sources/main.o
                0x1fff0098                power_on
 .bss.connected
                0x1fff0099        0x1 ./Sources/main.o
                0x1fff0099                connected
 *(COMMON)
 *fill*         0x1fff009a        0x2 
 COMMON         0x1fff009c       0x10 ./Sources/main.o
                0x1fff009c                player
                0x1fff00ac                . = ALIGN (0x4)
                0x1fff00ac                __bss_end__ = .
                0x1fff00ac                __END_BSS = .

.heap           0x20000000      0x400
                0x20000000                . = ALIGN (0x8)
                0x20000000                __end__ = .
                0x20000000                PROVIDE (end, .)
                0x20000000                __HeapBase = .
                0x20000400                . = (. + HEAP_SIZE)
 *fill*         0x20000000      0x400 
                0x20000400                __HeapLimit = .

.stack          0x20000400      0x400
                0x20000400                . = ALIGN (0x8)
                0x20000800                . = (. + STACK_SIZE)
 *fill*         0x20000400      0x400 
                0x20030000                __StackTop = (ORIGIN (m_data_2) + 0x30000)
                0x2002fc00                __StackLimit = (__StackTop - STACK_SIZE)
                0x20030000                PROVIDE (__stack, __StackTop)

.ARM.attributes
                0x00000000       0x30
 *(.ARM.attributes)
 .ARM.attributes
                0x00000000       0x22 c:/freescale/kds_v3/toolchain/bin/../lib/gcc/arm-none-eabi/4.8.4/armv7e-m/fpu/crti.o
 .ARM.attributes
                0x00000022       0x34 c:/freescale/kds_v3/toolchain/bin/../lib/gcc/arm-none-eabi/4.8.4/armv7e-m/fpu/crtbegin.o
 .ARM.attributes
                0x00000056       0x20 c:/freescale/kds_v3/toolchain/bin/../lib/gcc/arm-none-eabi/4.8.4/../../../../arm-none-eabi/lib/armv7e-m/fpu/crt0.o
 .ARM.attributes
                0x00000076       0x39 ./Sources/adc_control.o
 .ARM.attributes
                0x000000af       0x39 ./Sources/gpio_control.o
 .ARM.attributes
                0x000000e8       0x39 ./Sources/main.o
 .ARM.attributes
                0x00000121       0x39 ./Sources/uart_control.o
 .ARM.attributes
                0x0000015a       0x39 ./Project_Settings/Startup_Code/startup.o
 .ARM.attributes
                0x00000193       0x1f ./Project_Settings/Startup_Code/startup_MK64F12.o
 .ARM.attributes
                0x000001b2       0x39 ./Project_Settings/Startup_Code/system_MK64F12.o
 .ARM.attributes
                0x000001eb       0x34 c:/freescale/kds_v3/toolchain/bin/../lib/gcc/arm-none-eabi/4.8.4/../../../../arm-none-eabi/lib/armv7e-m/fpu\libg_s.a(lib_a-exit.o)
 .ARM.attributes
                0x0000021f       0x34 c:/freescale/kds_v3/toolchain/bin/../lib/gcc/arm-none-eabi/4.8.4/../../../../arm-none-eabi/lib/armv7e-m/fpu\libg_s.a(lib_a-impure.o)
 .ARM.attributes
                0x00000253       0x34 c:/freescale/kds_v3/toolchain/bin/../lib/gcc/arm-none-eabi/4.8.4/../../../../arm-none-eabi/lib/armv7e-m/fpu\libg_s.a(lib_a-init.o)
 .ARM.attributes
                0x00000287       0x34 c:/freescale/kds_v3/toolchain/bin/../lib/gcc/arm-none-eabi/4.8.4/../../../../arm-none-eabi/lib/armv7e-m/fpu\libg_s.a(lib_a-memset.o)
 .ARM.attributes
                0x000002bb       0x34 c:/freescale/kds_v3/toolchain/bin/../lib/gcc/arm-none-eabi/4.8.4/../../../../arm-none-eabi/lib/armv7e-m/fpu\libnosys.a(_exit.o)
 .ARM.attributes
                0x000002ef       0x34 c:/freescale/kds_v3/toolchain/bin/../lib/gcc/arm-none-eabi/4.8.4/armv7e-m/fpu/crtend.o
 .ARM.attributes
                0x00000323       0x22 c:/freescale/kds_v3/toolchain/bin/../lib/gcc/arm-none-eabi/4.8.4/armv7e-m/fpu/crtn.o
                0x00000001                ASSERT ((__StackLimit >= __HeapLimit), region m_data_2 overflowed with stack and heap)
OUTPUT(project.elf elf32-littlearm)

.debug_info     0x00000000     0x1a60
 .debug_info    0x00000000      0x435 ./Sources/adc_control.o
 .debug_info    0x00000435      0x4c0 ./Sources/gpio_control.o
 .debug_info    0x000008f5      0x16b ./Sources/main.o
 .debug_info    0x00000a60      0x5c4 ./Sources/uart_control.o
 .debug_info    0x00001024      0x3a7 ./Project_Settings/Startup_Code/startup.o
 .debug_info    0x000013cb       0x85 ./Project_Settings/Startup_Code/startup_MK64F12.o
 .debug_info    0x00001450      0x610 ./Project_Settings/Startup_Code/system_MK64F12.o

.debug_abbrev   0x00000000      0x739
 .debug_abbrev  0x00000000       0xf6 ./Sources/adc_control.o
 .debug_abbrev  0x000000f6      0x1b4 ./Sources/gpio_control.o
 .debug_abbrev  0x000002aa       0xf3 ./Sources/main.o
 .debug_abbrev  0x0000039d      0x174 ./Sources/uart_control.o
 .debug_abbrev  0x00000511       0xfa ./Project_Settings/Startup_Code/startup.o
 .debug_abbrev  0x0000060b       0x14 ./Project_Settings/Startup_Code/startup_MK64F12.o
 .debug_abbrev  0x0000061f      0x11a ./Project_Settings/Startup_Code/system_MK64F12.o

.debug_aranges  0x00000000      0x140
 .debug_aranges
                0x00000000       0x28 ./Sources/adc_control.o
 .debug_aranges
                0x00000028       0x38 ./Sources/gpio_control.o
 .debug_aranges
                0x00000060       0x38 ./Sources/main.o
 .debug_aranges
                0x00000098       0x40 ./Sources/uart_control.o
 .debug_aranges
                0x000000d8       0x20 ./Project_Settings/Startup_Code/startup.o
 .debug_aranges
                0x000000f8       0x20 ./Project_Settings/Startup_Code/startup_MK64F12.o
 .debug_aranges
                0x00000118       0x28 ./Project_Settings/Startup_Code/system_MK64F12.o

.debug_ranges   0x00000000       0xc0
 .debug_ranges  0x00000000       0x18 ./Sources/adc_control.o
 .debug_ranges  0x00000018       0x28 ./Sources/gpio_control.o
 .debug_ranges  0x00000040       0x28 ./Sources/main.o
 .debug_ranges  0x00000068       0x30 ./Sources/uart_control.o
 .debug_ranges  0x00000098       0x10 ./Project_Settings/Startup_Code/startup.o
 .debug_ranges  0x000000a8       0x18 ./Project_Settings/Startup_Code/system_MK64F12.o

.debug_macro    0x00000000    0x311df
 .debug_macro   0x00000000      0x171 ./Sources/adc_control.o
 .debug_macro   0x00000171      0x856 ./Sources/adc_control.o
 .debug_macro   0x000009c7       0x11 ./Sources/adc_control.o
 .debug_macro   0x000009d8       0x16 ./Sources/adc_control.o
 .debug_macro   0x000009ee       0x16 ./Sources/adc_control.o
 .debug_macro   0x00000a04       0x44 ./Sources/adc_control.o
 .debug_macro   0x00000a48      0x209 ./Sources/adc_control.o
 .debug_macro   0x00000c51       0x56 ./Sources/adc_control.o
 .debug_macro   0x00000ca7       0x3b ./Sources/adc_control.o
 .debug_macro   0x00000ce2       0x34 ./Sources/adc_control.o
 .debug_macro   0x00000d16       0x26 ./Sources/adc_control.o
 .debug_macro   0x00000d3c      0xd1d ./Sources/adc_control.o
 .debug_macro   0x00001a59       0x78 ./Sources/adc_control.o
 .debug_macro   0x00001ad1    0x1773b ./Sources/adc_control.o
 .debug_macro   0x0001920c       0x58 ./Sources/adc_control.o
 .debug_macro   0x00019264       0x35 ./Sources/adc_control.o
 .debug_macro   0x00019299       0xa3 ./Sources/adc_control.o
 .debug_macro   0x0001933c       0x16 ./Sources/adc_control.o
 .debug_macro   0x00019352      0x10e ./Sources/adc_control.o
 .debug_macro   0x00019460       0x7f ./Sources/adc_control.o
 .debug_macro   0x000194df       0x52 ./Sources/adc_control.o
 .debug_macro   0x00019531       0x16 ./Sources/adc_control.o
 .debug_macro   0x00019547       0x43 ./Sources/adc_control.o
 .debug_macro   0x0001958a      0x180 ./Sources/adc_control.o
 .debug_macro   0x0001970a       0x22 ./Sources/adc_control.o
 .debug_macro   0x0001972c       0x16 ./Sources/adc_control.o
 .debug_macro   0x00019742    0x16273 ./Sources/adc_control.o
 .debug_macro   0x0002f9b5     0x1182 ./Sources/adc_control.o
 .debug_macro   0x00030b37      0x180 ./Sources/gpio_control.o
 .debug_macro   0x00030cb7       0x1c ./Sources/gpio_control.o
 .debug_macro   0x00030cd3       0x3e ./Sources/main.o
 .debug_macro   0x00030d11       0x22 ./Sources/main.o
 .debug_macro   0x00030d33      0x171 ./Sources/uart_control.o
 .debug_macro   0x00030ea4      0x171 ./Project_Settings/Startup_Code/startup.o
 .debug_macro   0x00031015      0x162 ./Project_Settings/Startup_Code/system_MK64F12.o
 .debug_macro   0x00031177       0x68 ./Project_Settings/Startup_Code/system_MK64F12.o

.debug_line     0x00000000     0x12bf
 .debug_line    0x00000000      0x35e ./Sources/adc_control.o
 .debug_line    0x0000035e      0x3ac ./Sources/gpio_control.o
 .debug_line    0x0000070a       0xc3 ./Sources/main.o
 .debug_line    0x000007cd      0x3a5 ./Sources/uart_control.o
 .debug_line    0x00000b72      0x358 ./Project_Settings/Startup_Code/startup.o
 .debug_line    0x00000eca       0x6a ./Project_Settings/Startup_Code/startup_MK64F12.o
 .debug_line    0x00000f34      0x38b ./Project_Settings/Startup_Code/system_MK64F12.o

.debug_str      0x00000000   0x19cd63
 .debug_str     0x00000000   0x19c87b ./Sources/adc_control.o
                             0x19ca6e (size before relaxing)
 .debug_str     0x0019c87b      0x118 ./Sources/gpio_control.o
                             0x19caef (size before relaxing)
 .debug_str     0x0019c993       0xb9 ./Sources/main.o
                               0x2575 (size before relaxing)
 .debug_str     0x0019ca4c       0xc4 ./Sources/uart_control.o
                             0x19cae6 (size before relaxing)
 .debug_str     0x0019cb10      0x15e ./Project_Settings/Startup_Code/startup.o
                             0x19ca73 (size before relaxing)
 .debug_str     0x0019cc6e       0xf5 ./Project_Settings/Startup_Code/system_MK64F12.o
                             0x19cb2e (size before relaxing)

.comment        0x00000000       0x70
 .comment       0x00000000       0x70 ./Sources/adc_control.o
                                 0x71 (size before relaxing)
 .comment       0x00000000       0x71 ./Sources/gpio_control.o
 .comment       0x00000000       0x71 ./Sources/main.o
 .comment       0x00000000       0x71 ./Sources/uart_control.o
 .comment       0x00000000       0x71 ./Project_Settings/Startup_Code/startup.o
 .comment       0x00000000       0x71 ./Project_Settings/Startup_Code/system_MK64F12.o

.debug_frame    0x00000000      0x2d8
 .debug_frame   0x00000000       0x40 ./Sources/adc_control.o
 .debug_frame   0x00000040       0x84 ./Sources/gpio_control.o
 .debug_frame   0x000000c4       0x78 ./Sources/main.o
 .debug_frame   0x0000013c       0x98 ./Sources/uart_control.o
 .debug_frame   0x000001d4       0x2c ./Project_Settings/Startup_Code/startup.o
 .debug_frame   0x00000200       0x44 ./Project_Settings/Startup_Code/system_MK64F12.o
 .debug_frame   0x00000244       0x28 c:/freescale/kds_v3/toolchain/bin/../lib/gcc/arm-none-eabi/4.8.4/../../../../arm-none-eabi/lib/armv7e-m/fpu\libg_s.a(lib_a-exit.o)
 .debug_frame   0x0000026c       0x2c c:/freescale/kds_v3/toolchain/bin/../lib/gcc/arm-none-eabi/4.8.4/../../../../arm-none-eabi/lib/armv7e-m/fpu\libg_s.a(lib_a-init.o)
 .debug_frame   0x00000298       0x20 c:/freescale/kds_v3/toolchain/bin/../lib/gcc/arm-none-eabi/4.8.4/../../../../arm-none-eabi/lib/armv7e-m/fpu\libg_s.a(lib_a-memset.o)
 .debug_frame   0x000002b8       0x20 c:/freescale/kds_v3/toolchain/bin/../lib/gcc/arm-none-eabi/4.8.4/../../../../arm-none-eabi/lib/armv7e-m/fpu\libnosys.a(_exit.o)
